Archive member included because of file (symbol)

.\CortexM3\ARM_GCC_493\Debug\RPPSOC-Blink8.a(cyfitter_cfg.o)
                              .\CortexM3\ARM_GCC_493\Debug\Cm3Start.o (cyfitter_cfg)
.\CortexM3\ARM_GCC_493\Debug\RPPSOC-Blink8.a(CyBootAsmGnu.o)
                              .\CortexM3\ARM_GCC_493\Debug\RPPSOC-Blink8.a(cyfitter_cfg.o) (CyDelayCycles)
.\CortexM3\ARM_GCC_493\Debug\RPPSOC-Blink8.a(CyDmac.o)
                              .\CortexM3\ARM_GCC_493\Debug\Cm3Start.o (CyDmacConfigure)
.\CortexM3\ARM_GCC_493\Debug\RPPSOC-Blink8.a(CyLib.o)
                              .\CortexM3\ARM_GCC_493\Debug\Cm3Start.o (CyHalt)
.\CortexM3\ARM_GCC_493\Debug\RPPSOC-Blink8.a(cyPm.o)
                              .\CortexM3\ARM_GCC_493\Debug\RPPSOC-Blink8.a(CyLib.o) (CyPmReadStatus)
.\CortexM3\ARM_GCC_493\Debug\RPPSOC-Blink8.a(WaveDAC8.o)
                              .\CortexM3\ARM_GCC_493\Debug\main.o (WaveDAC8_Start)
.\CortexM3\ARM_GCC_493\Debug\RPPSOC-Blink8.a(WaveDAC8_DacClk.o)
                              .\CortexM3\ARM_GCC_493\Debug\RPPSOC-Blink8.a(WaveDAC8.o) (WaveDAC8_DacClk_Start)
.\CortexM3\ARM_GCC_493\Debug\RPPSOC-Blink8.a(WaveDAC8_Wave1_DMA_dma.o)
                              .\CortexM3\ARM_GCC_493\Debug\RPPSOC-Blink8.a(WaveDAC8.o) (WaveDAC8_Wave1_DMA_DmaInitialize)
.\CortexM3\ARM_GCC_493\Debug\RPPSOC-Blink8.a(WaveDAC8_Wave2_DMA_dma.o)
                              .\CortexM3\ARM_GCC_493\Debug\RPPSOC-Blink8.a(WaveDAC8.o) (WaveDAC8_Wave2_DMA_DmaInitialize)
.\CortexM3\ARM_GCC_493\Debug\RPPSOC-Blink8.a(WaveDAC8_VDAC8.o)
                              .\CortexM3\ARM_GCC_493\Debug\RPPSOC-Blink8.a(WaveDAC8.o) (WaveDAC8_VDAC8_Enable)
.\CortexM3\ARM_GCC_493\Debug\RPPSOC-Blink8.a(CyFlash.o)
                              .\CortexM3\ARM_GCC_493\Debug\RPPSOC-Blink8.a(cyPm.o) (CyFlash_SetWaitCycles)
.\CortexM3\ARM_GCC_493\Debug\RPPSOC-Blink8.a(CySpc.o)
                              .\CortexM3\ARM_GCC_493\Debug\RPPSOC-Blink8.a(CyFlash.o) (CySpcStart)
c:/program files (x86)/cypress/psoc creator/3.3/psoc creator/import/gnu/arm/4.9.3/bin/../lib/gcc/arm-none-eabi/4.9.3/../../../../arm-none-eabi/lib/armv7-m\libg_nano.a(lib_a-errno.o)
                              .\CortexM3\ARM_GCC_493\Debug\Cm3Start.o (__errno)
c:/program files (x86)/cypress/psoc creator/3.3/psoc creator/import/gnu/arm/4.9.3/bin/../lib/gcc/arm-none-eabi/4.9.3/../../../../arm-none-eabi/lib/armv7-m\libg_nano.a(lib_a-exit.o)
                              c:/program files (x86)/cypress/psoc creator/3.3/psoc creator/import/gnu/arm/4.9.3/bin/../lib/gcc/arm-none-eabi/4.9.3/../../../../arm-none-eabi/lib/armv7-m/crt0.o (exit)
c:/program files (x86)/cypress/psoc creator/3.3/psoc creator/import/gnu/arm/4.9.3/bin/../lib/gcc/arm-none-eabi/4.9.3/../../../../arm-none-eabi/lib/armv7-m\libg_nano.a(lib_a-impure.o)
                              c:/program files (x86)/cypress/psoc creator/3.3/psoc creator/import/gnu/arm/4.9.3/bin/../lib/gcc/arm-none-eabi/4.9.3/../../../../arm-none-eabi/lib/armv7-m\libg_nano.a(lib_a-exit.o) (_global_impure_ptr)
c:/program files (x86)/cypress/psoc creator/3.3/psoc creator/import/gnu/arm/4.9.3/bin/../lib/gcc/arm-none-eabi/4.9.3/../../../../arm-none-eabi/lib/armv7-m\libg_nano.a(lib_a-init.o)
                              c:/program files (x86)/cypress/psoc creator/3.3/psoc creator/import/gnu/arm/4.9.3/bin/../lib/gcc/arm-none-eabi/4.9.3/../../../../arm-none-eabi/lib/armv7-m/crt0.o (__libc_init_array)
c:/program files (x86)/cypress/psoc creator/3.3/psoc creator/import/gnu/arm/4.9.3/bin/../lib/gcc/arm-none-eabi/4.9.3/../../../../arm-none-eabi/lib/armv7-m\libg_nano.a(lib_a-memcpy.o)
                              .\CortexM3\ARM_GCC_493\Debug\RPPSOC-Blink8.a(cyfitter_cfg.o) (memcpy)
c:/program files (x86)/cypress/psoc creator/3.3/psoc creator/import/gnu/arm/4.9.3/bin/../lib/gcc/arm-none-eabi/4.9.3/../../../../arm-none-eabi/lib/armv7-m\libg_nano.a(lib_a-memset.o)
                              c:/program files (x86)/cypress/psoc creator/3.3/psoc creator/import/gnu/arm/4.9.3/bin/../lib/gcc/arm-none-eabi/4.9.3/../../../../arm-none-eabi/lib/armv7-m/crt0.o (memset)

Allocating common symbols
Common symbol       size              file

dieTemperature      0x2               .\CortexM3\ARM_GCC_493\Debug\RPPSOC-Blink8.a(CyFlash.o)

Discarded input sections

 .text          0x00000000        0x0 c:/program files (x86)/cypress/psoc creator/3.3/psoc creator/import/gnu/arm/4.9.3/bin/../lib/gcc/arm-none-eabi/4.9.3/armv7-m/crti.o
 .data          0x00000000        0x0 c:/program files (x86)/cypress/psoc creator/3.3/psoc creator/import/gnu/arm/4.9.3/bin/../lib/gcc/arm-none-eabi/4.9.3/armv7-m/crti.o
 .bss           0x00000000        0x0 c:/program files (x86)/cypress/psoc creator/3.3/psoc creator/import/gnu/arm/4.9.3/bin/../lib/gcc/arm-none-eabi/4.9.3/armv7-m/crti.o
 .data          0x00000000        0x4 c:/program files (x86)/cypress/psoc creator/3.3/psoc creator/import/gnu/arm/4.9.3/bin/../lib/gcc/arm-none-eabi/4.9.3/armv7-m/crtbegin.o
 .text          0x00000000       0x74 c:/program files (x86)/cypress/psoc creator/3.3/psoc creator/import/gnu/arm/4.9.3/bin/../lib/gcc/arm-none-eabi/4.9.3/../../../../arm-none-eabi/lib/armv7-m/crt0.o
 .data          0x00000000        0x0 c:/program files (x86)/cypress/psoc creator/3.3/psoc creator/import/gnu/arm/4.9.3/bin/../lib/gcc/arm-none-eabi/4.9.3/../../../../arm-none-eabi/lib/armv7-m/crt0.o
 .bss           0x00000000        0x0 c:/program files (x86)/cypress/psoc creator/3.3/psoc creator/import/gnu/arm/4.9.3/bin/../lib/gcc/arm-none-eabi/4.9.3/../../../../arm-none-eabi/lib/armv7-m/crt0.o
 .ARM.extab     0x00000000        0x0 c:/program files (x86)/cypress/psoc creator/3.3/psoc creator/import/gnu/arm/4.9.3/bin/../lib/gcc/arm-none-eabi/4.9.3/../../../../arm-none-eabi/lib/armv7-m/crt0.o
 .ARM.exidx     0x00000000        0x8 c:/program files (x86)/cypress/psoc creator/3.3/psoc creator/import/gnu/arm/4.9.3/bin/../lib/gcc/arm-none-eabi/4.9.3/../../../../arm-none-eabi/lib/armv7-m/crt0.o
 .text          0x00000000        0x0 .\CortexM3\ARM_GCC_493\Debug\main.o
 .data          0x00000000        0x0 .\CortexM3\ARM_GCC_493\Debug\main.o
 .bss           0x00000000        0x0 .\CortexM3\ARM_GCC_493\Debug\main.o
 .text          0x00000000        0x0 .\CortexM3\ARM_GCC_493\Debug\cymetadata.o
 .data          0x00000000        0x0 .\CortexM3\ARM_GCC_493\Debug\cymetadata.o
 .bss           0x00000000        0x0 .\CortexM3\ARM_GCC_493\Debug\cymetadata.o
 .text          0x00000000        0x0 .\CortexM3\ARM_GCC_493\Debug\Cm3Start.o
 .data          0x00000000        0x4 .\CortexM3\ARM_GCC_493\Debug\Cm3Start.o
 .bss           0x00000000        0x0 .\CortexM3\ARM_GCC_493\Debug\Cm3Start.o
 .text._exit    0x00000000        0xc .\CortexM3\ARM_GCC_493\Debug\Cm3Start.o
 .text._sbrk    0x00000000       0x30 .\CortexM3\ARM_GCC_493\Debug\Cm3Start.o
 .text          0x00000000        0x0 .\CortexM3\ARM_GCC_493\Debug\RPPSOC-Blink8.a(cyfitter_cfg.o)
 .data          0x00000000        0x0 .\CortexM3\ARM_GCC_493\Debug\RPPSOC-Blink8.a(cyfitter_cfg.o)
 .bss           0x00000000        0x0 .\CortexM3\ARM_GCC_493\Debug\RPPSOC-Blink8.a(cyfitter_cfg.o)
 .text.SetAnalogRoutingPumps
                0x00000000       0x1c .\CortexM3\ARM_GCC_493\Debug\RPPSOC-Blink8.a(cyfitter_cfg.o)
 .data          0x00000000        0x0 .\CortexM3\ARM_GCC_493\Debug\RPPSOC-Blink8.a(CyBootAsmGnu.o)
 .bss           0x00000000        0x0 .\CortexM3\ARM_GCC_493\Debug\RPPSOC-Blink8.a(CyBootAsmGnu.o)
 .text          0x00000000        0x0 .\CortexM3\ARM_GCC_493\Debug\RPPSOC-Blink8.a(CyDmac.o)
 .bss           0x00000000        0x0 .\CortexM3\ARM_GCC_493\Debug\RPPSOC-Blink8.a(CyDmac.o)
 .text.CyDmacError
                0x00000000       0x10 .\CortexM3\ARM_GCC_493\Debug\RPPSOC-Blink8.a(CyDmac.o)
 .text.CyDmacClearError
                0x00000000       0x10 .\CortexM3\ARM_GCC_493\Debug\RPPSOC-Blink8.a(CyDmac.o)
 .text.CyDmacErrorAddress
                0x00000000        0xc .\CortexM3\ARM_GCC_493\Debug\RPPSOC-Blink8.a(CyDmac.o)
 .text.CyDmaChAlloc
                0x00000000       0x38 .\CortexM3\ARM_GCC_493\Debug\RPPSOC-Blink8.a(CyDmac.o)
 .text.CyDmaChFree
                0x00000000       0x2c .\CortexM3\ARM_GCC_493\Debug\RPPSOC-Blink8.a(CyDmac.o)
 .text.CyDmaChDisable
                0x00000000       0x24 .\CortexM3\ARM_GCC_493\Debug\RPPSOC-Blink8.a(CyDmac.o)
 .text.CyDmaClearPendingDrq
                0x00000000       0x28 .\CortexM3\ARM_GCC_493\Debug\RPPSOC-Blink8.a(CyDmac.o)
 .text.CyDmaChSetRequest
                0x00000000       0x20 .\CortexM3\ARM_GCC_493\Debug\RPPSOC-Blink8.a(CyDmac.o)
 .text.CyDmaChGetRequest
                0x00000000       0x1c .\CortexM3\ARM_GCC_493\Debug\RPPSOC-Blink8.a(CyDmac.o)
 .text.CyDmaChStatus
                0x00000000       0x30 .\CortexM3\ARM_GCC_493\Debug\RPPSOC-Blink8.a(CyDmac.o)
 .text.CyDmaTdFree
                0x00000000       0x30 .\CortexM3\ARM_GCC_493\Debug\RPPSOC-Blink8.a(CyDmac.o)
 .text.CyDmaTdFreeCount
                0x00000000       0x10 .\CortexM3\ARM_GCC_493\Debug\RPPSOC-Blink8.a(CyDmac.o)
 .text.CyDmaTdGetConfiguration
                0x00000000       0x4c .\CortexM3\ARM_GCC_493\Debug\RPPSOC-Blink8.a(CyDmac.o)
 .text.CyDmaTdGetAddress
                0x00000000       0x34 .\CortexM3\ARM_GCC_493\Debug\RPPSOC-Blink8.a(CyDmac.o)
 .text.CyDmaChRoundRobin
                0x00000000       0x30 .\CortexM3\ARM_GCC_493\Debug\RPPSOC-Blink8.a(CyDmac.o)
 .text          0x00000000        0x0 .\CortexM3\ARM_GCC_493\Debug\RPPSOC-Blink8.a(CyLib.o)
 .data          0x00000000       0x10 .\CortexM3\ARM_GCC_493\Debug\RPPSOC-Blink8.a(CyLib.o)
 .bss           0x00000000       0x1c .\CortexM3\ARM_GCC_493\Debug\RPPSOC-Blink8.a(CyLib.o)
 .text.CyUSB_PowerOnCheck
                0x00000000       0x48 .\CortexM3\ARM_GCC_493\Debug\RPPSOC-Blink8.a(CyLib.o)
 .text.CyBusClk_Internal_SetDivider
                0x00000000       0x48 .\CortexM3\ARM_GCC_493\Debug\RPPSOC-Blink8.a(CyLib.o)
 .text.CyPLL_OUT_Stop
                0x00000000       0x10 .\CortexM3\ARM_GCC_493\Debug\RPPSOC-Blink8.a(CyLib.o)
 .text.CyIMO_Stop
                0x00000000       0x1c .\CortexM3\ARM_GCC_493\Debug\RPPSOC-Blink8.a(CyLib.o)
 .text.CyIMO_EnableDoubler
                0x00000000       0x10 .\CortexM3\ARM_GCC_493\Debug\RPPSOC-Blink8.a(CyLib.o)
 .text.CyIMO_DisableDoubler
                0x00000000       0x10 .\CortexM3\ARM_GCC_493\Debug\RPPSOC-Blink8.a(CyLib.o)
 .text.CyMasterClk_SetSource
                0x00000000       0x18 .\CortexM3\ARM_GCC_493\Debug\RPPSOC-Blink8.a(CyLib.o)
 .text.CyMasterClk_SetDivider
                0x00000000        0xc .\CortexM3\ARM_GCC_493\Debug\RPPSOC-Blink8.a(CyLib.o)
 .text.CyBusClk_SetDivider
                0x00000000       0x70 .\CortexM3\ARM_GCC_493\Debug\RPPSOC-Blink8.a(CyLib.o)
 .text.CyUsbClk_SetSource
                0x00000000       0x18 .\CortexM3\ARM_GCC_493\Debug\RPPSOC-Blink8.a(CyLib.o)
 .text.CyILO_Start1K
                0x00000000       0x10 .\CortexM3\ARM_GCC_493\Debug\RPPSOC-Blink8.a(CyLib.o)
 .text.CyILO_Stop1K
                0x00000000       0x10 .\CortexM3\ARM_GCC_493\Debug\RPPSOC-Blink8.a(CyLib.o)
 .text.CyILO_Start100K
                0x00000000       0x10 .\CortexM3\ARM_GCC_493\Debug\RPPSOC-Blink8.a(CyLib.o)
 .text.CyILO_Stop100K
                0x00000000       0x10 .\CortexM3\ARM_GCC_493\Debug\RPPSOC-Blink8.a(CyLib.o)
 .text.CyPLL_OUT_Start
                0x00000000       0x78 .\CortexM3\ARM_GCC_493\Debug\RPPSOC-Blink8.a(CyLib.o)
 .text.CyIMO_Start
                0x00000000       0x60 .\CortexM3\ARM_GCC_493\Debug\RPPSOC-Blink8.a(CyLib.o)
 .text.CyILO_Enable33K
                0x00000000       0x10 .\CortexM3\ARM_GCC_493\Debug\RPPSOC-Blink8.a(CyLib.o)
 .text.CyILO_Disable33K
                0x00000000       0x10 .\CortexM3\ARM_GCC_493\Debug\RPPSOC-Blink8.a(CyLib.o)
 .text.CyILO_SetSource
                0x00000000       0x18 .\CortexM3\ARM_GCC_493\Debug\RPPSOC-Blink8.a(CyLib.o)
 .text.CyILO_SetPowerMode
                0x00000000       0x24 .\CortexM3\ARM_GCC_493\Debug\RPPSOC-Blink8.a(CyLib.o)
 .text.CyXTAL_32KHZ_Stop
                0x00000000       0x30 .\CortexM3\ARM_GCC_493\Debug\RPPSOC-Blink8.a(CyLib.o)
 .text.CyXTAL_32KHZ_ReadStatus
                0x00000000       0x10 .\CortexM3\ARM_GCC_493\Debug\RPPSOC-Blink8.a(CyLib.o)
 .text.CyXTAL_Start
                0x00000000       0xac .\CortexM3\ARM_GCC_493\Debug\RPPSOC-Blink8.a(CyLib.o)
 .text.CyXTAL_Stop
                0x00000000       0x10 .\CortexM3\ARM_GCC_493\Debug\RPPSOC-Blink8.a(CyLib.o)
 .text.CyXTAL_EnableErrStatus
                0x00000000       0x10 .\CortexM3\ARM_GCC_493\Debug\RPPSOC-Blink8.a(CyLib.o)
 .text.CyXTAL_DisableErrStatus
                0x00000000       0x10 .\CortexM3\ARM_GCC_493\Debug\RPPSOC-Blink8.a(CyLib.o)
 .text.CyXTAL_ReadStatus
                0x00000000       0x18 .\CortexM3\ARM_GCC_493\Debug\RPPSOC-Blink8.a(CyLib.o)
 .text.CyXTAL_EnableFaultRecovery
                0x00000000       0x10 .\CortexM3\ARM_GCC_493\Debug\RPPSOC-Blink8.a(CyLib.o)
 .text.CyXTAL_DisableFaultRecovery
                0x00000000       0x10 .\CortexM3\ARM_GCC_493\Debug\RPPSOC-Blink8.a(CyLib.o)
 .text.CyXTAL_SetStartup
                0x00000000       0x18 .\CortexM3\ARM_GCC_493\Debug\RPPSOC-Blink8.a(CyLib.o)
 .text.CyXTAL_SetFbVoltage
                0x00000000       0x18 .\CortexM3\ARM_GCC_493\Debug\RPPSOC-Blink8.a(CyLib.o)
 .text.CyXTAL_SetWdVoltage
                0x00000000       0x18 .\CortexM3\ARM_GCC_493\Debug\RPPSOC-Blink8.a(CyLib.o)
 .text.CyHalt   0x00000000        0x4 .\CortexM3\ARM_GCC_493\Debug\RPPSOC-Blink8.a(CyLib.o)
 .text.CyPLL_OUT_SetPQ
                0x00000000       0x60 .\CortexM3\ARM_GCC_493\Debug\RPPSOC-Blink8.a(CyLib.o)
 .text.CyPLL_OUT_SetSource
                0x00000000       0x34 .\CortexM3\ARM_GCC_493\Debug\RPPSOC-Blink8.a(CyLib.o)
 .text.CyIMO_SetTrimValue
                0x00000000       0xcc .\CortexM3\ARM_GCC_493\Debug\RPPSOC-Blink8.a(CyLib.o)
 .text.CyIMO_SetFreq
                0x00000000       0xf4 .\CortexM3\ARM_GCC_493\Debug\RPPSOC-Blink8.a(CyLib.o)
 .text.CyIMO_SetSource
                0x00000000       0x58 .\CortexM3\ARM_GCC_493\Debug\RPPSOC-Blink8.a(CyLib.o)
 .text.CySoftwareReset
                0x00000000       0x10 .\CortexM3\ARM_GCC_493\Debug\RPPSOC-Blink8.a(CyLib.o)
 .text.CyDelay  0x00000000       0x2c .\CortexM3\ARM_GCC_493\Debug\RPPSOC-Blink8.a(CyLib.o)
 .text.CyDelayUs
                0x00000000       0x14 .\CortexM3\ARM_GCC_493\Debug\RPPSOC-Blink8.a(CyLib.o)
 .text.CyXTAL_32KHZ_SetPowerMode
                0x00000000       0x84 .\CortexM3\ARM_GCC_493\Debug\RPPSOC-Blink8.a(CyLib.o)
 .text.CyXTAL_32KHZ_Start
                0x00000000       0x70 .\CortexM3\ARM_GCC_493\Debug\RPPSOC-Blink8.a(CyLib.o)
 .text.CyDelayFreq
                0x00000000       0x4c .\CortexM3\ARM_GCC_493\Debug\RPPSOC-Blink8.a(CyLib.o)
 .text.CyWdtStart
                0x00000000       0x40 .\CortexM3\ARM_GCC_493\Debug\RPPSOC-Blink8.a(CyLib.o)
 .text.CyWdtClear
                0x00000000        0xc .\CortexM3\ARM_GCC_493\Debug\RPPSOC-Blink8.a(CyLib.o)
 .text.CyVdStickyStatus
                0x00000000       0x2c .\CortexM3\ARM_GCC_493\Debug\RPPSOC-Blink8.a(CyLib.o)
 .text.CyVdLvDigitEnable
                0x00000000       0x84 .\CortexM3\ARM_GCC_493\Debug\RPPSOC-Blink8.a(CyLib.o)
 .text.CyVdLvAnalogEnable
                0x00000000       0x80 .\CortexM3\ARM_GCC_493\Debug\RPPSOC-Blink8.a(CyLib.o)
 .text.CyVdLvDigitDisable
                0x00000000       0x30 .\CortexM3\ARM_GCC_493\Debug\RPPSOC-Blink8.a(CyLib.o)
 .text.CyVdLvAnalogDisable
                0x00000000       0x28 .\CortexM3\ARM_GCC_493\Debug\RPPSOC-Blink8.a(CyLib.o)
 .text.CyVdHvAnalogEnable
                0x00000000       0x54 .\CortexM3\ARM_GCC_493\Debug\RPPSOC-Blink8.a(CyLib.o)
 .text.CyVdHvAnalogDisable
                0x00000000       0x20 .\CortexM3\ARM_GCC_493\Debug\RPPSOC-Blink8.a(CyLib.o)
 .text.CyVdRealTimeStatus
                0x00000000       0x1c .\CortexM3\ARM_GCC_493\Debug\RPPSOC-Blink8.a(CyLib.o)
 .text.CyDisableInts
                0x00000000       0x1c .\CortexM3\ARM_GCC_493\Debug\RPPSOC-Blink8.a(CyLib.o)
 .text.CyEnableInts
                0x00000000       0x18 .\CortexM3\ARM_GCC_493\Debug\RPPSOC-Blink8.a(CyLib.o)
 .text.CyFlushCache
                0x00000000       0x44 .\CortexM3\ARM_GCC_493\Debug\RPPSOC-Blink8.a(CyLib.o)
 .text.CyIntSetSysVector
                0x00000000       0x28 .\CortexM3\ARM_GCC_493\Debug\RPPSOC-Blink8.a(CyLib.o)
 .text.CyIntGetSysVector
                0x00000000       0x20 .\CortexM3\ARM_GCC_493\Debug\RPPSOC-Blink8.a(CyLib.o)
 .text.CyIntSetVector
                0x00000000       0x28 .\CortexM3\ARM_GCC_493\Debug\RPPSOC-Blink8.a(CyLib.o)
 .text.CyIntGetVector
                0x00000000       0x24 .\CortexM3\ARM_GCC_493\Debug\RPPSOC-Blink8.a(CyLib.o)
 .text.CyIntSetPriority
                0x00000000       0x30 .\CortexM3\ARM_GCC_493\Debug\RPPSOC-Blink8.a(CyLib.o)
 .text.CyIntGetPriority
                0x00000000       0x20 .\CortexM3\ARM_GCC_493\Debug\RPPSOC-Blink8.a(CyLib.o)
 .text.CyIntGetState
                0x00000000       0x24 .\CortexM3\ARM_GCC_493\Debug\RPPSOC-Blink8.a(CyLib.o)
 .text.CySysTickStop
                0x00000000       0x10 .\CortexM3\ARM_GCC_493\Debug\RPPSOC-Blink8.a(CyLib.o)
 .text.CySysTickEnableInterrupt
                0x00000000       0x10 .\CortexM3\ARM_GCC_493\Debug\RPPSOC-Blink8.a(CyLib.o)
 .text.CySysTickEnable
                0x00000000       0x18 .\CortexM3\ARM_GCC_493\Debug\RPPSOC-Blink8.a(CyLib.o)
 .text.CySysTickDisableInterrupt
                0x00000000       0x10 .\CortexM3\ARM_GCC_493\Debug\RPPSOC-Blink8.a(CyLib.o)
 .text.CySysTickSetReload
                0x00000000       0x10 .\CortexM3\ARM_GCC_493\Debug\RPPSOC-Blink8.a(CyLib.o)
 .text.CySysTickGetReload
                0x00000000       0x10 .\CortexM3\ARM_GCC_493\Debug\RPPSOC-Blink8.a(CyLib.o)
 .text.CySysTickGetValue
                0x00000000       0x10 .\CortexM3\ARM_GCC_493\Debug\RPPSOC-Blink8.a(CyLib.o)
 .text.CySysTickSetClockSource
                0x00000000       0x20 .\CortexM3\ARM_GCC_493\Debug\RPPSOC-Blink8.a(CyLib.o)
 .text.CySysTickGetCountFlag
                0x00000000       0x10 .\CortexM3\ARM_GCC_493\Debug\RPPSOC-Blink8.a(CyLib.o)
 .text.CySysTickServiceCallbacks
                0x00000000       0x28 .\CortexM3\ARM_GCC_493\Debug\RPPSOC-Blink8.a(CyLib.o)
 .text.CySysTickClear
                0x00000000        0xc .\CortexM3\ARM_GCC_493\Debug\RPPSOC-Blink8.a(CyLib.o)
 .text.CySysTickInit
                0x00000000       0x58 .\CortexM3\ARM_GCC_493\Debug\RPPSOC-Blink8.a(CyLib.o)
 .text.CySysTickStart
                0x00000000       0x1c .\CortexM3\ARM_GCC_493\Debug\RPPSOC-Blink8.a(CyLib.o)
 .text.CySysTickSetCallback
                0x00000000       0x10 .\CortexM3\ARM_GCC_493\Debug\RPPSOC-Blink8.a(CyLib.o)
 .text.CySysTickGetCallback
                0x00000000       0x10 .\CortexM3\ARM_GCC_493\Debug\RPPSOC-Blink8.a(CyLib.o)
 .text.CyGetUniqueId
                0x00000000       0x70 .\CortexM3\ARM_GCC_493\Debug\RPPSOC-Blink8.a(CyLib.o)
 .text          0x00000000        0x0 .\CortexM3\ARM_GCC_493\Debug\RPPSOC-Blink8.a(cyPm.o)
 .data          0x00000000        0x0 .\CortexM3\ARM_GCC_493\Debug\RPPSOC-Blink8.a(cyPm.o)
 .bss           0x00000000       0x44 .\CortexM3\ARM_GCC_493\Debug\RPPSOC-Blink8.a(cyPm.o)
 .text.CyPmHibSlpSaveSet
                0x00000000      0x1dc .\CortexM3\ARM_GCC_493\Debug\RPPSOC-Blink8.a(cyPm.o)
 .text.CyPmHibSlpRestore
                0x00000000       0xd4 .\CortexM3\ARM_GCC_493\Debug\RPPSOC-Blink8.a(cyPm.o)
 .text.CyPmHviLviSaveDisable
                0x00000000       0xa0 .\CortexM3\ARM_GCC_493\Debug\RPPSOC-Blink8.a(cyPm.o)
 .text.CyPmHibSaveSet
                0x00000000       0x8c .\CortexM3\ARM_GCC_493\Debug\RPPSOC-Blink8.a(cyPm.o)
 .text.CyPmHviLviRestore
                0x00000000       0x48 .\CortexM3\ARM_GCC_493\Debug\RPPSOC-Blink8.a(cyPm.o)
 .text.CyPmHibRestore
                0x00000000       0x58 .\CortexM3\ARM_GCC_493\Debug\RPPSOC-Blink8.a(cyPm.o)
 .text.CyPmSaveClocks
                0x00000000      0x218 .\CortexM3\ARM_GCC_493\Debug\RPPSOC-Blink8.a(cyPm.o)
 .text.CyPmRestoreClocks
                0x00000000      0x24c .\CortexM3\ARM_GCC_493\Debug\RPPSOC-Blink8.a(cyPm.o)
 .text.CyPmAltAct
                0x00000000       0x6c .\CortexM3\ARM_GCC_493\Debug\RPPSOC-Blink8.a(cyPm.o)
 .text.CyPmSleep
                0x00000000       0xf4 .\CortexM3\ARM_GCC_493\Debug\RPPSOC-Blink8.a(cyPm.o)
 .text.CyPmHibernateEx
                0x00000000       0xf4 .\CortexM3\ARM_GCC_493\Debug\RPPSOC-Blink8.a(cyPm.o)
 .text.CyPmHibernate
                0x00000000        0xc .\CortexM3\ARM_GCC_493\Debug\RPPSOC-Blink8.a(cyPm.o)
 .text.CyPmReadStatus
                0x00000000       0x30 .\CortexM3\ARM_GCC_493\Debug\RPPSOC-Blink8.a(cyPm.o)
 .text.CyPmCtwSetInterval
                0x00000000       0x5c .\CortexM3\ARM_GCC_493\Debug\RPPSOC-Blink8.a(cyPm.o)
 .text.CyPmOppsSet
                0x00000000       0x2c .\CortexM3\ARM_GCC_493\Debug\RPPSOC-Blink8.a(cyPm.o)
 .text.CyPmFtwSetInterval
                0x00000000       0x5c .\CortexM3\ARM_GCC_493\Debug\RPPSOC-Blink8.a(cyPm.o)
 .rodata        0x00000000       0x10 .\CortexM3\ARM_GCC_493\Debug\RPPSOC-Blink8.a(cyPm.o)
 .text          0x00000000        0x0 .\CortexM3\ARM_GCC_493\Debug\RPPSOC-Blink8.a(WaveDAC8.o)
 .data          0x00000000        0x0 .\CortexM3\ARM_GCC_493\Debug\RPPSOC-Blink8.a(WaveDAC8.o)
 .text.WaveDAC8_Stop
                0x00000000       0x20 .\CortexM3\ARM_GCC_493\Debug\RPPSOC-Blink8.a(WaveDAC8.o)
 .text.WaveDAC8_StartEx
                0x00000000       0x18 .\CortexM3\ARM_GCC_493\Debug\RPPSOC-Blink8.a(WaveDAC8.o)
 .text          0x00000000        0x0 .\CortexM3\ARM_GCC_493\Debug\RPPSOC-Blink8.a(WaveDAC8_DacClk.o)
 .data          0x00000000        0x0 .\CortexM3\ARM_GCC_493\Debug\RPPSOC-Blink8.a(WaveDAC8_DacClk.o)
 .bss           0x00000000        0x0 .\CortexM3\ARM_GCC_493\Debug\RPPSOC-Blink8.a(WaveDAC8_DacClk.o)
 .text.WaveDAC8_DacClk_Stop
                0x00000000       0x1c .\CortexM3\ARM_GCC_493\Debug\RPPSOC-Blink8.a(WaveDAC8_DacClk.o)
 .text.WaveDAC8_DacClk_StopBlock
                0x00000000       0x6c .\CortexM3\ARM_GCC_493\Debug\RPPSOC-Blink8.a(WaveDAC8_DacClk.o)
 .text.WaveDAC8_DacClk_StandbyPower
                0x00000000       0x20 .\CortexM3\ARM_GCC_493\Debug\RPPSOC-Blink8.a(WaveDAC8_DacClk.o)
 .text.WaveDAC8_DacClk_GetDividerRegister
                0x00000000        0xc .\CortexM3\ARM_GCC_493\Debug\RPPSOC-Blink8.a(WaveDAC8_DacClk.o)
 .text.WaveDAC8_DacClk_SetModeRegister
                0x00000000       0x14 .\CortexM3\ARM_GCC_493\Debug\RPPSOC-Blink8.a(WaveDAC8_DacClk.o)
 .text.WaveDAC8_DacClk_ClearModeRegister
                0x00000000       0x18 .\CortexM3\ARM_GCC_493\Debug\RPPSOC-Blink8.a(WaveDAC8_DacClk.o)
 .text.WaveDAC8_DacClk_GetModeRegister
                0x00000000       0x10 .\CortexM3\ARM_GCC_493\Debug\RPPSOC-Blink8.a(WaveDAC8_DacClk.o)
 .text.WaveDAC8_DacClk_GetSourceRegister
                0x00000000       0x10 .\CortexM3\ARM_GCC_493\Debug\RPPSOC-Blink8.a(WaveDAC8_DacClk.o)
 .text.WaveDAC8_DacClk_SetDividerRegister
                0x00000000       0xd8 .\CortexM3\ARM_GCC_493\Debug\RPPSOC-Blink8.a(WaveDAC8_DacClk.o)
 .text.WaveDAC8_DacClk_SetSourceRegister
                0x00000000       0x5c .\CortexM3\ARM_GCC_493\Debug\RPPSOC-Blink8.a(WaveDAC8_DacClk.o)
 .text          0x00000000        0x0 .\CortexM3\ARM_GCC_493\Debug\RPPSOC-Blink8.a(WaveDAC8_Wave1_DMA_dma.o)
 .bss           0x00000000        0x0 .\CortexM3\ARM_GCC_493\Debug\RPPSOC-Blink8.a(WaveDAC8_Wave1_DMA_dma.o)
 .text.WaveDAC8_Wave1_DMA_DmaRelease
                0x00000000       0x10 .\CortexM3\ARM_GCC_493\Debug\RPPSOC-Blink8.a(WaveDAC8_Wave1_DMA_dma.o)
 .text          0x00000000        0x0 .\CortexM3\ARM_GCC_493\Debug\RPPSOC-Blink8.a(WaveDAC8_Wave2_DMA_dma.o)
 .bss           0x00000000        0x0 .\CortexM3\ARM_GCC_493\Debug\RPPSOC-Blink8.a(WaveDAC8_Wave2_DMA_dma.o)
 .text.WaveDAC8_Wave2_DMA_DmaRelease
                0x00000000       0x10 .\CortexM3\ARM_GCC_493\Debug\RPPSOC-Blink8.a(WaveDAC8_Wave2_DMA_dma.o)
 .text          0x00000000        0x0 .\CortexM3\ARM_GCC_493\Debug\RPPSOC-Blink8.a(WaveDAC8_VDAC8.o)
 .data          0x00000000        0x0 .\CortexM3\ARM_GCC_493\Debug\RPPSOC-Blink8.a(WaveDAC8_VDAC8.o)
 .bss           0x00000000        0x1 .\CortexM3\ARM_GCC_493\Debug\RPPSOC-Blink8.a(WaveDAC8_VDAC8.o)
 .text.WaveDAC8_VDAC8_Stop
                0x00000000       0x1c .\CortexM3\ARM_GCC_493\Debug\RPPSOC-Blink8.a(WaveDAC8_VDAC8.o)
 .text.WaveDAC8_VDAC8_Start
                0x00000000       0x24 .\CortexM3\ARM_GCC_493\Debug\RPPSOC-Blink8.a(WaveDAC8_VDAC8.o)
 .text          0x00000000        0x0 .\CortexM3\ARM_GCC_493\Debug\RPPSOC-Blink8.a(CyFlash.o)
 .data          0x00000000        0x0 .\CortexM3\ARM_GCC_493\Debug\RPPSOC-Blink8.a(CyFlash.o)
 .bss           0x00000000        0x4 .\CortexM3\ARM_GCC_493\Debug\RPPSOC-Blink8.a(CyFlash.o)
 .text.CyFlashGetSpcAlgorithm
                0x00000000       0x4c .\CortexM3\ARM_GCC_493\Debug\RPPSOC-Blink8.a(CyFlash.o)
 .text.CySetTempInt
                0x00000000       0x60 .\CortexM3\ARM_GCC_493\Debug\RPPSOC-Blink8.a(CyFlash.o)
 .text.CyFlash_Start
                0x00000000       0x54 .\CortexM3\ARM_GCC_493\Debug\RPPSOC-Blink8.a(CyFlash.o)
 .text.CyFlash_Stop
                0x00000000       0x24 .\CortexM3\ARM_GCC_493\Debug\RPPSOC-Blink8.a(CyFlash.o)
 .text.CySetTemp
                0x00000000       0x14 .\CortexM3\ARM_GCC_493\Debug\RPPSOC-Blink8.a(CyFlash.o)
 .text.CySetFlashEEBuffer
                0x00000000       0x28 .\CortexM3\ARM_GCC_493\Debug\RPPSOC-Blink8.a(CyFlash.o)
 .text.CyWriteRowFull
                0x00000000       0xf8 .\CortexM3\ARM_GCC_493\Debug\RPPSOC-Blink8.a(CyFlash.o)
 .text.CyWriteRowData
                0x00000000       0x14 .\CortexM3\ARM_GCC_493\Debug\RPPSOC-Blink8.a(CyFlash.o)
 .text.CyFlash_SetWaitCycles
                0x00000000       0x7c .\CortexM3\ARM_GCC_493\Debug\RPPSOC-Blink8.a(CyFlash.o)
 .text.CyEEPROM_Start
                0x00000000       0x54 .\CortexM3\ARM_GCC_493\Debug\RPPSOC-Blink8.a(CyFlash.o)
 .text.CyEEPROM_Stop
                0x00000000       0x24 .\CortexM3\ARM_GCC_493\Debug\RPPSOC-Blink8.a(CyFlash.o)
 .text.CyEEPROM_ReadReserve
                0x00000000       0x1c .\CortexM3\ARM_GCC_493\Debug\RPPSOC-Blink8.a(CyFlash.o)
 .text.CyEEPROM_ReadRelease
                0x00000000       0x10 .\CortexM3\ARM_GCC_493\Debug\RPPSOC-Blink8.a(CyFlash.o)
 COMMON         0x00000000        0x2 .\CortexM3\ARM_GCC_493\Debug\RPPSOC-Blink8.a(CyFlash.o)
 .text          0x00000000        0x0 .\CortexM3\ARM_GCC_493\Debug\RPPSOC-Blink8.a(CySpc.o)
 .data          0x00000000        0x0 .\CortexM3\ARM_GCC_493\Debug\RPPSOC-Blink8.a(CySpc.o)
 .bss           0x00000000        0x8 .\CortexM3\ARM_GCC_493\Debug\RPPSOC-Blink8.a(CySpc.o)
 .text.CySpcStart
                0x00000000       0x24 .\CortexM3\ARM_GCC_493\Debug\RPPSOC-Blink8.a(CySpc.o)
 .text.CySpcStop
                0x00000000       0x24 .\CortexM3\ARM_GCC_493\Debug\RPPSOC-Blink8.a(CySpc.o)
 .text.CySpcReadData
                0x00000000       0x34 .\CortexM3\ARM_GCC_493\Debug\RPPSOC-Blink8.a(CySpc.o)
 .text.CySpcLoadMultiByte
                0x00000000       0x78 .\CortexM3\ARM_GCC_493\Debug\RPPSOC-Blink8.a(CySpc.o)
 .text.CySpcLoadRow
                0x00000000       0x54 .\CortexM3\ARM_GCC_493\Debug\RPPSOC-Blink8.a(CySpc.o)
 .text.CySpcLoadRowFull
                0x00000000       0x80 .\CortexM3\ARM_GCC_493\Debug\RPPSOC-Blink8.a(CySpc.o)
 .text.CySpcWriteRow
                0x00000000       0x4c .\CortexM3\ARM_GCC_493\Debug\RPPSOC-Blink8.a(CySpc.o)
 .text.CySpcEraseSector
                0x00000000       0x3c .\CortexM3\ARM_GCC_493\Debug\RPPSOC-Blink8.a(CySpc.o)
 .text.CySpcGetTemp
                0x00000000       0x3c .\CortexM3\ARM_GCC_493\Debug\RPPSOC-Blink8.a(CySpc.o)
 .text.CySpcLock
                0x00000000       0x4c .\CortexM3\ARM_GCC_493\Debug\RPPSOC-Blink8.a(CySpc.o)
 .text.CySpcUnlock
                0x00000000       0x38 .\CortexM3\ARM_GCC_493\Debug\RPPSOC-Blink8.a(CySpc.o)
 .text.CySpcGetAlgorithm
                0x00000000       0x28 .\CortexM3\ARM_GCC_493\Debug\RPPSOC-Blink8.a(CySpc.o)
 .text          0x00000000        0x0 c:/program files (x86)/cypress/psoc creator/3.3/psoc creator/import/gnu/arm/4.9.3/bin/../lib/gcc/arm-none-eabi/4.9.3/../../../../arm-none-eabi/lib/armv7-m\libg_nano.a(lib_a-errno.o)
 .data          0x00000000        0x0 c:/program files (x86)/cypress/psoc creator/3.3/psoc creator/import/gnu/arm/4.9.3/bin/../lib/gcc/arm-none-eabi/4.9.3/../../../../arm-none-eabi/lib/armv7-m\libg_nano.a(lib_a-errno.o)
 .bss           0x00000000        0x0 c:/program files (x86)/cypress/psoc creator/3.3/psoc creator/import/gnu/arm/4.9.3/bin/../lib/gcc/arm-none-eabi/4.9.3/../../../../arm-none-eabi/lib/armv7-m\libg_nano.a(lib_a-errno.o)
 .text.__errno  0x00000000        0xc c:/program files (x86)/cypress/psoc creator/3.3/psoc creator/import/gnu/arm/4.9.3/bin/../lib/gcc/arm-none-eabi/4.9.3/../../../../arm-none-eabi/lib/armv7-m\libg_nano.a(lib_a-errno.o)
 .text          0x00000000        0x0 c:/program files (x86)/cypress/psoc creator/3.3/psoc creator/import/gnu/arm/4.9.3/bin/../lib/gcc/arm-none-eabi/4.9.3/../../../../arm-none-eabi/lib/armv7-m\libg_nano.a(lib_a-exit.o)
 .data          0x00000000        0x0 c:/program files (x86)/cypress/psoc creator/3.3/psoc creator/import/gnu/arm/4.9.3/bin/../lib/gcc/arm-none-eabi/4.9.3/../../../../arm-none-eabi/lib/armv7-m\libg_nano.a(lib_a-exit.o)
 .bss           0x00000000        0x0 c:/program files (x86)/cypress/psoc creator/3.3/psoc creator/import/gnu/arm/4.9.3/bin/../lib/gcc/arm-none-eabi/4.9.3/../../../../arm-none-eabi/lib/armv7-m\libg_nano.a(lib_a-exit.o)
 .text.exit     0x00000000       0x28 c:/program files (x86)/cypress/psoc creator/3.3/psoc creator/import/gnu/arm/4.9.3/bin/../lib/gcc/arm-none-eabi/4.9.3/../../../../arm-none-eabi/lib/armv7-m\libg_nano.a(lib_a-exit.o)
 .text          0x00000000        0x0 c:/program files (x86)/cypress/psoc creator/3.3/psoc creator/import/gnu/arm/4.9.3/bin/../lib/gcc/arm-none-eabi/4.9.3/../../../../arm-none-eabi/lib/armv7-m\libg_nano.a(lib_a-impure.o)
 .data          0x00000000        0x0 c:/program files (x86)/cypress/psoc creator/3.3/psoc creator/import/gnu/arm/4.9.3/bin/../lib/gcc/arm-none-eabi/4.9.3/../../../../arm-none-eabi/lib/armv7-m\libg_nano.a(lib_a-impure.o)
 .bss           0x00000000        0x0 c:/program files (x86)/cypress/psoc creator/3.3/psoc creator/import/gnu/arm/4.9.3/bin/../lib/gcc/arm-none-eabi/4.9.3/../../../../arm-none-eabi/lib/armv7-m\libg_nano.a(lib_a-impure.o)
 .data.impure_data
                0x00000000       0x60 c:/program files (x86)/cypress/psoc creator/3.3/psoc creator/import/gnu/arm/4.9.3/bin/../lib/gcc/arm-none-eabi/4.9.3/../../../../arm-none-eabi/lib/armv7-m\libg_nano.a(lib_a-impure.o)
 .data._impure_ptr
                0x00000000        0x4 c:/program files (x86)/cypress/psoc creator/3.3/psoc creator/import/gnu/arm/4.9.3/bin/../lib/gcc/arm-none-eabi/4.9.3/../../../../arm-none-eabi/lib/armv7-m\libg_nano.a(lib_a-impure.o)
 .rodata.str1.1
                0x00000000        0x2 c:/program files (x86)/cypress/psoc creator/3.3/psoc creator/import/gnu/arm/4.9.3/bin/../lib/gcc/arm-none-eabi/4.9.3/../../../../arm-none-eabi/lib/armv7-m\libg_nano.a(lib_a-impure.o)
 .rodata._global_impure_ptr
                0x00000000        0x4 c:/program files (x86)/cypress/psoc creator/3.3/psoc creator/import/gnu/arm/4.9.3/bin/../lib/gcc/arm-none-eabi/4.9.3/../../../../arm-none-eabi/lib/armv7-m\libg_nano.a(lib_a-impure.o)
 .text          0x00000000        0x0 c:/program files (x86)/cypress/psoc creator/3.3/psoc creator/import/gnu/arm/4.9.3/bin/../lib/gcc/arm-none-eabi/4.9.3/../../../../arm-none-eabi/lib/armv7-m\libg_nano.a(lib_a-init.o)
 .data          0x00000000        0x0 c:/program files (x86)/cypress/psoc creator/3.3/psoc creator/import/gnu/arm/4.9.3/bin/../lib/gcc/arm-none-eabi/4.9.3/../../../../arm-none-eabi/lib/armv7-m\libg_nano.a(lib_a-init.o)
 .bss           0x00000000        0x0 c:/program files (x86)/cypress/psoc creator/3.3/psoc creator/import/gnu/arm/4.9.3/bin/../lib/gcc/arm-none-eabi/4.9.3/../../../../arm-none-eabi/lib/armv7-m\libg_nano.a(lib_a-init.o)
 .text          0x00000000        0x0 c:/program files (x86)/cypress/psoc creator/3.3/psoc creator/import/gnu/arm/4.9.3/bin/../lib/gcc/arm-none-eabi/4.9.3/../../../../arm-none-eabi/lib/armv7-m\libg_nano.a(lib_a-memcpy.o)
 .data          0x00000000        0x0 c:/program files (x86)/cypress/psoc creator/3.3/psoc creator/import/gnu/arm/4.9.3/bin/../lib/gcc/arm-none-eabi/4.9.3/../../../../arm-none-eabi/lib/armv7-m\libg_nano.a(lib_a-memcpy.o)
 .bss           0x00000000        0x0 c:/program files (x86)/cypress/psoc creator/3.3/psoc creator/import/gnu/arm/4.9.3/bin/../lib/gcc/arm-none-eabi/4.9.3/../../../../arm-none-eabi/lib/armv7-m\libg_nano.a(lib_a-memcpy.o)
 .text          0x00000000        0x0 c:/program files (x86)/cypress/psoc creator/3.3/psoc creator/import/gnu/arm/4.9.3/bin/../lib/gcc/arm-none-eabi/4.9.3/../../../../arm-none-eabi/lib/armv7-m\libg_nano.a(lib_a-memset.o)
 .data          0x00000000        0x0 c:/program files (x86)/cypress/psoc creator/3.3/psoc creator/import/gnu/arm/4.9.3/bin/../lib/gcc/arm-none-eabi/4.9.3/../../../../arm-none-eabi/lib/armv7-m\libg_nano.a(lib_a-memset.o)
 .bss           0x00000000        0x0 c:/program files (x86)/cypress/psoc creator/3.3/psoc creator/import/gnu/arm/4.9.3/bin/../lib/gcc/arm-none-eabi/4.9.3/../../../../arm-none-eabi/lib/armv7-m\libg_nano.a(lib_a-memset.o)
 .text          0x00000000        0x0 c:/program files (x86)/cypress/psoc creator/3.3/psoc creator/import/gnu/arm/4.9.3/bin/../lib/gcc/arm-none-eabi/4.9.3/armv7-m/crtend.o
 .data          0x00000000        0x0 c:/program files (x86)/cypress/psoc creator/3.3/psoc creator/import/gnu/arm/4.9.3/bin/../lib/gcc/arm-none-eabi/4.9.3/armv7-m/crtend.o
 .bss           0x00000000        0x0 c:/program files (x86)/cypress/psoc creator/3.3/psoc creator/import/gnu/arm/4.9.3/bin/../lib/gcc/arm-none-eabi/4.9.3/armv7-m/crtend.o
 .text          0x00000000        0x0 c:/program files (x86)/cypress/psoc creator/3.3/psoc creator/import/gnu/arm/4.9.3/bin/../lib/gcc/arm-none-eabi/4.9.3/armv7-m/crtn.o
 .data          0x00000000        0x0 c:/program files (x86)/cypress/psoc creator/3.3/psoc creator/import/gnu/arm/4.9.3/bin/../lib/gcc/arm-none-eabi/4.9.3/armv7-m/crtn.o
 .bss           0x00000000        0x0 c:/program files (x86)/cypress/psoc creator/3.3/psoc creator/import/gnu/arm/4.9.3/bin/../lib/gcc/arm-none-eabi/4.9.3/armv7-m/crtn.o

Memory Configuration

Name             Origin             Length             Attributes
rom              0x00000000         0x00020000         xr
ram              0x1fffc000         0x00008000         xrw
*default*        0x00000000         0xffffffff

Linker script and memory map

LOAD c:/program files (x86)/cypress/psoc creator/3.3/psoc creator/import/gnu/arm/4.9.3/bin/../lib/gcc/arm-none-eabi/4.9.3/armv7-m/crti.o
LOAD c:/program files (x86)/cypress/psoc creator/3.3/psoc creator/import/gnu/arm/4.9.3/bin/../lib/gcc/arm-none-eabi/4.9.3/armv7-m/crtbegin.o
LOAD c:/program files (x86)/cypress/psoc creator/3.3/psoc creator/import/gnu/arm/4.9.3/bin/../lib/gcc/arm-none-eabi/4.9.3/../../../../arm-none-eabi/lib/armv7-m/crt0.o
START GROUP
LOAD .\CortexM3\ARM_GCC_493\Debug\main.o
LOAD .\CortexM3\ARM_GCC_493\Debug\cymetadata.o
LOAD .\CortexM3\ARM_GCC_493\Debug\Cm3Start.o
LOAD .\CortexM3\ARM_GCC_493\Debug\RPPSOC-Blink8.a
LOAD C:\Program Files (x86)\Cypress\PSoC Creator\3.3\PSoC Creator\psoc\content\cycomponentlibrary\CyComponentLibrary.cylib\CortexM3\ARM_GCC_493\Debug\CyComponentLibrary.a
END GROUP
START GROUP
LOAD c:/program files (x86)/cypress/psoc creator/3.3/psoc creator/import/gnu/arm/4.9.3/bin/../lib/gcc/arm-none-eabi/4.9.3/armv7-m\libgcc.a
LOAD c:/program files (x86)/cypress/psoc creator/3.3/psoc creator/import/gnu/arm/4.9.3/bin/../lib/gcc/arm-none-eabi/4.9.3/../../../../arm-none-eabi/lib/armv7-m\libg_nano.a
LOAD c:/program files (x86)/cypress/psoc creator/3.3/psoc creator/import/gnu/arm/4.9.3/bin/../lib/gcc/arm-none-eabi/4.9.3/../../../../arm-none-eabi/lib/armv7-m\libc_nano.a
END GROUP
START GROUP
LOAD c:/program files (x86)/cypress/psoc creator/3.3/psoc creator/import/gnu/arm/4.9.3/bin/../lib/gcc/arm-none-eabi/4.9.3/armv7-m\libgcc.a
LOAD c:/program files (x86)/cypress/psoc creator/3.3/psoc creator/import/gnu/arm/4.9.3/bin/../lib/gcc/arm-none-eabi/4.9.3/../../../../arm-none-eabi/lib/armv7-m\libc_nano.a
END GROUP
LOAD c:/program files (x86)/cypress/psoc creator/3.3/psoc creator/import/gnu/arm/4.9.3/bin/../lib/gcc/arm-none-eabi/4.9.3/armv7-m/crtend.o
LOAD c:/program files (x86)/cypress/psoc creator/3.3/psoc creator/import/gnu/arm/4.9.3/bin/../lib/gcc/arm-none-eabi/4.9.3/armv7-m/crtn.o
START GROUP
LOAD c:/program files (x86)/cypress/psoc creator/3.3/psoc creator/import/gnu/arm/4.9.3/bin/../lib/gcc/arm-none-eabi/4.9.3/armv7-m\libgcc.a
LOAD c:/program files (x86)/cypress/psoc creator/3.3/psoc creator/import/gnu/arm/4.9.3/bin/../lib/gcc/arm-none-eabi/4.9.3/../../../../arm-none-eabi/lib/armv7-m\libc.a
LOAD c:/program files (x86)/cypress/psoc creator/3.3/psoc creator/import/gnu/arm/4.9.3/bin/../lib/gcc/arm-none-eabi/4.9.3/../../../../arm-none-eabi/lib/armv7-m\libnosys.a
END GROUP
                0x00000000                CY_APPL_ORIGIN = 0x0
                0x00000100                CY_FLASH_ROW_SIZE = 0x100
                0x00000020                CY_ECC_ROW_SIZE = 0x20
                0x00000000                CY_EE_IN_BTLDR = 0x0
                0x00000000                CY_APPL_LOADABLE = 0x0
                0x00000800                CY_EE_SIZE = 0x800
                0x00000001                CY_APPL_NUM = 0x1
                0x00000001                CY_APPL_MAX = 0x1
                0x00000040                CY_METADATA_SIZE = 0x40
                0x00000000                CY_APPL_LOADABLE = 0x0
                0x00000000                CY_CHECKSUM_EXCLUDE_SIZE = ALIGN (0x0, CY_FLASH_ROW_SIZE)
                0x1fffc140                PROVIDE (__cy_heap_start, _end)
                0x00000001                PROVIDE (__cy_region_num, ((__cy_regions_end - __cy_regions) / 0x10))
                0x20004000                PROVIDE (__cy_stack, (ORIGIN (ram) + 0x8000))
                0x20003800                PROVIDE (__cy_heap_end, (__cy_stack - 0x800))

.cybootloader   0x00000000        0x0
 *(.cybootloader)
                0x00000000                appl1_start = CY_APPL_ORIGIN?CY_APPL_ORIGIN:ALIGN (CY_FLASH_ROW_SIZE)
                0x0000ff00                appl2_start = (appl1_start + ALIGN ((((0x20000 - appl1_start) - (0x2 * CY_FLASH_ROW_SIZE)) / 0x2), CY_FLASH_ROW_SIZE))
                0x00000000                appl_start = (CY_APPL_NUM == 0x1)?appl1_start:appl2_start
                0x00000000                ecc_offset = ((appl_start / CY_FLASH_ROW_SIZE) * CY_ECC_ROW_SIZE)
                0x00000000                ee_offset = (CY_APPL_LOADABLE && ! (CY_EE_IN_BTLDR))?((CY_EE_SIZE / CY_APPL_MAX) * (CY_APPL_NUM - 0x1)):0x0
                0x00000800                ee_size = (CY_APPL_LOADABLE && ! (CY_EE_IN_BTLDR))?(CY_EE_SIZE / CY_APPL_MAX):CY_EE_SIZE
                0x00000000                PROVIDE (CY_ECC_OFFSET, ecc_offset)

.text           0x00000000      0x7fa
 CREATE_OBJECT_SYMBOLS
                0x00000000                PROVIDE (__cy_interrupt_vector, RomVectors)
 *(.romvectors)
 .romvectors    0x00000000       0x10 .\CortexM3\ARM_GCC_493\Debug\Cm3Start.o
                0x00000000                RomVectors
                0x00000001                ASSERT ((. != __cy_interrupt_vector), No interrupt vector)
                0x00000001                ASSERT (CY_APPL_ORIGIN?(SIZEOF (.cybootloader) <= CY_APPL_ORIGIN):0x1, Wrong image location)
                0x00000010                PROVIDE (__cy_reset, Reset)
 *(.text.Reset)
 .text.Reset    0x00000010       0x18 .\CortexM3\ARM_GCC_493\Debug\Cm3Start.o
                0x00000010                Reset
                0x00000001                ASSERT ((. != __cy_reset), No reset code)
 *(.dma_init)
                0x00000001                ASSERT ((((appl_start + .) <= 0x10000) || 0x1), DMA Init must be within the first 64k of flash)
 *(.text .text.* .gnu.linkonce.t.*)
 .text          0x00000028       0x5c c:/program files (x86)/cypress/psoc creator/3.3/psoc creator/import/gnu/arm/4.9.3/bin/../lib/gcc/arm-none-eabi/4.9.3/armv7-m/crtbegin.o
 .text.main     0x00000084        0xc .\CortexM3\ARM_GCC_493\Debug\main.o
                0x00000084                main
 .text.IntDefaultHandler
                0x00000090        0x4 .\CortexM3\ARM_GCC_493\Debug\Cm3Start.o
                0x00000090                IntDefaultHandler
 .text.Start_c  0x00000094       0x4c .\CortexM3\ARM_GCC_493\Debug\Cm3Start.o
                0x00000094                Start_c
 .text.initialize_psoc
                0x000000e0       0x78 .\CortexM3\ARM_GCC_493\Debug\Cm3Start.o
                0x000000e0                initialize_psoc
 .text.CyClockStartupError
                0x00000158        0x4 .\CortexM3\ARM_GCC_493\Debug\RPPSOC-Blink8.a(cyfitter_cfg.o)
 .text.cfg_write_bytes32
                0x0000015c       0x34 .\CortexM3\ARM_GCC_493\Debug\RPPSOC-Blink8.a(cyfitter_cfg.o)
 .text.AnalogSetDefault
                0x00000190       0x40 .\CortexM3\ARM_GCC_493\Debug\RPPSOC-Blink8.a(cyfitter_cfg.o)
 .text.CYMEMZERO
                0x000001d0        0xc .\CortexM3\ARM_GCC_493\Debug\RPPSOC-Blink8.a(cyfitter_cfg.o)
 .text.ClockSetup
                0x000001dc       0xb8 .\CortexM3\ARM_GCC_493\Debug\RPPSOC-Blink8.a(cyfitter_cfg.o)
 .text.CYCONFIGCPY
                0x00000294        0x8 .\CortexM3\ARM_GCC_493\Debug\RPPSOC-Blink8.a(cyfitter_cfg.o)
 .text.cyfitter_cfg
                0x0000029c       0xe0 .\CortexM3\ARM_GCC_493\Debug\RPPSOC-Blink8.a(cyfitter_cfg.o)
                0x0000029c                cyfitter_cfg
 *fill*         0x0000037c        0x4 
 .text          0x00000380       0x20 .\CortexM3\ARM_GCC_493\Debug\RPPSOC-Blink8.a(CyBootAsmGnu.o)
                0x00000380                CyDelayCycles
                0x00000390                CyEnterCriticalSection
                0x00000398                CyExitCriticalSection
 .text.CyDmacConfigure
                0x000003a0       0x34 .\CortexM3\ARM_GCC_493\Debug\RPPSOC-Blink8.a(CyDmac.o)
                0x000003a0                CyDmacConfigure
 .text.CyDmaChEnable
                0x000003d4       0x38 .\CortexM3\ARM_GCC_493\Debug\RPPSOC-Blink8.a(CyDmac.o)
                0x000003d4                CyDmaChEnable
 .text.CyDmaChPriority
                0x0000040c       0x24 .\CortexM3\ARM_GCC_493\Debug\RPPSOC-Blink8.a(CyDmac.o)
                0x0000040c                CyDmaChPriority
 .text.CyDmaChSetExtendedAddress
                0x00000430       0x34 .\CortexM3\ARM_GCC_493\Debug\RPPSOC-Blink8.a(CyDmac.o)
                0x00000430                CyDmaChSetExtendedAddress
 .text.CyDmaChSetInitialTd
                0x00000464       0x18 .\CortexM3\ARM_GCC_493\Debug\RPPSOC-Blink8.a(CyDmac.o)
                0x00000464                CyDmaChSetInitialTd
 .text.CyDmaChSetConfiguration
                0x0000047c       0x48 .\CortexM3\ARM_GCC_493\Debug\RPPSOC-Blink8.a(CyDmac.o)
                0x0000047c                CyDmaChSetConfiguration
 .text.CyDmaTdAllocate
                0x000004c4       0x34 .\CortexM3\ARM_GCC_493\Debug\RPPSOC-Blink8.a(CyDmac.o)
                0x000004c4                CyDmaTdAllocate
 .text.CyDmaTdSetConfiguration
                0x000004f8       0x28 .\CortexM3\ARM_GCC_493\Debug\RPPSOC-Blink8.a(CyDmac.o)
                0x000004f8                CyDmaTdSetConfiguration
 .text.CyDmaTdSetAddress
                0x00000520       0x1c .\CortexM3\ARM_GCC_493\Debug\RPPSOC-Blink8.a(CyDmac.o)
                0x00000520                CyDmaTdSetAddress
 .text.WaveDAC8_Enable
                0x0000053c       0x28 .\CortexM3\ARM_GCC_493\Debug\RPPSOC-Blink8.a(WaveDAC8.o)
                0x0000053c                WaveDAC8_Enable
 .text.WaveDAC8_Wave1Setup
                0x00000564       0x40 .\CortexM3\ARM_GCC_493\Debug\RPPSOC-Blink8.a(WaveDAC8.o)
                0x00000564                WaveDAC8_Wave1Setup
 .text.WaveDAC8_Wave2Setup
                0x000005a4       0x40 .\CortexM3\ARM_GCC_493\Debug\RPPSOC-Blink8.a(WaveDAC8.o)
                0x000005a4                WaveDAC8_Wave2Setup
 .text.WaveDAC8_Init
                0x000005e4       0x40 .\CortexM3\ARM_GCC_493\Debug\RPPSOC-Blink8.a(WaveDAC8.o)
                0x000005e4                WaveDAC8_Init
 .text.WaveDAC8_Start
                0x00000624       0x1c .\CortexM3\ARM_GCC_493\Debug\RPPSOC-Blink8.a(WaveDAC8.o)
                0x00000624                WaveDAC8_Start
 .text.WaveDAC8_DacClk_Start
                0x00000640       0x1c .\CortexM3\ARM_GCC_493\Debug\RPPSOC-Blink8.a(WaveDAC8_DacClk.o)
                0x00000640                WaveDAC8_DacClk_Start
 .text.WaveDAC8_Wave1_DMA_DmaInitialize
                0x0000065c       0x3c .\CortexM3\ARM_GCC_493\Debug\RPPSOC-Blink8.a(WaveDAC8_Wave1_DMA_dma.o)
                0x0000065c                WaveDAC8_Wave1_DMA_DmaInitialize
 .text.WaveDAC8_Wave2_DMA_DmaInitialize
                0x00000698       0x3c .\CortexM3\ARM_GCC_493\Debug\RPPSOC-Blink8.a(WaveDAC8_Wave2_DMA_dma.o)
                0x00000698                WaveDAC8_Wave2_DMA_DmaInitialize
 .text.WaveDAC8_VDAC8_Enable
                0x000006d4       0x1c .\CortexM3\ARM_GCC_493\Debug\RPPSOC-Blink8.a(WaveDAC8_VDAC8.o)
                0x000006d4                WaveDAC8_VDAC8_Enable
 .text.WaveDAC8_VDAC8_SetSpeed
                0x000006f0       0x1c .\CortexM3\ARM_GCC_493\Debug\RPPSOC-Blink8.a(WaveDAC8_VDAC8.o)
                0x000006f0                WaveDAC8_VDAC8_SetSpeed
 .text.WaveDAC8_VDAC8_SetValue
                0x0000070c        0xc .\CortexM3\ARM_GCC_493\Debug\RPPSOC-Blink8.a(WaveDAC8_VDAC8.o)
                0x0000070c                WaveDAC8_VDAC8_SetValue
 .text.WaveDAC8_VDAC8_DacTrim
                0x00000718       0x24 .\CortexM3\ARM_GCC_493\Debug\RPPSOC-Blink8.a(WaveDAC8_VDAC8.o)
                0x00000718                WaveDAC8_VDAC8_DacTrim
 .text.WaveDAC8_VDAC8_SetRange
                0x0000073c       0x20 .\CortexM3\ARM_GCC_493\Debug\RPPSOC-Blink8.a(WaveDAC8_VDAC8.o)
                0x0000073c                WaveDAC8_VDAC8_SetRange
 .text.WaveDAC8_VDAC8_Init
                0x0000075c       0x2c .\CortexM3\ARM_GCC_493\Debug\RPPSOC-Blink8.a(WaveDAC8_VDAC8.o)
                0x0000075c                WaveDAC8_VDAC8_Init
 .text.__libc_init_array
                0x00000788       0x4c c:/program files (x86)/cypress/psoc creator/3.3/psoc creator/import/gnu/arm/4.9.3/bin/../lib/gcc/arm-none-eabi/4.9.3/../../../../arm-none-eabi/lib/armv7-m\libg_nano.a(lib_a-init.o)
                0x00000788                __libc_init_array
 .text.memcpy   0x000007d4       0x16 c:/program files (x86)/cypress/psoc creator/3.3/psoc creator/import/gnu/arm/4.9.3/bin/../lib/gcc/arm-none-eabi/4.9.3/../../../../arm-none-eabi/lib/armv7-m\libg_nano.a(lib_a-memcpy.o)
                0x000007d4                memcpy
 .text.memset   0x000007ea       0x10 c:/program files (x86)/cypress/psoc creator/3.3/psoc creator/import/gnu/arm/4.9.3/bin/../lib/gcc/arm-none-eabi/4.9.3/../../../../arm-none-eabi/lib/armv7-m\libg_nano.a(lib_a-memset.o)
                0x000007ea                memset
 *(.plt)
 *(.gnu.warning)
 *(.glue_7t)
 .glue_7t       0x00000000        0x0 linker stubs
 *(.glue_7)
 .glue_7        0x00000000        0x0 linker stubs
 *(.vfp11_veneer)
 .vfp11_veneer  0x00000000        0x0 linker stubs
 *(.bootloader)
 *(.ARM.extab* .gnu.linkonce.armextab.*)
 *(.gcc_except_table)

.v4_bx          0x000007fc        0x0
 .v4_bx         0x00000000        0x0 linker stubs

.iplt           0x000007fc        0x0
 .iplt          0x00000000        0x0 c:/program files (x86)/cypress/psoc creator/3.3/psoc creator/import/gnu/arm/4.9.3/bin/../lib/gcc/arm-none-eabi/4.9.3/armv7-m/crtbegin.o

.eh_frame_hdr
 *(.eh_frame_hdr)

.eh_frame       0x000007fc        0x4
 *(.eh_frame)
 .eh_frame      0x000007fc        0x0 c:/program files (x86)/cypress/psoc creator/3.3/psoc creator/import/gnu/arm/4.9.3/bin/../lib/gcc/arm-none-eabi/4.9.3/armv7-m/crtbegin.o
 .eh_frame      0x000007fc        0x4 c:/program files (x86)/cypress/psoc creator/3.3/psoc creator/import/gnu/arm/4.9.3/bin/../lib/gcc/arm-none-eabi/4.9.3/armv7-m/crtend.o
                0x00000800                PROVIDE (__exidx_start, .)

.ARM.exidx
 *(.ARM.exidx* .gnu.linkonce.armexidx.*)
                0x00000800                __exidx_end = .

.rodata         0x00000800      0x138
 *(.rodata .rodata.* .gnu.linkonce.r.*)
 .rodata        0x00000800       0x38 .\CortexM3\ARM_GCC_493\Debug\RPPSOC-Blink8.a(cyfitter_cfg.o)
 .rodata        0x00000838       0xc8 .\CortexM3\ARM_GCC_493\Debug\RPPSOC-Blink8.a(WaveDAC8.o)
                0x00000838                WaveDAC8_wave1
                0x0000089c                WaveDAC8_wave2
                0x00000900                . = ALIGN (0x4)
 *(.init)
 .init          0x00000900        0x4 c:/program files (x86)/cypress/psoc creator/3.3/psoc creator/import/gnu/arm/4.9.3/bin/../lib/gcc/arm-none-eabi/4.9.3/armv7-m/crti.o
                0x00000900                _init
 .init          0x00000904        0x8 c:/program files (x86)/cypress/psoc creator/3.3/psoc creator/import/gnu/arm/4.9.3/bin/../lib/gcc/arm-none-eabi/4.9.3/armv7-m/crtn.o
                0x0000090c                . = ALIGN (0x4)
                0x0000090c                __preinit_array_start = .
 *(.preinit_array)
                0x0000090c                __preinit_array_end = .
                0x0000090c                . = ALIGN (0x4)
                0x0000090c                __init_array_start = .
 *(SORT(.init_array.*))
 *(.init_array)
 .init_array    0x0000090c        0x4 c:/program files (x86)/cypress/psoc creator/3.3/psoc creator/import/gnu/arm/4.9.3/bin/../lib/gcc/arm-none-eabi/4.9.3/armv7-m/crtbegin.o
 .init_array    0x00000910        0x4 .\CortexM3\ARM_GCC_493\Debug\Cm3Start.o
                0x00000914                __init_array_end = .
                0x00000914                . = ALIGN (0x4)
 *(.fini)
 .fini          0x00000914        0x4 c:/program files (x86)/cypress/psoc creator/3.3/psoc creator/import/gnu/arm/4.9.3/bin/../lib/gcc/arm-none-eabi/4.9.3/armv7-m/crti.o
                0x00000914                _fini
 .fini          0x00000918        0x8 c:/program files (x86)/cypress/psoc creator/3.3/psoc creator/import/gnu/arm/4.9.3/bin/../lib/gcc/arm-none-eabi/4.9.3/armv7-m/crtn.o
                0x00000920                . = ALIGN (0x4)
                0x00000920                __fini_array_start = .
 *(.fini_array)
 .fini_array    0x00000920        0x4 c:/program files (x86)/cypress/psoc creator/3.3/psoc creator/import/gnu/arm/4.9.3/bin/../lib/gcc/arm-none-eabi/4.9.3/armv7-m/crtbegin.o
 *(SORT(.fini_array.*))
                0x00000924                __fini_array_end = .
                0x00000924                . = ALIGN (0x4)
 *crtbegin.o(.ctors)
 *(EXCLUDE_FILE(*crtend.o) .ctors)
 *(SORT(.ctors.*))
 *crtend.o(.ctors)
                0x00000924                . = ALIGN (0x4)
 *crtbegin.o(.dtors)
 *(EXCLUDE_FILE(*crtend.o) .dtors)
 *(SORT(.dtors.*))
 *crtend.o(.dtors)
                0x00000924                . = ALIGN (0x4)
                0x00000924                __cy_regions = .
                0x00000924        0x4 LONG 0x938 __cy_region_init_ram
                0x00000928        0x4 LONG 0x1fffc108 __cy_region_start_data
                0x0000092c        0x4 LONG 0x10 __cy_region_init_size_ram
                0x00000930        0x4 LONG 0x28 __cy_region_zero_size_ram
                0x00000934                __cy_regions_end = .
                0x00000938                . = ALIGN (0x8)
 *fill*         0x00000934        0x4 
                0x00000938                _etext = .

.cy_checksum_exclude
                0x00000938        0x0
 *(.cy_checksum_exclude)

.ramvectors     0x1fffc000      0x100
                0x1fffc000                __cy_region_start_ram = .
 *(.ramvectors)
 .ramvectors    0x1fffc000      0x100 .\CortexM3\ARM_GCC_493\Debug\Cm3Start.o
                0x1fffc000                CyRamVectors

.noinit         0x1fffc100        0x5
 *(.noinit)
 .noinit        0x1fffc100        0x4 .\CortexM3\ARM_GCC_493\Debug\Cm3Start.o
 .noinit        0x1fffc104        0x1 .\CortexM3\ARM_GCC_493\Debug\RPPSOC-Blink8.a(CyLib.o)
                0x1fffc104                CyResetStatus

.data           0x1fffc108       0x10 load address 0x00000938
                0x1fffc108                __cy_region_start_data = .
 *(.jcr)
 .jcr           0x1fffc108        0x0 c:/program files (x86)/cypress/psoc creator/3.3/psoc creator/import/gnu/arm/4.9.3/bin/../lib/gcc/arm-none-eabi/4.9.3/armv7-m/crtbegin.o
 .jcr           0x1fffc108        0x4 c:/program files (x86)/cypress/psoc creator/3.3/psoc creator/import/gnu/arm/4.9.3/bin/../lib/gcc/arm-none-eabi/4.9.3/armv7-m/crtend.o
 *(.got.plt)
 *(.got)
 *(.shdata)
 *(.data .data.* .gnu.linkonce.d.*)
 .data          0x1fffc10c        0x8 .\CortexM3\ARM_GCC_493\Debug\RPPSOC-Blink8.a(CyDmac.o)
 .data          0x1fffc114        0x1 .\CortexM3\ARM_GCC_493\Debug\RPPSOC-Blink8.a(WaveDAC8_Wave1_DMA_dma.o)
                0x1fffc114                WaveDAC8_Wave1_DMA_DmaHandle
 .data          0x1fffc115        0x1 .\CortexM3\ARM_GCC_493\Debug\RPPSOC-Blink8.a(WaveDAC8_Wave2_DMA_dma.o)
                0x1fffc115                WaveDAC8_Wave2_DMA_DmaHandle
                0x1fffc118                . = ALIGN (0x8)
 *fill*         0x1fffc116        0x2 
 *(.ram)
                0x1fffc118                _edata = .

.igot.plt       0x1fffc118        0x0 load address 0x00000948
 .igot.plt      0x00000000        0x0 c:/program files (x86)/cypress/psoc creator/3.3/psoc creator/import/gnu/arm/4.9.3/bin/../lib/gcc/arm-none-eabi/4.9.3/armv7-m/crtbegin.o

.bss            0x1fffc118       0x28 load address 0x00000948
                0x1fffc118                PROVIDE (__bss_start__, .)
 *(.shbss)
 *(.bss .bss.* .gnu.linkonce.b.*)
 .bss           0x1fffc118       0x1c c:/program files (x86)/cypress/psoc creator/3.3/psoc creator/import/gnu/arm/4.9.3/bin/../lib/gcc/arm-none-eabi/4.9.3/armv7-m/crtbegin.o
 .bss           0x1fffc134        0x5 .\CortexM3\ARM_GCC_493\Debug\RPPSOC-Blink8.a(WaveDAC8.o)
                0x1fffc138                WaveDAC8_initVar
 *(COMMON)
                0x1fffc140                . = ALIGN (0x8)
 *fill*         0x1fffc139        0x7 
 *(.ram.b)
                0x1fffc140                _end = .
                0x1fffc140                __end = .
                0x1fffc140                PROVIDE (end, .)
                0x1fffc140                PROVIDE (__bss_end__, .)
                0x00000938                __cy_region_init_ram = LOADADDR (.data)
                0x00000010                __cy_region_init_size_ram = (_edata - ADDR (.data))
                0x00000028                __cy_region_zero_size_ram = (_end - _edata)

.heap           0x1fffc140       0x80 load address 0x00000948
                0x1fffc140                . = _end
                0x1fffc1c0                . = (. + 0x80)
 *fill*         0x1fffc140       0x80 
                0x1fffc1c0                __cy_heap_limit = .

.stack          0x20003800      0x800
                0x20003800                __cy_stack_limit = .
                0x20004000                . = (. + 0x800)
 *fill*         0x20003800      0x800 
                0x00000001                ASSERT ((__cy_stack_limit >= __cy_heap_limit), region RAM overflowed with stack)
                0x00000000                cy_checksum_exclude_size = (CY_APPL_LOADABLE == 0x1)?SIZEOF (.cy_checksum_exclude):0x0
                0x00000001                ASSERT ((cy_checksum_exclude_size <= CY_CHECKSUM_EXCLUDE_SIZE), CY_BOOT: Section .cy_checksum_exclude size exceedes specified limit.)

.cyloadermeta
 *(.cyloadermeta)

.cyloadablemeta
 *(.cyloadablemeta)

.cyconfigecc    0x80000000       0x74
 *(.cyconfigecc)
 .cyconfigecc   0x80000000       0x74 .\CortexM3\ARM_GCC_493\Debug\cymetadata.o
                0x80000000                cy_meta_configecc

.cycustnvl      0x90000000        0x4
 *(.cycustnvl)
 .cycustnvl     0x90000000        0x4 .\CortexM3\ARM_GCC_493\Debug\cymetadata.o
                0x90000000                cy_meta_custnvl

.cywolatch      0x90100000        0x4
 *(.cywolatch)
 .cywolatch     0x90100000        0x4 .\CortexM3\ARM_GCC_493\Debug\cymetadata.o
                0x90100000                cy_meta_wonvl

.cyeeprom       0x90200000        0x0
 *(.cyeeprom)
                0x00000001                ASSERT ((. <= ((0x90200000 + ee_offset) + ee_size)), .cyeeprom data will not fit in EEPROM)

.cyflashprotect
                0x90400000       0x80
 *(.cyflashprotect)
 .cyflashprotect
                0x90400000       0x80 .\CortexM3\ARM_GCC_493\Debug\cymetadata.o
                0x90400000                cy_meta_flashprotect

.cymeta         0x90500000        0xc
 *(.cymeta)
 .cymeta        0x90500000        0xc .\CortexM3\ARM_GCC_493\Debug\cymetadata.o
                0x90500000                cy_metadata

.rel.dyn        0x00000948        0x0 load address 0x9050000c
 .rel.iplt      0x00000000        0x0 c:/program files (x86)/cypress/psoc creator/3.3/psoc creator/import/gnu/arm/4.9.3/bin/../lib/gcc/arm-none-eabi/4.9.3/armv7-m/crtbegin.o

.stab
 *(.stab)

.stabstr
 *(.stabstr)

.debug
 *(.debug)

.line
 *(.line)

.debug_srcinfo
 *(.debug_srcinfo)

.debug_sfnames
 *(.debug_sfnames)

.debug_aranges  0x00000000      0x760
 *(.debug_aranges)
 .debug_aranges
                0x00000000       0x20 .\CortexM3\ARM_GCC_493\Debug\main.o
 .debug_aranges
                0x00000020       0x18 .\CortexM3\ARM_GCC_493\Debug\cymetadata.o
 .debug_aranges
                0x00000038       0x48 .\CortexM3\ARM_GCC_493\Debug\Cm3Start.o
 .debug_aranges
                0x00000080       0x58 .\CortexM3\ARM_GCC_493\Debug\RPPSOC-Blink8.a(cyfitter_cfg.o)
 .debug_aranges
                0x000000d8       0x20 .\CortexM3\ARM_GCC_493\Debug\RPPSOC-Blink8.a(CyBootAsmGnu.o)
 .debug_aranges
                0x000000f8       0xd8 .\CortexM3\ARM_GCC_493\Debug\RPPSOC-Blink8.a(CyDmac.o)
 .debug_aranges
                0x000001d0      0x298 .\CortexM3\ARM_GCC_493\Debug\RPPSOC-Blink8.a(CyLib.o)
 .debug_aranges
                0x00000468       0x98 .\CortexM3\ARM_GCC_493\Debug\RPPSOC-Blink8.a(cyPm.o)
 .debug_aranges
                0x00000500       0x50 .\CortexM3\ARM_GCC_493\Debug\RPPSOC-Blink8.a(WaveDAC8.o)
 .debug_aranges
                0x00000550       0x70 .\CortexM3\ARM_GCC_493\Debug\RPPSOC-Blink8.a(WaveDAC8_DacClk.o)
 .debug_aranges
                0x000005c0       0x28 .\CortexM3\ARM_GCC_493\Debug\RPPSOC-Blink8.a(WaveDAC8_Wave1_DMA_dma.o)
 .debug_aranges
                0x000005e8       0x28 .\CortexM3\ARM_GCC_493\Debug\RPPSOC-Blink8.a(WaveDAC8_Wave2_DMA_dma.o)
 .debug_aranges
                0x00000610       0x58 .\CortexM3\ARM_GCC_493\Debug\RPPSOC-Blink8.a(WaveDAC8_VDAC8.o)
 .debug_aranges
                0x00000668       0x80 .\CortexM3\ARM_GCC_493\Debug\RPPSOC-Blink8.a(CyFlash.o)
 .debug_aranges
                0x000006e8       0x78 .\CortexM3\ARM_GCC_493\Debug\RPPSOC-Blink8.a(CySpc.o)

.debug_pubnames
 *(.debug_pubnames)

.debug_info     0x00000000     0x4aed
 *(.debug_info .gnu.linkonce.wi.*)
 .debug_info    0x00000000       0xd9 .\CortexM3\ARM_GCC_493\Debug\main.o
 .debug_info    0x000000d9      0x139 .\CortexM3\ARM_GCC_493\Debug\cymetadata.o
 .debug_info    0x00000212      0x3b3 .\CortexM3\ARM_GCC_493\Debug\Cm3Start.o
 .debug_info    0x000005c5      0x4be .\CortexM3\ARM_GCC_493\Debug\RPPSOC-Blink8.a(cyfitter_cfg.o)
 .debug_info    0x00000a83       0x91 .\CortexM3\ARM_GCC_493\Debug\RPPSOC-Blink8.a(CyBootAsmGnu.o)
 .debug_info    0x00000b14      0x941 .\CortexM3\ARM_GCC_493\Debug\RPPSOC-Blink8.a(CyDmac.o)
 .debug_info    0x00001455     0x136c .\CortexM3\ARM_GCC_493\Debug\RPPSOC-Blink8.a(CyLib.o)
 .debug_info    0x000027c1      0xa55 .\CortexM3\ARM_GCC_493\Debug\RPPSOC-Blink8.a(cyPm.o)
 .debug_info    0x00003216      0x58e .\CortexM3\ARM_GCC_493\Debug\RPPSOC-Blink8.a(WaveDAC8.o)
 .debug_info    0x000037a4      0x281 .\CortexM3\ARM_GCC_493\Debug\RPPSOC-Blink8.a(WaveDAC8_DacClk.o)
 .debug_info    0x00003a25      0x1fb .\CortexM3\ARM_GCC_493\Debug\RPPSOC-Blink8.a(WaveDAC8_Wave1_DMA_dma.o)
 .debug_info    0x00003c20      0x1fb .\CortexM3\ARM_GCC_493\Debug\RPPSOC-Blink8.a(WaveDAC8_Wave2_DMA_dma.o)
 .debug_info    0x00003e1b      0x1dd .\CortexM3\ARM_GCC_493\Debug\RPPSOC-Blink8.a(WaveDAC8_VDAC8.o)
 .debug_info    0x00003ff8      0x608 .\CortexM3\ARM_GCC_493\Debug\RPPSOC-Blink8.a(CyFlash.o)
 .debug_info    0x00004600      0x4ed .\CortexM3\ARM_GCC_493\Debug\RPPSOC-Blink8.a(CySpc.o)

.debug_abbrev   0x00000000     0x14a4
 *(.debug_abbrev)
 .debug_abbrev  0x00000000       0x85 .\CortexM3\ARM_GCC_493\Debug\main.o
 .debug_abbrev  0x00000085       0x5d .\CortexM3\ARM_GCC_493\Debug\cymetadata.o
 .debug_abbrev  0x000000e2      0x20f .\CortexM3\ARM_GCC_493\Debug\Cm3Start.o
 .debug_abbrev  0x000002f1      0x203 .\CortexM3\ARM_GCC_493\Debug\RPPSOC-Blink8.a(cyfitter_cfg.o)
 .debug_abbrev  0x000004f4       0x14 .\CortexM3\ARM_GCC_493\Debug\RPPSOC-Blink8.a(CyBootAsmGnu.o)
 .debug_abbrev  0x00000508      0x1cc .\CortexM3\ARM_GCC_493\Debug\RPPSOC-Blink8.a(CyDmac.o)
 .debug_abbrev  0x000006d4      0x296 .\CortexM3\ARM_GCC_493\Debug\RPPSOC-Blink8.a(CyLib.o)
 .debug_abbrev  0x0000096a      0x1fa .\CortexM3\ARM_GCC_493\Debug\RPPSOC-Blink8.a(cyPm.o)
 .debug_abbrev  0x00000b64      0x15a .\CortexM3\ARM_GCC_493\Debug\RPPSOC-Blink8.a(WaveDAC8.o)
 .debug_abbrev  0x00000cbe      0x146 .\CortexM3\ARM_GCC_493\Debug\RPPSOC-Blink8.a(WaveDAC8_DacClk.o)
 .debug_abbrev  0x00000e04       0xf8 .\CortexM3\ARM_GCC_493\Debug\RPPSOC-Blink8.a(WaveDAC8_Wave1_DMA_dma.o)
 .debug_abbrev  0x00000efc       0xf8 .\CortexM3\ARM_GCC_493\Debug\RPPSOC-Blink8.a(WaveDAC8_Wave2_DMA_dma.o)
 .debug_abbrev  0x00000ff4      0x104 .\CortexM3\ARM_GCC_493\Debug\RPPSOC-Blink8.a(WaveDAC8_VDAC8.o)
 .debug_abbrev  0x000010f8      0x1de .\CortexM3\ARM_GCC_493\Debug\RPPSOC-Blink8.a(CyFlash.o)
 .debug_abbrev  0x000012d6      0x1ce .\CortexM3\ARM_GCC_493\Debug\RPPSOC-Blink8.a(CySpc.o)

.debug_line     0x00000000     0x1e18
 *(.debug_line)
 .debug_line    0x00000000      0x16a .\CortexM3\ARM_GCC_493\Debug\main.o
 .debug_line    0x0000016a       0x53 .\CortexM3\ARM_GCC_493\Debug\cymetadata.o
 .debug_line    0x000001bd      0x254 .\CortexM3\ARM_GCC_493\Debug\Cm3Start.o
 .debug_line    0x00000411      0x1e2 .\CortexM3\ARM_GCC_493\Debug\RPPSOC-Blink8.a(cyfitter_cfg.o)
 .debug_line    0x000005f3       0x68 .\CortexM3\ARM_GCC_493\Debug\RPPSOC-Blink8.a(CyBootAsmGnu.o)
 .debug_line    0x0000065b      0x2e5 .\CortexM3\ARM_GCC_493\Debug\RPPSOC-Blink8.a(CyDmac.o)
 .debug_line    0x00000940      0x806 .\CortexM3\ARM_GCC_493\Debug\RPPSOC-Blink8.a(CyLib.o)
 .debug_line    0x00001146      0x366 .\CortexM3\ARM_GCC_493\Debug\RPPSOC-Blink8.a(cyPm.o)
 .debug_line    0x000014ac      0x16f .\CortexM3\ARM_GCC_493\Debug\RPPSOC-Blink8.a(WaveDAC8.o)
 .debug_line    0x0000161b      0x197 .\CortexM3\ARM_GCC_493\Debug\RPPSOC-Blink8.a(WaveDAC8_DacClk.o)
 .debug_line    0x000017b2       0xa8 .\CortexM3\ARM_GCC_493\Debug\RPPSOC-Blink8.a(WaveDAC8_Wave1_DMA_dma.o)
 .debug_line    0x0000185a       0xa8 .\CortexM3\ARM_GCC_493\Debug\RPPSOC-Blink8.a(WaveDAC8_Wave2_DMA_dma.o)
 .debug_line    0x00001902       0xec .\CortexM3\ARM_GCC_493\Debug\RPPSOC-Blink8.a(WaveDAC8_VDAC8.o)
 .debug_line    0x000019ee      0x1ec .\CortexM3\ARM_GCC_493\Debug\RPPSOC-Blink8.a(CyFlash.o)
 .debug_line    0x00001bda      0x23e .\CortexM3\ARM_GCC_493\Debug\RPPSOC-Blink8.a(CySpc.o)

.debug_frame    0x00000000     0x137c
 *(.debug_frame)
 .debug_frame   0x00000000       0x2c .\CortexM3\ARM_GCC_493\Debug\main.o
 .debug_frame   0x0000002c       0xac .\CortexM3\ARM_GCC_493\Debug\Cm3Start.o
 .debug_frame   0x000000d8       0xe4 .\CortexM3\ARM_GCC_493\Debug\RPPSOC-Blink8.a(cyfitter_cfg.o)
 .debug_frame   0x000001bc      0x1f4 .\CortexM3\ARM_GCC_493\Debug\RPPSOC-Blink8.a(CyDmac.o)
 .debug_frame   0x000003b0      0x728 .\CortexM3\ARM_GCC_493\Debug\RPPSOC-Blink8.a(CyLib.o)
 .debug_frame   0x00000ad8      0x1f8 .\CortexM3\ARM_GCC_493\Debug\RPPSOC-Blink8.a(cyPm.o)
 .debug_frame   0x00000cd0       0xe0 .\CortexM3\ARM_GCC_493\Debug\RPPSOC-Blink8.a(WaveDAC8.o)
 .debug_frame   0x00000db0       0xe0 .\CortexM3\ARM_GCC_493\Debug\RPPSOC-Blink8.a(WaveDAC8_DacClk.o)
 .debug_frame   0x00000e90       0x54 .\CortexM3\ARM_GCC_493\Debug\RPPSOC-Blink8.a(WaveDAC8_Wave1_DMA_dma.o)
 .debug_frame   0x00000ee4       0x54 .\CortexM3\ARM_GCC_493\Debug\RPPSOC-Blink8.a(WaveDAC8_Wave2_DMA_dma.o)
 .debug_frame   0x00000f38       0xb4 .\CortexM3\ARM_GCC_493\Debug\RPPSOC-Blink8.a(WaveDAC8_VDAC8.o)
 .debug_frame   0x00000fec      0x174 .\CortexM3\ARM_GCC_493\Debug\RPPSOC-Blink8.a(CyFlash.o)
 .debug_frame   0x00001160      0x160 .\CortexM3\ARM_GCC_493\Debug\RPPSOC-Blink8.a(CySpc.o)
 .debug_frame   0x000012c0       0x20 c:/program files (x86)/cypress/psoc creator/3.3/psoc creator/import/gnu/arm/4.9.3/bin/../lib/gcc/arm-none-eabi/4.9.3/../../../../arm-none-eabi/lib/armv7-m\libg_nano.a(lib_a-errno.o)
 .debug_frame   0x000012e0       0x28 c:/program files (x86)/cypress/psoc creator/3.3/psoc creator/import/gnu/arm/4.9.3/bin/../lib/gcc/arm-none-eabi/4.9.3/../../../../arm-none-eabi/lib/armv7-m\libg_nano.a(lib_a-exit.o)
 .debug_frame   0x00001308       0x2c c:/program files (x86)/cypress/psoc creator/3.3/psoc creator/import/gnu/arm/4.9.3/bin/../lib/gcc/arm-none-eabi/4.9.3/../../../../arm-none-eabi/lib/armv7-m\libg_nano.a(lib_a-init.o)
 .debug_frame   0x00001334       0x28 c:/program files (x86)/cypress/psoc creator/3.3/psoc creator/import/gnu/arm/4.9.3/bin/../lib/gcc/arm-none-eabi/4.9.3/../../../../arm-none-eabi/lib/armv7-m\libg_nano.a(lib_a-memcpy.o)
 .debug_frame   0x0000135c       0x20 c:/program files (x86)/cypress/psoc creator/3.3/psoc creator/import/gnu/arm/4.9.3/bin/../lib/gcc/arm-none-eabi/4.9.3/../../../../arm-none-eabi/lib/armv7-m\libg_nano.a(lib_a-memset.o)

.debug_str      0x00000000     0x1b34
 *(.debug_str)
 .debug_str     0x00000000      0x169 .\CortexM3\ARM_GCC_493\Debug\main.o
                                0x1aa (size before relaxing)
 .debug_str     0x00000169       0x7d .\CortexM3\ARM_GCC_493\Debug\cymetadata.o
                                0x1eb (size before relaxing)
 .debug_str     0x000001e6      0x17c .\CortexM3\ARM_GCC_493\Debug\Cm3Start.o
                                0x30f (size before relaxing)
 .debug_str     0x00000362      0x15d .\CortexM3\ARM_GCC_493\Debug\RPPSOC-Blink8.a(cyfitter_cfg.o)
                                0x304 (size before relaxing)
 .debug_str     0x000004bf      0x394 .\CortexM3\ARM_GCC_493\Debug\RPPSOC-Blink8.a(CyDmac.o)
                                0x53f (size before relaxing)
 .debug_str     0x00000853      0x7e3 .\CortexM3\ARM_GCC_493\Debug\RPPSOC-Blink8.a(CyLib.o)
                                0xa24 (size before relaxing)
 .debug_str     0x00001036      0x35b .\CortexM3\ARM_GCC_493\Debug\RPPSOC-Blink8.a(cyPm.o)
                                0x71c (size before relaxing)
 .debug_str     0x00001391      0x230 .\CortexM3\ARM_GCC_493\Debug\RPPSOC-Blink8.a(WaveDAC8.o)
                                0x435 (size before relaxing)
 .debug_str     0x000015c1      0x199 .\CortexM3\ARM_GCC_493\Debug\RPPSOC-Blink8.a(WaveDAC8_DacClk.o)
                                0x34f (size before relaxing)
 .debug_str     0x0000175a       0xa8 .\CortexM3\ARM_GCC_493\Debug\RPPSOC-Blink8.a(WaveDAC8_Wave1_DMA_dma.o)
                                0x29e (size before relaxing)
 .debug_str     0x00001802       0x6d .\CortexM3\ARM_GCC_493\Debug\RPPSOC-Blink8.a(WaveDAC8_Wave2_DMA_dma.o)
                                0x29e (size before relaxing)
 .debug_str     0x0000186f       0x79 .\CortexM3\ARM_GCC_493\Debug\RPPSOC-Blink8.a(WaveDAC8_VDAC8.o)
                                0x27a (size before relaxing)
 .debug_str     0x000018e8      0x19e .\CortexM3\ARM_GCC_493\Debug\RPPSOC-Blink8.a(CyFlash.o)
                                0x396 (size before relaxing)
 .debug_str     0x00001a86       0xae .\CortexM3\ARM_GCC_493\Debug\RPPSOC-Blink8.a(CySpc.o)
                                0x31f (size before relaxing)

.debug_loc      0x00000000     0x27a8
 *(.debug_loc)
 .debug_loc     0x00000000      0x144 .\CortexM3\ARM_GCC_493\Debug\Cm3Start.o
 .debug_loc     0x00000144      0x1d7 .\CortexM3\ARM_GCC_493\Debug\RPPSOC-Blink8.a(cyfitter_cfg.o)
 .debug_loc     0x0000031b      0xb83 .\CortexM3\ARM_GCC_493\Debug\RPPSOC-Blink8.a(CyDmac.o)
 .debug_loc     0x00000e9e      0xa11 .\CortexM3\ARM_GCC_493\Debug\RPPSOC-Blink8.a(CyLib.o)
 .debug_loc     0x000018af      0x1e4 .\CortexM3\ARM_GCC_493\Debug\RPPSOC-Blink8.a(cyPm.o)
 .debug_loc     0x00001a93      0x11b .\CortexM3\ARM_GCC_493\Debug\RPPSOC-Blink8.a(WaveDAC8.o)
 .debug_loc     0x00001bae      0x12c .\CortexM3\ARM_GCC_493\Debug\RPPSOC-Blink8.a(WaveDAC8_DacClk.o)
 .debug_loc     0x00001cda       0x84 .\CortexM3\ARM_GCC_493\Debug\RPPSOC-Blink8.a(WaveDAC8_Wave1_DMA_dma.o)
 .debug_loc     0x00001d5e       0x84 .\CortexM3\ARM_GCC_493\Debug\RPPSOC-Blink8.a(WaveDAC8_Wave2_DMA_dma.o)
 .debug_loc     0x00001de2       0x79 .\CortexM3\ARM_GCC_493\Debug\RPPSOC-Blink8.a(WaveDAC8_VDAC8.o)
 .debug_loc     0x00001e5b      0x300 .\CortexM3\ARM_GCC_493\Debug\RPPSOC-Blink8.a(CyFlash.o)
 .debug_loc     0x0000215b      0x64d .\CortexM3\ARM_GCC_493\Debug\RPPSOC-Blink8.a(CySpc.o)

.debug_macinfo
 *(.debug_macinfo)

.debug_ranges   0x00000000      0x658
 *(.debug_ranges)
 .debug_ranges  0x00000000       0x10 .\CortexM3\ARM_GCC_493\Debug\main.o
 .debug_ranges  0x00000010       0x38 .\CortexM3\ARM_GCC_493\Debug\Cm3Start.o
 .debug_ranges  0x00000048       0x48 .\CortexM3\ARM_GCC_493\Debug\RPPSOC-Blink8.a(cyfitter_cfg.o)
 .debug_ranges  0x00000090       0xc8 .\CortexM3\ARM_GCC_493\Debug\RPPSOC-Blink8.a(CyDmac.o)
 .debug_ranges  0x00000158      0x288 .\CortexM3\ARM_GCC_493\Debug\RPPSOC-Blink8.a(CyLib.o)
 .debug_ranges  0x000003e0       0x88 .\CortexM3\ARM_GCC_493\Debug\RPPSOC-Blink8.a(cyPm.o)
 .debug_ranges  0x00000468       0x40 .\CortexM3\ARM_GCC_493\Debug\RPPSOC-Blink8.a(WaveDAC8.o)
 .debug_ranges  0x000004a8       0x60 .\CortexM3\ARM_GCC_493\Debug\RPPSOC-Blink8.a(WaveDAC8_DacClk.o)
 .debug_ranges  0x00000508       0x18 .\CortexM3\ARM_GCC_493\Debug\RPPSOC-Blink8.a(WaveDAC8_Wave1_DMA_dma.o)
 .debug_ranges  0x00000520       0x18 .\CortexM3\ARM_GCC_493\Debug\RPPSOC-Blink8.a(WaveDAC8_Wave2_DMA_dma.o)
 .debug_ranges  0x00000538       0x48 .\CortexM3\ARM_GCC_493\Debug\RPPSOC-Blink8.a(WaveDAC8_VDAC8.o)
 .debug_ranges  0x00000580       0x70 .\CortexM3\ARM_GCC_493\Debug\RPPSOC-Blink8.a(CyFlash.o)
 .debug_ranges  0x000005f0       0x68 .\CortexM3\ARM_GCC_493\Debug\RPPSOC-Blink8.a(CySpc.o)

.comment        0x00000000       0x70
 .comment       0x00000000       0x70 .\CortexM3\ARM_GCC_493\Debug\main.o
                                 0x71 (size before relaxing)
 .comment       0x00000000       0x71 .\CortexM3\ARM_GCC_493\Debug\cymetadata.o
 .comment       0x00000000       0x71 .\CortexM3\ARM_GCC_493\Debug\Cm3Start.o
 .comment       0x00000000       0x71 .\CortexM3\ARM_GCC_493\Debug\RPPSOC-Blink8.a(cyfitter_cfg.o)
 .comment       0x00000000       0x71 .\CortexM3\ARM_GCC_493\Debug\RPPSOC-Blink8.a(CyDmac.o)
 .comment       0x00000000       0x71 .\CortexM3\ARM_GCC_493\Debug\RPPSOC-Blink8.a(CyLib.o)
 .comment       0x00000000       0x71 .\CortexM3\ARM_GCC_493\Debug\RPPSOC-Blink8.a(cyPm.o)
 .comment       0x00000000       0x71 .\CortexM3\ARM_GCC_493\Debug\RPPSOC-Blink8.a(WaveDAC8.o)
 .comment       0x00000000       0x71 .\CortexM3\ARM_GCC_493\Debug\RPPSOC-Blink8.a(WaveDAC8_DacClk.o)
 .comment       0x00000000       0x71 .\CortexM3\ARM_GCC_493\Debug\RPPSOC-Blink8.a(WaveDAC8_Wave1_DMA_dma.o)
 .comment       0x00000000       0x71 .\CortexM3\ARM_GCC_493\Debug\RPPSOC-Blink8.a(WaveDAC8_Wave2_DMA_dma.o)
 .comment       0x00000000       0x71 .\CortexM3\ARM_GCC_493\Debug\RPPSOC-Blink8.a(WaveDAC8_VDAC8.o)
 .comment       0x00000000       0x71 .\CortexM3\ARM_GCC_493\Debug\RPPSOC-Blink8.a(CyFlash.o)
 .comment       0x00000000       0x71 .\CortexM3\ARM_GCC_493\Debug\RPPSOC-Blink8.a(CySpc.o)

.debug_weaknames
 *(.debug_weaknames)

.debug_funcnames
 *(.debug_funcnames)

.debug_typenames
 *(.debug_typenames)

.debug_varnames
 *(.debug_varnames)

.note.gnu.arm.ident
 *(.note.gnu.arm.ident)

.ARM.attributes
                0x00000000       0x29
 *(.ARM.attributes)
 .ARM.attributes
                0x00000000       0x1d c:/program files (x86)/cypress/psoc creator/3.3/psoc creator/import/gnu/arm/4.9.3/bin/../lib/gcc/arm-none-eabi/4.9.3/armv7-m/crti.o
 .ARM.attributes
                0x0000001d       0x2d c:/program files (x86)/cypress/psoc creator/3.3/psoc creator/import/gnu/arm/4.9.3/bin/../lib/gcc/arm-none-eabi/4.9.3/armv7-m/crtbegin.o
 .ARM.attributes
                0x0000004a       0x1b c:/program files (x86)/cypress/psoc creator/3.3/psoc creator/import/gnu/arm/4.9.3/bin/../lib/gcc/arm-none-eabi/4.9.3/../../../../arm-none-eabi/lib/armv7-m/crt0.o
 .ARM.attributes
                0x00000065       0x33 .\CortexM3\ARM_GCC_493\Debug\main.o
 .ARM.attributes
                0x00000098       0x33 .\CortexM3\ARM_GCC_493\Debug\cymetadata.o
 .ARM.attributes
                0x000000cb       0x33 .\CortexM3\ARM_GCC_493\Debug\Cm3Start.o
 .ARM.attributes
                0x000000fe       0x33 .\CortexM3\ARM_GCC_493\Debug\RPPSOC-Blink8.a(cyfitter_cfg.o)
 .ARM.attributes
                0x00000131       0x21 .\CortexM3\ARM_GCC_493\Debug\RPPSOC-Blink8.a(CyBootAsmGnu.o)
 .ARM.attributes
                0x00000152       0x33 .\CortexM3\ARM_GCC_493\Debug\RPPSOC-Blink8.a(CyDmac.o)
 .ARM.attributes
                0x00000185       0x33 .\CortexM3\ARM_GCC_493\Debug\RPPSOC-Blink8.a(CyLib.o)
 .ARM.attributes
                0x000001b8       0x33 .\CortexM3\ARM_GCC_493\Debug\RPPSOC-Blink8.a(cyPm.o)
 .ARM.attributes
                0x000001eb       0x33 .\CortexM3\ARM_GCC_493\Debug\RPPSOC-Blink8.a(WaveDAC8.o)
 .ARM.attributes
                0x0000021e       0x33 .\CortexM3\ARM_GCC_493\Debug\RPPSOC-Blink8.a(WaveDAC8_DacClk.o)
 .ARM.attributes
                0x00000251       0x33 .\CortexM3\ARM_GCC_493\Debug\RPPSOC-Blink8.a(WaveDAC8_Wave1_DMA_dma.o)
 .ARM.attributes
                0x00000284       0x33 .\CortexM3\ARM_GCC_493\Debug\RPPSOC-Blink8.a(WaveDAC8_Wave2_DMA_dma.o)
 .ARM.attributes
                0x000002b7       0x33 .\CortexM3\ARM_GCC_493\Debug\RPPSOC-Blink8.a(WaveDAC8_VDAC8.o)
 .ARM.attributes
                0x000002ea       0x33 .\CortexM3\ARM_GCC_493\Debug\RPPSOC-Blink8.a(CyFlash.o)
 .ARM.attributes
                0x0000031d       0x33 .\CortexM3\ARM_GCC_493\Debug\RPPSOC-Blink8.a(CySpc.o)
 .ARM.attributes
                0x00000350       0x2d c:/program files (x86)/cypress/psoc creator/3.3/psoc creator/import/gnu/arm/4.9.3/bin/../lib/gcc/arm-none-eabi/4.9.3/../../../../arm-none-eabi/lib/armv7-m\libg_nano.a(lib_a-errno.o)
 .ARM.attributes
                0x0000037d       0x2d c:/program files (x86)/cypress/psoc creator/3.3/psoc creator/import/gnu/arm/4.9.3/bin/../lib/gcc/arm-none-eabi/4.9.3/../../../../arm-none-eabi/lib/armv7-m\libg_nano.a(lib_a-exit.o)
 .ARM.attributes
                0x000003aa       0x2d c:/program files (x86)/cypress/psoc creator/3.3/psoc creator/import/gnu/arm/4.9.3/bin/../lib/gcc/arm-none-eabi/4.9.3/../../../../arm-none-eabi/lib/armv7-m\libg_nano.a(lib_a-impure.o)
 .ARM.attributes
                0x000003d7       0x2d c:/program files (x86)/cypress/psoc creator/3.3/psoc creator/import/gnu/arm/4.9.3/bin/../lib/gcc/arm-none-eabi/4.9.3/../../../../arm-none-eabi/lib/armv7-m\libg_nano.a(lib_a-init.o)
 .ARM.attributes
                0x00000404       0x2d c:/program files (x86)/cypress/psoc creator/3.3/psoc creator/import/gnu/arm/4.9.3/bin/../lib/gcc/arm-none-eabi/4.9.3/../../../../arm-none-eabi/lib/armv7-m\libg_nano.a(lib_a-memcpy.o)
 .ARM.attributes
                0x00000431       0x2d c:/program files (x86)/cypress/psoc creator/3.3/psoc creator/import/gnu/arm/4.9.3/bin/../lib/gcc/arm-none-eabi/4.9.3/../../../../arm-none-eabi/lib/armv7-m\libg_nano.a(lib_a-memset.o)
 .ARM.attributes
                0x0000045e       0x2d c:/program files (x86)/cypress/psoc creator/3.3/psoc creator/import/gnu/arm/4.9.3/bin/../lib/gcc/arm-none-eabi/4.9.3/armv7-m/crtend.o
 .ARM.attributes
                0x0000048b       0x1d c:/program files (x86)/cypress/psoc creator/3.3/psoc creator/import/gnu/arm/4.9.3/bin/../lib/gcc/arm-none-eabi/4.9.3/armv7-m/crtn.o

/DISCARD/
 *(.note.GNU-stack)
OUTPUT(.\CortexM3\ARM_GCC_493\Debug\RPPSOC-Blink8.elf elf32-littlearm)
