Archive member included because of file (symbol)

.\CortexM3\ARM_GCC_493\Debug\RPPSOC-FAT-Chain.a(cyfitter_cfg.o)
                              .\CortexM3\ARM_GCC_493\Debug\Cm3Start.o (cyfitter_cfg)
.\CortexM3\ARM_GCC_493\Debug\RPPSOC-FAT-Chain.a(CyBootAsmGnu.o)
                              .\CortexM3\ARM_GCC_493\Debug\RPPSOC-FAT-Chain.a(cyfitter_cfg.o) (CyDelayCycles)
.\CortexM3\ARM_GCC_493\Debug\RPPSOC-FAT-Chain.a(CyLib.o)
                              .\CortexM3\ARM_GCC_493\Debug\Cm3Start.o (CyHalt)
.\CortexM3\ARM_GCC_493\Debug\RPPSOC-FAT-Chain.a(cyPm.o)
                              .\CortexM3\ARM_GCC_493\Debug\RPPSOC-FAT-Chain.a(CyLib.o) (CyPmReadStatus)
.\CortexM3\ARM_GCC_493\Debug\RPPSOC-FAT-Chain.a(I2C_1.o)
                              .\CortexM3\ARM_GCC_493\Debug\main.o (I2C_1_Start)
.\CortexM3\ARM_GCC_493\Debug\RPPSOC-FAT-Chain.a(I2C_1_INT.o)
                              .\CortexM3\ARM_GCC_493\Debug\RPPSOC-FAT-Chain.a(I2C_1.o) (I2C_1_ISR)
.\CortexM3\ARM_GCC_493\Debug\RPPSOC-FAT-Chain.a(I2C_1_PM.o)
                              .\CortexM3\ARM_GCC_493\Debug\RPPSOC-FAT-Chain.a(I2C_1.o) (I2C_1_backup)
.\CortexM3\ARM_GCC_493\Debug\RPPSOC-FAT-Chain.a(I2C_1_SLAVE.o)
                              .\CortexM3\ARM_GCC_493\Debug\main.o (I2C_1_SlaveStatus)
.\CortexM3\ARM_GCC_493\Debug\RPPSOC-FAT-Chain.a(Control_Reg_1.o)
                              .\CortexM3\ARM_GCC_493\Debug\main.o (Control_Reg_1_Write)
.\CortexM3\ARM_GCC_493\Debug\RPPSOC-FAT-Chain.a(CyFlash.o)
                              .\CortexM3\ARM_GCC_493\Debug\RPPSOC-FAT-Chain.a(cyPm.o) (CyFlash_SetWaitCycles)
.\CortexM3\ARM_GCC_493\Debug\RPPSOC-FAT-Chain.a(CySpc.o)
                              .\CortexM3\ARM_GCC_493\Debug\RPPSOC-FAT-Chain.a(CyFlash.o) (CySpcStart)
c:/program files (x86)/cypress/psoc creator/3.3/psoc creator/import/gnu/arm/4.9.3/bin/../lib/gcc/arm-none-eabi/4.9.3/../../../../arm-none-eabi/lib/armv7-m\libg_nano.a(lib_a-errno.o)
                              .\CortexM3\ARM_GCC_493\Debug\Cm3Start.o (__errno)
c:/program files (x86)/cypress/psoc creator/3.3/psoc creator/import/gnu/arm/4.9.3/bin/../lib/gcc/arm-none-eabi/4.9.3/../../../../arm-none-eabi/lib/armv7-m\libg_nano.a(lib_a-exit.o)
                              c:/program files (x86)/cypress/psoc creator/3.3/psoc creator/import/gnu/arm/4.9.3/bin/../lib/gcc/arm-none-eabi/4.9.3/../../../../arm-none-eabi/lib/armv7-m/crt0.o (exit)
c:/program files (x86)/cypress/psoc creator/3.3/psoc creator/import/gnu/arm/4.9.3/bin/../lib/gcc/arm-none-eabi/4.9.3/../../../../arm-none-eabi/lib/armv7-m\libg_nano.a(lib_a-impure.o)
                              c:/program files (x86)/cypress/psoc creator/3.3/psoc creator/import/gnu/arm/4.9.3/bin/../lib/gcc/arm-none-eabi/4.9.3/../../../../arm-none-eabi/lib/armv7-m\libg_nano.a(lib_a-exit.o) (_global_impure_ptr)
c:/program files (x86)/cypress/psoc creator/3.3/psoc creator/import/gnu/arm/4.9.3/bin/../lib/gcc/arm-none-eabi/4.9.3/../../../../arm-none-eabi/lib/armv7-m\libg_nano.a(lib_a-init.o)
                              c:/program files (x86)/cypress/psoc creator/3.3/psoc creator/import/gnu/arm/4.9.3/bin/../lib/gcc/arm-none-eabi/4.9.3/../../../../arm-none-eabi/lib/armv7-m/crt0.o (__libc_init_array)
c:/program files (x86)/cypress/psoc creator/3.3/psoc creator/import/gnu/arm/4.9.3/bin/../lib/gcc/arm-none-eabi/4.9.3/../../../../arm-none-eabi/lib/armv7-m\libg_nano.a(lib_a-memcpy.o)
                              .\CortexM3\ARM_GCC_493\Debug\RPPSOC-FAT-Chain.a(cyfitter_cfg.o) (memcpy)
c:/program files (x86)/cypress/psoc creator/3.3/psoc creator/import/gnu/arm/4.9.3/bin/../lib/gcc/arm-none-eabi/4.9.3/../../../../arm-none-eabi/lib/armv7-m\libg_nano.a(lib_a-memset.o)
                              c:/program files (x86)/cypress/psoc creator/3.3/psoc creator/import/gnu/arm/4.9.3/bin/../lib/gcc/arm-none-eabi/4.9.3/../../../../arm-none-eabi/lib/armv7-m/crt0.o (memset)

Allocating common symbols
Common symbol       size              file

I2C_1_slRdBufIndex  0x1               .\CortexM3\ARM_GCC_493\Debug\RPPSOC-FAT-Chain.a(I2C_1_SLAVE.o)
I2C_1_slStatus      0x1               .\CortexM3\ARM_GCC_493\Debug\RPPSOC-FAT-Chain.a(I2C_1_SLAVE.o)
I2C_1_slWrBufSize   0x1               .\CortexM3\ARM_GCC_493\Debug\RPPSOC-FAT-Chain.a(I2C_1_SLAVE.o)
I2C_1_slRdBufPtr    0x4               .\CortexM3\ARM_GCC_493\Debug\RPPSOC-FAT-Chain.a(I2C_1_SLAVE.o)
I2C_1_slWrBufIndex  0x1               .\CortexM3\ARM_GCC_493\Debug\RPPSOC-FAT-Chain.a(I2C_1_SLAVE.o)
I2C_1_slWrBufPtr    0x4               .\CortexM3\ARM_GCC_493\Debug\RPPSOC-FAT-Chain.a(I2C_1_SLAVE.o)
I2C_1_state         0x1               .\CortexM3\ARM_GCC_493\Debug\RPPSOC-FAT-Chain.a(I2C_1.o)
dieTemperature      0x2               .\CortexM3\ARM_GCC_493\Debug\RPPSOC-FAT-Chain.a(CyFlash.o)
I2C_1_slRdBufSize   0x1               .\CortexM3\ARM_GCC_493\Debug\RPPSOC-FAT-Chain.a(I2C_1_SLAVE.o)

Discarded input sections

 .text          0x00000000        0x0 c:/program files (x86)/cypress/psoc creator/3.3/psoc creator/import/gnu/arm/4.9.3/bin/../lib/gcc/arm-none-eabi/4.9.3/armv7-m/crti.o
 .data          0x00000000        0x0 c:/program files (x86)/cypress/psoc creator/3.3/psoc creator/import/gnu/arm/4.9.3/bin/../lib/gcc/arm-none-eabi/4.9.3/armv7-m/crti.o
 .bss           0x00000000        0x0 c:/program files (x86)/cypress/psoc creator/3.3/psoc creator/import/gnu/arm/4.9.3/bin/../lib/gcc/arm-none-eabi/4.9.3/armv7-m/crti.o
 .data          0x00000000        0x4 c:/program files (x86)/cypress/psoc creator/3.3/psoc creator/import/gnu/arm/4.9.3/bin/../lib/gcc/arm-none-eabi/4.9.3/armv7-m/crtbegin.o
 .text          0x00000000       0x74 c:/program files (x86)/cypress/psoc creator/3.3/psoc creator/import/gnu/arm/4.9.3/bin/../lib/gcc/arm-none-eabi/4.9.3/../../../../arm-none-eabi/lib/armv7-m/crt0.o
 .data          0x00000000        0x0 c:/program files (x86)/cypress/psoc creator/3.3/psoc creator/import/gnu/arm/4.9.3/bin/../lib/gcc/arm-none-eabi/4.9.3/../../../../arm-none-eabi/lib/armv7-m/crt0.o
 .bss           0x00000000        0x0 c:/program files (x86)/cypress/psoc creator/3.3/psoc creator/import/gnu/arm/4.9.3/bin/../lib/gcc/arm-none-eabi/4.9.3/../../../../arm-none-eabi/lib/armv7-m/crt0.o
 .ARM.extab     0x00000000        0x0 c:/program files (x86)/cypress/psoc creator/3.3/psoc creator/import/gnu/arm/4.9.3/bin/../lib/gcc/arm-none-eabi/4.9.3/../../../../arm-none-eabi/lib/armv7-m/crt0.o
 .ARM.exidx     0x00000000        0x8 c:/program files (x86)/cypress/psoc creator/3.3/psoc creator/import/gnu/arm/4.9.3/bin/../lib/gcc/arm-none-eabi/4.9.3/../../../../arm-none-eabi/lib/armv7-m/crt0.o
 .text          0x00000000        0x0 .\CortexM3\ARM_GCC_493\Debug\main.o
 .data          0x00000000        0x0 .\CortexM3\ARM_GCC_493\Debug\main.o
 .bss           0x00000000        0x0 .\CortexM3\ARM_GCC_493\Debug\main.o
 .text          0x00000000        0x0 .\CortexM3\ARM_GCC_493\Debug\cymetadata.o
 .data          0x00000000        0x0 .\CortexM3\ARM_GCC_493\Debug\cymetadata.o
 .bss           0x00000000        0x0 .\CortexM3\ARM_GCC_493\Debug\cymetadata.o
 .text          0x00000000        0x0 .\CortexM3\ARM_GCC_493\Debug\Cm3Start.o
 .data          0x00000000        0x4 .\CortexM3\ARM_GCC_493\Debug\Cm3Start.o
 .bss           0x00000000        0x0 .\CortexM3\ARM_GCC_493\Debug\Cm3Start.o
 .text._exit    0x00000000        0xc .\CortexM3\ARM_GCC_493\Debug\Cm3Start.o
 .text._sbrk    0x00000000       0x30 .\CortexM3\ARM_GCC_493\Debug\Cm3Start.o
 .text          0x00000000        0x0 .\CortexM3\ARM_GCC_493\Debug\RPPSOC-FAT-Chain.a(cyfitter_cfg.o)
 .data          0x00000000        0x0 .\CortexM3\ARM_GCC_493\Debug\RPPSOC-FAT-Chain.a(cyfitter_cfg.o)
 .bss           0x00000000        0x0 .\CortexM3\ARM_GCC_493\Debug\RPPSOC-FAT-Chain.a(cyfitter_cfg.o)
 .text.SetAnalogRoutingPumps
                0x00000000       0x10 .\CortexM3\ARM_GCC_493\Debug\RPPSOC-FAT-Chain.a(cyfitter_cfg.o)
 .data          0x00000000        0x0 .\CortexM3\ARM_GCC_493\Debug\RPPSOC-FAT-Chain.a(CyBootAsmGnu.o)
 .bss           0x00000000        0x0 .\CortexM3\ARM_GCC_493\Debug\RPPSOC-FAT-Chain.a(CyBootAsmGnu.o)
 .text          0x00000000        0x0 .\CortexM3\ARM_GCC_493\Debug\RPPSOC-FAT-Chain.a(CyLib.o)
 .data          0x00000000       0x10 .\CortexM3\ARM_GCC_493\Debug\RPPSOC-FAT-Chain.a(CyLib.o)
 .bss           0x00000000       0x1c .\CortexM3\ARM_GCC_493\Debug\RPPSOC-FAT-Chain.a(CyLib.o)
 .text.CyUSB_PowerOnCheck
                0x00000000       0x48 .\CortexM3\ARM_GCC_493\Debug\RPPSOC-FAT-Chain.a(CyLib.o)
 .text.CyBusClk_Internal_SetDivider
                0x00000000       0x48 .\CortexM3\ARM_GCC_493\Debug\RPPSOC-FAT-Chain.a(CyLib.o)
 .text.CyPLL_OUT_Stop
                0x00000000       0x10 .\CortexM3\ARM_GCC_493\Debug\RPPSOC-FAT-Chain.a(CyLib.o)
 .text.CyIMO_Stop
                0x00000000       0x1c .\CortexM3\ARM_GCC_493\Debug\RPPSOC-FAT-Chain.a(CyLib.o)
 .text.CyIMO_EnableDoubler
                0x00000000       0x10 .\CortexM3\ARM_GCC_493\Debug\RPPSOC-FAT-Chain.a(CyLib.o)
 .text.CyIMO_DisableDoubler
                0x00000000       0x10 .\CortexM3\ARM_GCC_493\Debug\RPPSOC-FAT-Chain.a(CyLib.o)
 .text.CyMasterClk_SetSource
                0x00000000       0x18 .\CortexM3\ARM_GCC_493\Debug\RPPSOC-FAT-Chain.a(CyLib.o)
 .text.CyMasterClk_SetDivider
                0x00000000        0xc .\CortexM3\ARM_GCC_493\Debug\RPPSOC-FAT-Chain.a(CyLib.o)
 .text.CyBusClk_SetDivider
                0x00000000       0x70 .\CortexM3\ARM_GCC_493\Debug\RPPSOC-FAT-Chain.a(CyLib.o)
 .text.CyUsbClk_SetSource
                0x00000000       0x18 .\CortexM3\ARM_GCC_493\Debug\RPPSOC-FAT-Chain.a(CyLib.o)
 .text.CyILO_Start1K
                0x00000000       0x10 .\CortexM3\ARM_GCC_493\Debug\RPPSOC-FAT-Chain.a(CyLib.o)
 .text.CyILO_Stop1K
                0x00000000       0x10 .\CortexM3\ARM_GCC_493\Debug\RPPSOC-FAT-Chain.a(CyLib.o)
 .text.CyILO_Start100K
                0x00000000       0x10 .\CortexM3\ARM_GCC_493\Debug\RPPSOC-FAT-Chain.a(CyLib.o)
 .text.CyILO_Stop100K
                0x00000000       0x10 .\CortexM3\ARM_GCC_493\Debug\RPPSOC-FAT-Chain.a(CyLib.o)
 .text.CyPLL_OUT_Start
                0x00000000       0x78 .\CortexM3\ARM_GCC_493\Debug\RPPSOC-FAT-Chain.a(CyLib.o)
 .text.CyIMO_Start
                0x00000000       0x60 .\CortexM3\ARM_GCC_493\Debug\RPPSOC-FAT-Chain.a(CyLib.o)
 .text.CyILO_Enable33K
                0x00000000       0x10 .\CortexM3\ARM_GCC_493\Debug\RPPSOC-FAT-Chain.a(CyLib.o)
 .text.CyILO_Disable33K
                0x00000000       0x10 .\CortexM3\ARM_GCC_493\Debug\RPPSOC-FAT-Chain.a(CyLib.o)
 .text.CyILO_SetSource
                0x00000000       0x18 .\CortexM3\ARM_GCC_493\Debug\RPPSOC-FAT-Chain.a(CyLib.o)
 .text.CyILO_SetPowerMode
                0x00000000       0x24 .\CortexM3\ARM_GCC_493\Debug\RPPSOC-FAT-Chain.a(CyLib.o)
 .text.CyXTAL_32KHZ_Stop
                0x00000000       0x30 .\CortexM3\ARM_GCC_493\Debug\RPPSOC-FAT-Chain.a(CyLib.o)
 .text.CyXTAL_32KHZ_ReadStatus
                0x00000000       0x10 .\CortexM3\ARM_GCC_493\Debug\RPPSOC-FAT-Chain.a(CyLib.o)
 .text.CyXTAL_Start
                0x00000000       0xac .\CortexM3\ARM_GCC_493\Debug\RPPSOC-FAT-Chain.a(CyLib.o)
 .text.CyXTAL_Stop
                0x00000000       0x10 .\CortexM3\ARM_GCC_493\Debug\RPPSOC-FAT-Chain.a(CyLib.o)
 .text.CyXTAL_EnableErrStatus
                0x00000000       0x10 .\CortexM3\ARM_GCC_493\Debug\RPPSOC-FAT-Chain.a(CyLib.o)
 .text.CyXTAL_DisableErrStatus
                0x00000000       0x10 .\CortexM3\ARM_GCC_493\Debug\RPPSOC-FAT-Chain.a(CyLib.o)
 .text.CyXTAL_ReadStatus
                0x00000000       0x18 .\CortexM3\ARM_GCC_493\Debug\RPPSOC-FAT-Chain.a(CyLib.o)
 .text.CyXTAL_EnableFaultRecovery
                0x00000000       0x10 .\CortexM3\ARM_GCC_493\Debug\RPPSOC-FAT-Chain.a(CyLib.o)
 .text.CyXTAL_DisableFaultRecovery
                0x00000000       0x10 .\CortexM3\ARM_GCC_493\Debug\RPPSOC-FAT-Chain.a(CyLib.o)
 .text.CyXTAL_SetStartup
                0x00000000       0x18 .\CortexM3\ARM_GCC_493\Debug\RPPSOC-FAT-Chain.a(CyLib.o)
 .text.CyXTAL_SetFbVoltage
                0x00000000       0x18 .\CortexM3\ARM_GCC_493\Debug\RPPSOC-FAT-Chain.a(CyLib.o)
 .text.CyXTAL_SetWdVoltage
                0x00000000       0x18 .\CortexM3\ARM_GCC_493\Debug\RPPSOC-FAT-Chain.a(CyLib.o)
 .text.CyPLL_OUT_SetPQ
                0x00000000       0x60 .\CortexM3\ARM_GCC_493\Debug\RPPSOC-FAT-Chain.a(CyLib.o)
 .text.CyPLL_OUT_SetSource
                0x00000000       0x34 .\CortexM3\ARM_GCC_493\Debug\RPPSOC-FAT-Chain.a(CyLib.o)
 .text.CyIMO_SetTrimValue
                0x00000000       0xcc .\CortexM3\ARM_GCC_493\Debug\RPPSOC-FAT-Chain.a(CyLib.o)
 .text.CyIMO_SetFreq
                0x00000000       0xf4 .\CortexM3\ARM_GCC_493\Debug\RPPSOC-FAT-Chain.a(CyLib.o)
 .text.CyIMO_SetSource
                0x00000000       0x58 .\CortexM3\ARM_GCC_493\Debug\RPPSOC-FAT-Chain.a(CyLib.o)
 .text.CySoftwareReset
                0x00000000       0x10 .\CortexM3\ARM_GCC_493\Debug\RPPSOC-FAT-Chain.a(CyLib.o)
 .text.CyDelay  0x00000000       0x2c .\CortexM3\ARM_GCC_493\Debug\RPPSOC-FAT-Chain.a(CyLib.o)
 .text.CyDelayUs
                0x00000000       0x14 .\CortexM3\ARM_GCC_493\Debug\RPPSOC-FAT-Chain.a(CyLib.o)
 .text.CyXTAL_32KHZ_SetPowerMode
                0x00000000       0x84 .\CortexM3\ARM_GCC_493\Debug\RPPSOC-FAT-Chain.a(CyLib.o)
 .text.CyXTAL_32KHZ_Start
                0x00000000       0x70 .\CortexM3\ARM_GCC_493\Debug\RPPSOC-FAT-Chain.a(CyLib.o)
 .text.CyDelayFreq
                0x00000000       0x4c .\CortexM3\ARM_GCC_493\Debug\RPPSOC-FAT-Chain.a(CyLib.o)
 .text.CyWdtStart
                0x00000000       0x40 .\CortexM3\ARM_GCC_493\Debug\RPPSOC-FAT-Chain.a(CyLib.o)
 .text.CyWdtClear
                0x00000000        0xc .\CortexM3\ARM_GCC_493\Debug\RPPSOC-FAT-Chain.a(CyLib.o)
 .text.CyVdStickyStatus
                0x00000000       0x2c .\CortexM3\ARM_GCC_493\Debug\RPPSOC-FAT-Chain.a(CyLib.o)
 .text.CyVdLvDigitEnable
                0x00000000       0x84 .\CortexM3\ARM_GCC_493\Debug\RPPSOC-FAT-Chain.a(CyLib.o)
 .text.CyVdLvAnalogEnable
                0x00000000       0x80 .\CortexM3\ARM_GCC_493\Debug\RPPSOC-FAT-Chain.a(CyLib.o)
 .text.CyVdLvDigitDisable
                0x00000000       0x30 .\CortexM3\ARM_GCC_493\Debug\RPPSOC-FAT-Chain.a(CyLib.o)
 .text.CyVdLvAnalogDisable
                0x00000000       0x28 .\CortexM3\ARM_GCC_493\Debug\RPPSOC-FAT-Chain.a(CyLib.o)
 .text.CyVdHvAnalogEnable
                0x00000000       0x54 .\CortexM3\ARM_GCC_493\Debug\RPPSOC-FAT-Chain.a(CyLib.o)
 .text.CyVdHvAnalogDisable
                0x00000000       0x20 .\CortexM3\ARM_GCC_493\Debug\RPPSOC-FAT-Chain.a(CyLib.o)
 .text.CyVdRealTimeStatus
                0x00000000       0x1c .\CortexM3\ARM_GCC_493\Debug\RPPSOC-FAT-Chain.a(CyLib.o)
 .text.CyDisableInts
                0x00000000       0x1c .\CortexM3\ARM_GCC_493\Debug\RPPSOC-FAT-Chain.a(CyLib.o)
 .text.CyEnableInts
                0x00000000       0x18 .\CortexM3\ARM_GCC_493\Debug\RPPSOC-FAT-Chain.a(CyLib.o)
 .text.CyFlushCache
                0x00000000       0x44 .\CortexM3\ARM_GCC_493\Debug\RPPSOC-FAT-Chain.a(CyLib.o)
 .text.CyIntSetSysVector
                0x00000000       0x28 .\CortexM3\ARM_GCC_493\Debug\RPPSOC-FAT-Chain.a(CyLib.o)
 .text.CyIntGetSysVector
                0x00000000       0x20 .\CortexM3\ARM_GCC_493\Debug\RPPSOC-FAT-Chain.a(CyLib.o)
 .text.CyIntGetVector
                0x00000000       0x24 .\CortexM3\ARM_GCC_493\Debug\RPPSOC-FAT-Chain.a(CyLib.o)
 .text.CyIntGetPriority
                0x00000000       0x20 .\CortexM3\ARM_GCC_493\Debug\RPPSOC-FAT-Chain.a(CyLib.o)
 .text.CyIntGetState
                0x00000000       0x24 .\CortexM3\ARM_GCC_493\Debug\RPPSOC-FAT-Chain.a(CyLib.o)
 .text.CySysTickStop
                0x00000000       0x10 .\CortexM3\ARM_GCC_493\Debug\RPPSOC-FAT-Chain.a(CyLib.o)
 .text.CySysTickEnableInterrupt
                0x00000000       0x10 .\CortexM3\ARM_GCC_493\Debug\RPPSOC-FAT-Chain.a(CyLib.o)
 .text.CySysTickEnable
                0x00000000       0x18 .\CortexM3\ARM_GCC_493\Debug\RPPSOC-FAT-Chain.a(CyLib.o)
 .text.CySysTickDisableInterrupt
                0x00000000       0x10 .\CortexM3\ARM_GCC_493\Debug\RPPSOC-FAT-Chain.a(CyLib.o)
 .text.CySysTickSetReload
                0x00000000       0x10 .\CortexM3\ARM_GCC_493\Debug\RPPSOC-FAT-Chain.a(CyLib.o)
 .text.CySysTickGetReload
                0x00000000       0x10 .\CortexM3\ARM_GCC_493\Debug\RPPSOC-FAT-Chain.a(CyLib.o)
 .text.CySysTickGetValue
                0x00000000       0x10 .\CortexM3\ARM_GCC_493\Debug\RPPSOC-FAT-Chain.a(CyLib.o)
 .text.CySysTickSetClockSource
                0x00000000       0x20 .\CortexM3\ARM_GCC_493\Debug\RPPSOC-FAT-Chain.a(CyLib.o)
 .text.CySysTickGetCountFlag
                0x00000000       0x10 .\CortexM3\ARM_GCC_493\Debug\RPPSOC-FAT-Chain.a(CyLib.o)
 .text.CySysTickServiceCallbacks
                0x00000000       0x28 .\CortexM3\ARM_GCC_493\Debug\RPPSOC-FAT-Chain.a(CyLib.o)
 .text.CySysTickClear
                0x00000000        0xc .\CortexM3\ARM_GCC_493\Debug\RPPSOC-FAT-Chain.a(CyLib.o)
 .text.CySysTickInit
                0x00000000       0x58 .\CortexM3\ARM_GCC_493\Debug\RPPSOC-FAT-Chain.a(CyLib.o)
 .text.CySysTickStart
                0x00000000       0x1c .\CortexM3\ARM_GCC_493\Debug\RPPSOC-FAT-Chain.a(CyLib.o)
 .text.CySysTickSetCallback
                0x00000000       0x10 .\CortexM3\ARM_GCC_493\Debug\RPPSOC-FAT-Chain.a(CyLib.o)
 .text.CySysTickGetCallback
                0x00000000       0x10 .\CortexM3\ARM_GCC_493\Debug\RPPSOC-FAT-Chain.a(CyLib.o)
 .text.CyGetUniqueId
                0x00000000       0x70 .\CortexM3\ARM_GCC_493\Debug\RPPSOC-FAT-Chain.a(CyLib.o)
 .text          0x00000000        0x0 .\CortexM3\ARM_GCC_493\Debug\RPPSOC-FAT-Chain.a(cyPm.o)
 .data          0x00000000        0x0 .\CortexM3\ARM_GCC_493\Debug\RPPSOC-FAT-Chain.a(cyPm.o)
 .bss           0x00000000       0x44 .\CortexM3\ARM_GCC_493\Debug\RPPSOC-FAT-Chain.a(cyPm.o)
 .text.CyPmHibSlpSaveSet
                0x00000000      0x1dc .\CortexM3\ARM_GCC_493\Debug\RPPSOC-FAT-Chain.a(cyPm.o)
 .text.CyPmHibSlpRestore
                0x00000000       0xd4 .\CortexM3\ARM_GCC_493\Debug\RPPSOC-FAT-Chain.a(cyPm.o)
 .text.CyPmHviLviSaveDisable
                0x00000000       0xa0 .\CortexM3\ARM_GCC_493\Debug\RPPSOC-FAT-Chain.a(cyPm.o)
 .text.CyPmHibSaveSet
                0x00000000       0x8c .\CortexM3\ARM_GCC_493\Debug\RPPSOC-FAT-Chain.a(cyPm.o)
 .text.CyPmHviLviRestore
                0x00000000       0x48 .\CortexM3\ARM_GCC_493\Debug\RPPSOC-FAT-Chain.a(cyPm.o)
 .text.CyPmHibRestore
                0x00000000       0x58 .\CortexM3\ARM_GCC_493\Debug\RPPSOC-FAT-Chain.a(cyPm.o)
 .text.CyPmSaveClocks
                0x00000000      0x218 .\CortexM3\ARM_GCC_493\Debug\RPPSOC-FAT-Chain.a(cyPm.o)
 .text.CyPmRestoreClocks
                0x00000000      0x24c .\CortexM3\ARM_GCC_493\Debug\RPPSOC-FAT-Chain.a(cyPm.o)
 .text.CyPmAltAct
                0x00000000       0x6c .\CortexM3\ARM_GCC_493\Debug\RPPSOC-FAT-Chain.a(cyPm.o)
 .text.CyPmSleep
                0x00000000       0xf4 .\CortexM3\ARM_GCC_493\Debug\RPPSOC-FAT-Chain.a(cyPm.o)
 .text.CyPmHibernateEx
                0x00000000       0xf4 .\CortexM3\ARM_GCC_493\Debug\RPPSOC-FAT-Chain.a(cyPm.o)
 .text.CyPmHibernate
                0x00000000        0xc .\CortexM3\ARM_GCC_493\Debug\RPPSOC-FAT-Chain.a(cyPm.o)
 .text.CyPmReadStatus
                0x00000000       0x30 .\CortexM3\ARM_GCC_493\Debug\RPPSOC-FAT-Chain.a(cyPm.o)
 .text.CyPmCtwSetInterval
                0x00000000       0x5c .\CortexM3\ARM_GCC_493\Debug\RPPSOC-FAT-Chain.a(cyPm.o)
 .text.CyPmOppsSet
                0x00000000       0x2c .\CortexM3\ARM_GCC_493\Debug\RPPSOC-FAT-Chain.a(cyPm.o)
 .text.CyPmFtwSetInterval
                0x00000000       0x5c .\CortexM3\ARM_GCC_493\Debug\RPPSOC-FAT-Chain.a(cyPm.o)
 .rodata        0x00000000       0x10 .\CortexM3\ARM_GCC_493\Debug\RPPSOC-FAT-Chain.a(cyPm.o)
 .text          0x00000000        0x0 .\CortexM3\ARM_GCC_493\Debug\RPPSOC-FAT-Chain.a(I2C_1.o)
 .data          0x00000000        0x0 .\CortexM3\ARM_GCC_493\Debug\RPPSOC-FAT-Chain.a(I2C_1.o)
 .text.I2C_1_Stop
                0x00000000       0xc4 .\CortexM3\ARM_GCC_493\Debug\RPPSOC-FAT-Chain.a(I2C_1.o)
 .text          0x00000000        0x0 .\CortexM3\ARM_GCC_493\Debug\RPPSOC-FAT-Chain.a(I2C_1_INT.o)
 .data          0x00000000        0x0 .\CortexM3\ARM_GCC_493\Debug\RPPSOC-FAT-Chain.a(I2C_1_INT.o)
 .bss           0x00000000        0x0 .\CortexM3\ARM_GCC_493\Debug\RPPSOC-FAT-Chain.a(I2C_1_INT.o)
 .text          0x00000000        0x0 .\CortexM3\ARM_GCC_493\Debug\RPPSOC-FAT-Chain.a(I2C_1_PM.o)
 .data          0x00000000        0x8 .\CortexM3\ARM_GCC_493\Debug\RPPSOC-FAT-Chain.a(I2C_1_PM.o)
 .bss           0x00000000        0x0 .\CortexM3\ARM_GCC_493\Debug\RPPSOC-FAT-Chain.a(I2C_1_PM.o)
 .text.I2C_1_SaveConfig
                0x00000000       0x3c .\CortexM3\ARM_GCC_493\Debug\RPPSOC-FAT-Chain.a(I2C_1_PM.o)
 .text.I2C_1_Sleep
                0x00000000       0x24 .\CortexM3\ARM_GCC_493\Debug\RPPSOC-FAT-Chain.a(I2C_1_PM.o)
 .text.I2C_1_RestoreConfig
                0x00000000       0x60 .\CortexM3\ARM_GCC_493\Debug\RPPSOC-FAT-Chain.a(I2C_1_PM.o)
 .text.I2C_1_Wakeup
                0x00000000       0x24 .\CortexM3\ARM_GCC_493\Debug\RPPSOC-FAT-Chain.a(I2C_1_PM.o)
 .text          0x00000000        0x0 .\CortexM3\ARM_GCC_493\Debug\RPPSOC-FAT-Chain.a(I2C_1_SLAVE.o)
 .data          0x00000000        0x0 .\CortexM3\ARM_GCC_493\Debug\RPPSOC-FAT-Chain.a(I2C_1_SLAVE.o)
 .bss           0x00000000        0x0 .\CortexM3\ARM_GCC_493\Debug\RPPSOC-FAT-Chain.a(I2C_1_SLAVE.o)
 .text.I2C_1_SlaveClearReadStatus
                0x00000000       0x2c .\CortexM3\ARM_GCC_493\Debug\RPPSOC-FAT-Chain.a(I2C_1_SLAVE.o)
 .text.I2C_1_SlaveInitReadBuf
                0x00000000       0x34 .\CortexM3\ARM_GCC_493\Debug\RPPSOC-FAT-Chain.a(I2C_1_SLAVE.o)
 .text.I2C_1_SlaveGetReadBufSize
                0x00000000        0xc .\CortexM3\ARM_GCC_493\Debug\RPPSOC-FAT-Chain.a(I2C_1_SLAVE.o)
 .text.I2C_1_SlaveClearReadBuf
                0x00000000        0xc .\CortexM3\ARM_GCC_493\Debug\RPPSOC-FAT-Chain.a(I2C_1_SLAVE.o)
 .text          0x00000000        0x0 .\CortexM3\ARM_GCC_493\Debug\RPPSOC-FAT-Chain.a(Control_Reg_1.o)
 .data          0x00000000        0x0 .\CortexM3\ARM_GCC_493\Debug\RPPSOC-FAT-Chain.a(Control_Reg_1.o)
 .bss           0x00000000        0x0 .\CortexM3\ARM_GCC_493\Debug\RPPSOC-FAT-Chain.a(Control_Reg_1.o)
 .text.Control_Reg_1_Read
                0x00000000        0xc .\CortexM3\ARM_GCC_493\Debug\RPPSOC-FAT-Chain.a(Control_Reg_1.o)
 .text          0x00000000        0x0 .\CortexM3\ARM_GCC_493\Debug\RPPSOC-FAT-Chain.a(CyFlash.o)
 .data          0x00000000        0x0 .\CortexM3\ARM_GCC_493\Debug\RPPSOC-FAT-Chain.a(CyFlash.o)
 .bss           0x00000000        0x4 .\CortexM3\ARM_GCC_493\Debug\RPPSOC-FAT-Chain.a(CyFlash.o)
 .text.CyFlashGetSpcAlgorithm
                0x00000000       0x4c .\CortexM3\ARM_GCC_493\Debug\RPPSOC-FAT-Chain.a(CyFlash.o)
 .text.CySetTempInt
                0x00000000       0x60 .\CortexM3\ARM_GCC_493\Debug\RPPSOC-FAT-Chain.a(CyFlash.o)
 .text.CyFlash_Start
                0x00000000       0x54 .\CortexM3\ARM_GCC_493\Debug\RPPSOC-FAT-Chain.a(CyFlash.o)
 .text.CyFlash_Stop
                0x00000000       0x24 .\CortexM3\ARM_GCC_493\Debug\RPPSOC-FAT-Chain.a(CyFlash.o)
 .text.CySetTemp
                0x00000000       0x14 .\CortexM3\ARM_GCC_493\Debug\RPPSOC-FAT-Chain.a(CyFlash.o)
 .text.CySetFlashEEBuffer
                0x00000000       0x28 .\CortexM3\ARM_GCC_493\Debug\RPPSOC-FAT-Chain.a(CyFlash.o)
 .text.CyWriteRowFull
                0x00000000       0xf8 .\CortexM3\ARM_GCC_493\Debug\RPPSOC-FAT-Chain.a(CyFlash.o)
 .text.CyWriteRowData
                0x00000000       0x14 .\CortexM3\ARM_GCC_493\Debug\RPPSOC-FAT-Chain.a(CyFlash.o)
 .text.CyFlash_SetWaitCycles
                0x00000000       0x7c .\CortexM3\ARM_GCC_493\Debug\RPPSOC-FAT-Chain.a(CyFlash.o)
 .text.CyEEPROM_Start
                0x00000000       0x54 .\CortexM3\ARM_GCC_493\Debug\RPPSOC-FAT-Chain.a(CyFlash.o)
 .text.CyEEPROM_Stop
                0x00000000       0x24 .\CortexM3\ARM_GCC_493\Debug\RPPSOC-FAT-Chain.a(CyFlash.o)
 .text.CyEEPROM_ReadReserve
                0x00000000       0x1c .\CortexM3\ARM_GCC_493\Debug\RPPSOC-FAT-Chain.a(CyFlash.o)
 .text.CyEEPROM_ReadRelease
                0x00000000       0x10 .\CortexM3\ARM_GCC_493\Debug\RPPSOC-FAT-Chain.a(CyFlash.o)
 COMMON         0x00000000        0x2 .\CortexM3\ARM_GCC_493\Debug\RPPSOC-FAT-Chain.a(CyFlash.o)
 .text          0x00000000        0x0 .\CortexM3\ARM_GCC_493\Debug\RPPSOC-FAT-Chain.a(CySpc.o)
 .data          0x00000000        0x0 .\CortexM3\ARM_GCC_493\Debug\RPPSOC-FAT-Chain.a(CySpc.o)
 .bss           0x00000000        0x8 .\CortexM3\ARM_GCC_493\Debug\RPPSOC-FAT-Chain.a(CySpc.o)
 .text.CySpcStart
                0x00000000       0x24 .\CortexM3\ARM_GCC_493\Debug\RPPSOC-FAT-Chain.a(CySpc.o)
 .text.CySpcStop
                0x00000000       0x24 .\CortexM3\ARM_GCC_493\Debug\RPPSOC-FAT-Chain.a(CySpc.o)
 .text.CySpcReadData
                0x00000000       0x34 .\CortexM3\ARM_GCC_493\Debug\RPPSOC-FAT-Chain.a(CySpc.o)
 .text.CySpcLoadMultiByte
                0x00000000       0x78 .\CortexM3\ARM_GCC_493\Debug\RPPSOC-FAT-Chain.a(CySpc.o)
 .text.CySpcLoadRow
                0x00000000       0x54 .\CortexM3\ARM_GCC_493\Debug\RPPSOC-FAT-Chain.a(CySpc.o)
 .text.CySpcLoadRowFull
                0x00000000       0x80 .\CortexM3\ARM_GCC_493\Debug\RPPSOC-FAT-Chain.a(CySpc.o)
 .text.CySpcWriteRow
                0x00000000       0x4c .\CortexM3\ARM_GCC_493\Debug\RPPSOC-FAT-Chain.a(CySpc.o)
 .text.CySpcEraseSector
                0x00000000       0x3c .\CortexM3\ARM_GCC_493\Debug\RPPSOC-FAT-Chain.a(CySpc.o)
 .text.CySpcGetTemp
                0x00000000       0x3c .\CortexM3\ARM_GCC_493\Debug\RPPSOC-FAT-Chain.a(CySpc.o)
 .text.CySpcLock
                0x00000000       0x4c .\CortexM3\ARM_GCC_493\Debug\RPPSOC-FAT-Chain.a(CySpc.o)
 .text.CySpcUnlock
                0x00000000       0x38 .\CortexM3\ARM_GCC_493\Debug\RPPSOC-FAT-Chain.a(CySpc.o)
 .text.CySpcGetAlgorithm
                0x00000000       0x28 .\CortexM3\ARM_GCC_493\Debug\RPPSOC-FAT-Chain.a(CySpc.o)
 .text          0x00000000        0x0 c:/program files (x86)/cypress/psoc creator/3.3/psoc creator/import/gnu/arm/4.9.3/bin/../lib/gcc/arm-none-eabi/4.9.3/../../../../arm-none-eabi/lib/armv7-m\libg_nano.a(lib_a-errno.o)
 .data          0x00000000        0x0 c:/program files (x86)/cypress/psoc creator/3.3/psoc creator/import/gnu/arm/4.9.3/bin/../lib/gcc/arm-none-eabi/4.9.3/../../../../arm-none-eabi/lib/armv7-m\libg_nano.a(lib_a-errno.o)
 .bss           0x00000000        0x0 c:/program files (x86)/cypress/psoc creator/3.3/psoc creator/import/gnu/arm/4.9.3/bin/../lib/gcc/arm-none-eabi/4.9.3/../../../../arm-none-eabi/lib/armv7-m\libg_nano.a(lib_a-errno.o)
 .text.__errno  0x00000000        0xc c:/program files (x86)/cypress/psoc creator/3.3/psoc creator/import/gnu/arm/4.9.3/bin/../lib/gcc/arm-none-eabi/4.9.3/../../../../arm-none-eabi/lib/armv7-m\libg_nano.a(lib_a-errno.o)
 .text          0x00000000        0x0 c:/program files (x86)/cypress/psoc creator/3.3/psoc creator/import/gnu/arm/4.9.3/bin/../lib/gcc/arm-none-eabi/4.9.3/../../../../arm-none-eabi/lib/armv7-m\libg_nano.a(lib_a-exit.o)
 .data          0x00000000        0x0 c:/program files (x86)/cypress/psoc creator/3.3/psoc creator/import/gnu/arm/4.9.3/bin/../lib/gcc/arm-none-eabi/4.9.3/../../../../arm-none-eabi/lib/armv7-m\libg_nano.a(lib_a-exit.o)
 .bss           0x00000000        0x0 c:/program files (x86)/cypress/psoc creator/3.3/psoc creator/import/gnu/arm/4.9.3/bin/../lib/gcc/arm-none-eabi/4.9.3/../../../../arm-none-eabi/lib/armv7-m\libg_nano.a(lib_a-exit.o)
 .text.exit     0x00000000       0x28 c:/program files (x86)/cypress/psoc creator/3.3/psoc creator/import/gnu/arm/4.9.3/bin/../lib/gcc/arm-none-eabi/4.9.3/../../../../arm-none-eabi/lib/armv7-m\libg_nano.a(lib_a-exit.o)
 .text          0x00000000        0x0 c:/program files (x86)/cypress/psoc creator/3.3/psoc creator/import/gnu/arm/4.9.3/bin/../lib/gcc/arm-none-eabi/4.9.3/../../../../arm-none-eabi/lib/armv7-m\libg_nano.a(lib_a-impure.o)
 .data          0x00000000        0x0 c:/program files (x86)/cypress/psoc creator/3.3/psoc creator/import/gnu/arm/4.9.3/bin/../lib/gcc/arm-none-eabi/4.9.3/../../../../arm-none-eabi/lib/armv7-m\libg_nano.a(lib_a-impure.o)
 .bss           0x00000000        0x0 c:/program files (x86)/cypress/psoc creator/3.3/psoc creator/import/gnu/arm/4.9.3/bin/../lib/gcc/arm-none-eabi/4.9.3/../../../../arm-none-eabi/lib/armv7-m\libg_nano.a(lib_a-impure.o)
 .data.impure_data
                0x00000000       0x60 c:/program files (x86)/cypress/psoc creator/3.3/psoc creator/import/gnu/arm/4.9.3/bin/../lib/gcc/arm-none-eabi/4.9.3/../../../../arm-none-eabi/lib/armv7-m\libg_nano.a(lib_a-impure.o)
 .data._impure_ptr
                0x00000000        0x4 c:/program files (x86)/cypress/psoc creator/3.3/psoc creator/import/gnu/arm/4.9.3/bin/../lib/gcc/arm-none-eabi/4.9.3/../../../../arm-none-eabi/lib/armv7-m\libg_nano.a(lib_a-impure.o)
 .rodata.str1.1
                0x00000000        0x2 c:/program files (x86)/cypress/psoc creator/3.3/psoc creator/import/gnu/arm/4.9.3/bin/../lib/gcc/arm-none-eabi/4.9.3/../../../../arm-none-eabi/lib/armv7-m\libg_nano.a(lib_a-impure.o)
 .rodata._global_impure_ptr
                0x00000000        0x4 c:/program files (x86)/cypress/psoc creator/3.3/psoc creator/import/gnu/arm/4.9.3/bin/../lib/gcc/arm-none-eabi/4.9.3/../../../../arm-none-eabi/lib/armv7-m\libg_nano.a(lib_a-impure.o)
 .text          0x00000000        0x0 c:/program files (x86)/cypress/psoc creator/3.3/psoc creator/import/gnu/arm/4.9.3/bin/../lib/gcc/arm-none-eabi/4.9.3/../../../../arm-none-eabi/lib/armv7-m\libg_nano.a(lib_a-init.o)
 .data          0x00000000        0x0 c:/program files (x86)/cypress/psoc creator/3.3/psoc creator/import/gnu/arm/4.9.3/bin/../lib/gcc/arm-none-eabi/4.9.3/../../../../arm-none-eabi/lib/armv7-m\libg_nano.a(lib_a-init.o)
 .bss           0x00000000        0x0 c:/program files (x86)/cypress/psoc creator/3.3/psoc creator/import/gnu/arm/4.9.3/bin/../lib/gcc/arm-none-eabi/4.9.3/../../../../arm-none-eabi/lib/armv7-m\libg_nano.a(lib_a-init.o)
 .text          0x00000000        0x0 c:/program files (x86)/cypress/psoc creator/3.3/psoc creator/import/gnu/arm/4.9.3/bin/../lib/gcc/arm-none-eabi/4.9.3/../../../../arm-none-eabi/lib/armv7-m\libg_nano.a(lib_a-memcpy.o)
 .data          0x00000000        0x0 c:/program files (x86)/cypress/psoc creator/3.3/psoc creator/import/gnu/arm/4.9.3/bin/../lib/gcc/arm-none-eabi/4.9.3/../../../../arm-none-eabi/lib/armv7-m\libg_nano.a(lib_a-memcpy.o)
 .bss           0x00000000        0x0 c:/program files (x86)/cypress/psoc creator/3.3/psoc creator/import/gnu/arm/4.9.3/bin/../lib/gcc/arm-none-eabi/4.9.3/../../../../arm-none-eabi/lib/armv7-m\libg_nano.a(lib_a-memcpy.o)
 .text          0x00000000        0x0 c:/program files (x86)/cypress/psoc creator/3.3/psoc creator/import/gnu/arm/4.9.3/bin/../lib/gcc/arm-none-eabi/4.9.3/../../../../arm-none-eabi/lib/armv7-m\libg_nano.a(lib_a-memset.o)
 .data          0x00000000        0x0 c:/program files (x86)/cypress/psoc creator/3.3/psoc creator/import/gnu/arm/4.9.3/bin/../lib/gcc/arm-none-eabi/4.9.3/../../../../arm-none-eabi/lib/armv7-m\libg_nano.a(lib_a-memset.o)
 .bss           0x00000000        0x0 c:/program files (x86)/cypress/psoc creator/3.3/psoc creator/import/gnu/arm/4.9.3/bin/../lib/gcc/arm-none-eabi/4.9.3/../../../../arm-none-eabi/lib/armv7-m\libg_nano.a(lib_a-memset.o)
 .text          0x00000000        0x0 c:/program files (x86)/cypress/psoc creator/3.3/psoc creator/import/gnu/arm/4.9.3/bin/../lib/gcc/arm-none-eabi/4.9.3/armv7-m/crtend.o
 .data          0x00000000        0x0 c:/program files (x86)/cypress/psoc creator/3.3/psoc creator/import/gnu/arm/4.9.3/bin/../lib/gcc/arm-none-eabi/4.9.3/armv7-m/crtend.o
 .bss           0x00000000        0x0 c:/program files (x86)/cypress/psoc creator/3.3/psoc creator/import/gnu/arm/4.9.3/bin/../lib/gcc/arm-none-eabi/4.9.3/armv7-m/crtend.o
 .text          0x00000000        0x0 c:/program files (x86)/cypress/psoc creator/3.3/psoc creator/import/gnu/arm/4.9.3/bin/../lib/gcc/arm-none-eabi/4.9.3/armv7-m/crtn.o
 .data          0x00000000        0x0 c:/program files (x86)/cypress/psoc creator/3.3/psoc creator/import/gnu/arm/4.9.3/bin/../lib/gcc/arm-none-eabi/4.9.3/armv7-m/crtn.o
 .bss           0x00000000        0x0 c:/program files (x86)/cypress/psoc creator/3.3/psoc creator/import/gnu/arm/4.9.3/bin/../lib/gcc/arm-none-eabi/4.9.3/armv7-m/crtn.o

Memory Configuration

Name             Origin             Length             Attributes
rom              0x00000000         0x00020000         xr
ram              0x1fffc000         0x00008000         xrw
*default*        0x00000000         0xffffffff

Linker script and memory map

LOAD c:/program files (x86)/cypress/psoc creator/3.3/psoc creator/import/gnu/arm/4.9.3/bin/../lib/gcc/arm-none-eabi/4.9.3/armv7-m/crti.o
LOAD c:/program files (x86)/cypress/psoc creator/3.3/psoc creator/import/gnu/arm/4.9.3/bin/../lib/gcc/arm-none-eabi/4.9.3/armv7-m/crtbegin.o
LOAD c:/program files (x86)/cypress/psoc creator/3.3/psoc creator/import/gnu/arm/4.9.3/bin/../lib/gcc/arm-none-eabi/4.9.3/../../../../arm-none-eabi/lib/armv7-m/crt0.o
START GROUP
LOAD .\CortexM3\ARM_GCC_493\Debug\main.o
LOAD .\CortexM3\ARM_GCC_493\Debug\cymetadata.o
LOAD .\CortexM3\ARM_GCC_493\Debug\Cm3Start.o
LOAD .\CortexM3\ARM_GCC_493\Debug\RPPSOC-FAT-Chain.a
LOAD C:\Program Files (x86)\Cypress\PSoC Creator\3.3\PSoC Creator\psoc\content\cycomponentlibrary\CyComponentLibrary.cylib\CortexM3\ARM_GCC_493\Debug\CyComponentLibrary.a
END GROUP
START GROUP
LOAD c:/program files (x86)/cypress/psoc creator/3.3/psoc creator/import/gnu/arm/4.9.3/bin/../lib/gcc/arm-none-eabi/4.9.3/armv7-m\libgcc.a
LOAD c:/program files (x86)/cypress/psoc creator/3.3/psoc creator/import/gnu/arm/4.9.3/bin/../lib/gcc/arm-none-eabi/4.9.3/../../../../arm-none-eabi/lib/armv7-m\libg_nano.a
LOAD c:/program files (x86)/cypress/psoc creator/3.3/psoc creator/import/gnu/arm/4.9.3/bin/../lib/gcc/arm-none-eabi/4.9.3/../../../../arm-none-eabi/lib/armv7-m\libc_nano.a
END GROUP
START GROUP
LOAD c:/program files (x86)/cypress/psoc creator/3.3/psoc creator/import/gnu/arm/4.9.3/bin/../lib/gcc/arm-none-eabi/4.9.3/armv7-m\libgcc.a
LOAD c:/program files (x86)/cypress/psoc creator/3.3/psoc creator/import/gnu/arm/4.9.3/bin/../lib/gcc/arm-none-eabi/4.9.3/../../../../arm-none-eabi/lib/armv7-m\libc_nano.a
END GROUP
LOAD c:/program files (x86)/cypress/psoc creator/3.3/psoc creator/import/gnu/arm/4.9.3/bin/../lib/gcc/arm-none-eabi/4.9.3/armv7-m/crtend.o
LOAD c:/program files (x86)/cypress/psoc creator/3.3/psoc creator/import/gnu/arm/4.9.3/bin/../lib/gcc/arm-none-eabi/4.9.3/armv7-m/crtn.o
START GROUP
LOAD c:/program files (x86)/cypress/psoc creator/3.3/psoc creator/import/gnu/arm/4.9.3/bin/../lib/gcc/arm-none-eabi/4.9.3/armv7-m\libgcc.a
LOAD c:/program files (x86)/cypress/psoc creator/3.3/psoc creator/import/gnu/arm/4.9.3/bin/../lib/gcc/arm-none-eabi/4.9.3/../../../../arm-none-eabi/lib/armv7-m\libc.a
LOAD c:/program files (x86)/cypress/psoc creator/3.3/psoc creator/import/gnu/arm/4.9.3/bin/../lib/gcc/arm-none-eabi/4.9.3/../../../../arm-none-eabi/lib/armv7-m\libnosys.a
END GROUP
                0x00000000                CY_APPL_ORIGIN = 0x0
                0x00000100                CY_FLASH_ROW_SIZE = 0x100
                0x00000020                CY_ECC_ROW_SIZE = 0x20
                0x00000000                CY_EE_IN_BTLDR = 0x0
                0x00000000                CY_APPL_LOADABLE = 0x0
                0x00000800                CY_EE_SIZE = 0x800
                0x00000001                CY_APPL_NUM = 0x1
                0x00000001                CY_APPL_MAX = 0x1
                0x00000040                CY_METADATA_SIZE = 0x40
                0x00000000                CY_APPL_LOADABLE = 0x0
                0x00000000                CY_CHECKSUM_EXCLUDE_SIZE = ALIGN (0x0, CY_FLASH_ROW_SIZE)
                0x1fffc148                PROVIDE (__cy_heap_start, _end)
                0x00000001                PROVIDE (__cy_region_num, ((__cy_regions_end - __cy_regions) / 0x10))
                0x20004000                PROVIDE (__cy_stack, (ORIGIN (ram) + 0x8000))
                0x20003800                PROVIDE (__cy_heap_end, (__cy_stack - 0x800))

.cybootloader   0x00000000        0x0
 *(.cybootloader)
                0x00000000                appl1_start = CY_APPL_ORIGIN?CY_APPL_ORIGIN:ALIGN (CY_FLASH_ROW_SIZE)
                0x0000ff00                appl2_start = (appl1_start + ALIGN ((((0x20000 - appl1_start) - (0x2 * CY_FLASH_ROW_SIZE)) / 0x2), CY_FLASH_ROW_SIZE))
                0x00000000                appl_start = (CY_APPL_NUM == 0x1)?appl1_start:appl2_start
                0x00000000                ecc_offset = ((appl_start / CY_FLASH_ROW_SIZE) * CY_ECC_ROW_SIZE)
                0x00000000                ee_offset = (CY_APPL_LOADABLE && ! (CY_EE_IN_BTLDR))?((CY_EE_SIZE / CY_APPL_MAX) * (CY_APPL_NUM - 0x1)):0x0
                0x00000800                ee_size = (CY_APPL_LOADABLE && ! (CY_EE_IN_BTLDR))?(CY_EE_SIZE / CY_APPL_MAX):CY_EE_SIZE
                0x00000000                PROVIDE (CY_ECC_OFFSET, ecc_offset)

.text           0x00000000      0x876
 CREATE_OBJECT_SYMBOLS
                0x00000000                PROVIDE (__cy_interrupt_vector, RomVectors)
 *(.romvectors)
 .romvectors    0x00000000       0x10 .\CortexM3\ARM_GCC_493\Debug\Cm3Start.o
                0x00000000                RomVectors
                0x00000001                ASSERT ((. != __cy_interrupt_vector), No interrupt vector)
                0x00000001                ASSERT (CY_APPL_ORIGIN?(SIZEOF (.cybootloader) <= CY_APPL_ORIGIN):0x1, Wrong image location)
                0x00000010                PROVIDE (__cy_reset, Reset)
 *(.text.Reset)
 .text.Reset    0x00000010       0x18 .\CortexM3\ARM_GCC_493\Debug\Cm3Start.o
                0x00000010                Reset
                0x00000001                ASSERT ((. != __cy_reset), No reset code)
 *(.dma_init)
                0x00000001                ASSERT ((((appl_start + .) <= 0x10000) || 0x1), DMA Init must be within the first 64k of flash)
 *(.text .text.* .gnu.linkonce.t.*)
 .text          0x00000028       0x5c c:/program files (x86)/cypress/psoc creator/3.3/psoc creator/import/gnu/arm/4.9.3/bin/../lib/gcc/arm-none-eabi/4.9.3/armv7-m/crtbegin.o
 .text.main     0x00000084       0x4c .\CortexM3\ARM_GCC_493\Debug\main.o
                0x00000084                main
 .text.IntDefaultHandler
                0x000000d0        0x4 .\CortexM3\ARM_GCC_493\Debug\Cm3Start.o
                0x000000d0                IntDefaultHandler
 .text.Start_c  0x000000d4       0x4c .\CortexM3\ARM_GCC_493\Debug\Cm3Start.o
                0x000000d4                Start_c
 .text.initialize_psoc
                0x00000120       0x74 .\CortexM3\ARM_GCC_493\Debug\Cm3Start.o
                0x00000120                initialize_psoc
 .text.CyClockStartupError
                0x00000194        0x4 .\CortexM3\ARM_GCC_493\Debug\RPPSOC-FAT-Chain.a(cyfitter_cfg.o)
 .text.cfg_write_bytes32
                0x00000198       0x34 .\CortexM3\ARM_GCC_493\Debug\RPPSOC-FAT-Chain.a(cyfitter_cfg.o)
 .text.AnalogSetDefault
                0x000001cc       0x28 .\CortexM3\ARM_GCC_493\Debug\RPPSOC-FAT-Chain.a(cyfitter_cfg.o)
 .text.CYMEMZERO
                0x000001f4        0xc .\CortexM3\ARM_GCC_493\Debug\RPPSOC-FAT-Chain.a(cyfitter_cfg.o)
 .text.ClockSetup
                0x00000200       0xb8 .\CortexM3\ARM_GCC_493\Debug\RPPSOC-FAT-Chain.a(cyfitter_cfg.o)
 .text.CYCONFIGCPY
                0x000002b8        0x8 .\CortexM3\ARM_GCC_493\Debug\RPPSOC-FAT-Chain.a(cyfitter_cfg.o)
 .text.cyfitter_cfg
                0x000002c0      0x178 .\CortexM3\ARM_GCC_493\Debug\RPPSOC-FAT-Chain.a(cyfitter_cfg.o)
                0x000002c0                cyfitter_cfg
 .text          0x00000438       0x20 .\CortexM3\ARM_GCC_493\Debug\RPPSOC-FAT-Chain.a(CyBootAsmGnu.o)
                0x00000438                CyDelayCycles
                0x00000448                CyEnterCriticalSection
                0x00000450                CyExitCriticalSection
 .text.CyHalt   0x00000458        0x4 .\CortexM3\ARM_GCC_493\Debug\RPPSOC-FAT-Chain.a(CyLib.o)
                0x00000458                CyHalt
 .text.CyIntSetVector
                0x0000045c       0x28 .\CortexM3\ARM_GCC_493\Debug\RPPSOC-FAT-Chain.a(CyLib.o)
                0x0000045c                CyIntSetVector
 .text.CyIntSetPriority
                0x00000484       0x30 .\CortexM3\ARM_GCC_493\Debug\RPPSOC-FAT-Chain.a(CyLib.o)
                0x00000484                CyIntSetPriority
 .text.I2C_1_Init
                0x000004b4       0x70 .\CortexM3\ARM_GCC_493\Debug\RPPSOC-FAT-Chain.a(I2C_1.o)
                0x000004b4                I2C_1_Init
 .text.I2C_1_Enable
                0x00000524       0x24 .\CortexM3\ARM_GCC_493\Debug\RPPSOC-FAT-Chain.a(I2C_1.o)
                0x00000524                I2C_1_Enable
 .text.I2C_1_Start
                0x00000548       0x28 .\CortexM3\ARM_GCC_493\Debug\RPPSOC-FAT-Chain.a(I2C_1.o)
                0x00000548                I2C_1_Start
 .text.I2C_1_ISR
                0x00000570      0x1f4 .\CortexM3\ARM_GCC_493\Debug\RPPSOC-FAT-Chain.a(I2C_1_INT.o)
                0x00000570                I2C_1_ISR
 .text.I2C_1_SlaveStatus
                0x00000764        0xc .\CortexM3\ARM_GCC_493\Debug\RPPSOC-FAT-Chain.a(I2C_1_SLAVE.o)
                0x00000764                I2C_1_SlaveStatus
 .text.I2C_1_SlaveClearWriteStatus
                0x00000770       0x2c .\CortexM3\ARM_GCC_493\Debug\RPPSOC-FAT-Chain.a(I2C_1_SLAVE.o)
                0x00000770                I2C_1_SlaveClearWriteStatus
 .text.I2C_1_SlaveSetAddress
                0x0000079c       0x10 .\CortexM3\ARM_GCC_493\Debug\RPPSOC-FAT-Chain.a(I2C_1_SLAVE.o)
                0x0000079c                I2C_1_SlaveSetAddress
 .text.I2C_1_SlaveInitWriteBuf
                0x000007ac       0x34 .\CortexM3\ARM_GCC_493\Debug\RPPSOC-FAT-Chain.a(I2C_1_SLAVE.o)
                0x000007ac                I2C_1_SlaveInitWriteBuf
 .text.I2C_1_SlaveGetWriteBufSize
                0x000007e0        0xc .\CortexM3\ARM_GCC_493\Debug\RPPSOC-FAT-Chain.a(I2C_1_SLAVE.o)
                0x000007e0                I2C_1_SlaveGetWriteBufSize
 .text.I2C_1_SlaveClearWriteBuf
                0x000007ec        0xc .\CortexM3\ARM_GCC_493\Debug\RPPSOC-FAT-Chain.a(I2C_1_SLAVE.o)
                0x000007ec                I2C_1_SlaveClearWriteBuf
 .text.Control_Reg_1_Write
                0x000007f8        0xc .\CortexM3\ARM_GCC_493\Debug\RPPSOC-FAT-Chain.a(Control_Reg_1.o)
                0x000007f8                Control_Reg_1_Write
 .text.__libc_init_array
                0x00000804       0x4c c:/program files (x86)/cypress/psoc creator/3.3/psoc creator/import/gnu/arm/4.9.3/bin/../lib/gcc/arm-none-eabi/4.9.3/../../../../arm-none-eabi/lib/armv7-m\libg_nano.a(lib_a-init.o)
                0x00000804                __libc_init_array
 .text.memcpy   0x00000850       0x16 c:/program files (x86)/cypress/psoc creator/3.3/psoc creator/import/gnu/arm/4.9.3/bin/../lib/gcc/arm-none-eabi/4.9.3/../../../../arm-none-eabi/lib/armv7-m\libg_nano.a(lib_a-memcpy.o)
                0x00000850                memcpy
 .text.memset   0x00000866       0x10 c:/program files (x86)/cypress/psoc creator/3.3/psoc creator/import/gnu/arm/4.9.3/bin/../lib/gcc/arm-none-eabi/4.9.3/../../../../arm-none-eabi/lib/armv7-m\libg_nano.a(lib_a-memset.o)
                0x00000866                memset
 *(.plt)
 *(.gnu.warning)
 *(.glue_7t)
 .glue_7t       0x00000000        0x0 linker stubs
 *(.glue_7)
 .glue_7        0x00000000        0x0 linker stubs
 *(.vfp11_veneer)
 .vfp11_veneer  0x00000000        0x0 linker stubs
 *(.bootloader)
 *(.ARM.extab* .gnu.linkonce.armextab.*)
 *(.gcc_except_table)

.v4_bx          0x00000878        0x0
 .v4_bx         0x00000000        0x0 linker stubs

.iplt           0x00000878        0x0
 .iplt          0x00000000        0x0 c:/program files (x86)/cypress/psoc creator/3.3/psoc creator/import/gnu/arm/4.9.3/bin/../lib/gcc/arm-none-eabi/4.9.3/armv7-m/crtbegin.o

.eh_frame_hdr
 *(.eh_frame_hdr)

.eh_frame       0x00000878        0x4
 *(.eh_frame)
 .eh_frame      0x00000878        0x0 c:/program files (x86)/cypress/psoc creator/3.3/psoc creator/import/gnu/arm/4.9.3/bin/../lib/gcc/arm-none-eabi/4.9.3/armv7-m/crtbegin.o
 .eh_frame      0x00000878        0x4 c:/program files (x86)/cypress/psoc creator/3.3/psoc creator/import/gnu/arm/4.9.3/bin/../lib/gcc/arm-none-eabi/4.9.3/armv7-m/crtend.o
                0x0000087c                PROVIDE (__exidx_start, .)

.ARM.exidx
 *(.ARM.exidx* .gnu.linkonce.armexidx.*)
                0x0000087c                __exidx_end = .

.rodata         0x0000087c       0x64
 *(.rodata .rodata.* .gnu.linkonce.r.*)
 .rodata        0x0000087c       0x30 .\CortexM3\ARM_GCC_493\Debug\RPPSOC-FAT-Chain.a(cyfitter_cfg.o)
                0x000008ac                . = ALIGN (0x4)
 *(.init)
 .init          0x000008ac        0x4 c:/program files (x86)/cypress/psoc creator/3.3/psoc creator/import/gnu/arm/4.9.3/bin/../lib/gcc/arm-none-eabi/4.9.3/armv7-m/crti.o
                0x000008ac                _init
 .init          0x000008b0        0x8 c:/program files (x86)/cypress/psoc creator/3.3/psoc creator/import/gnu/arm/4.9.3/bin/../lib/gcc/arm-none-eabi/4.9.3/armv7-m/crtn.o
                0x000008b8                . = ALIGN (0x4)
                0x000008b8                __preinit_array_start = .
 *(.preinit_array)
                0x000008b8                __preinit_array_end = .
                0x000008b8                . = ALIGN (0x4)
                0x000008b8                __init_array_start = .
 *(SORT(.init_array.*))
 *(.init_array)
 .init_array    0x000008b8        0x4 c:/program files (x86)/cypress/psoc creator/3.3/psoc creator/import/gnu/arm/4.9.3/bin/../lib/gcc/arm-none-eabi/4.9.3/armv7-m/crtbegin.o
 .init_array    0x000008bc        0x4 .\CortexM3\ARM_GCC_493\Debug\Cm3Start.o
                0x000008c0                __init_array_end = .
                0x000008c0                . = ALIGN (0x4)
 *(.fini)
 .fini          0x000008c0        0x4 c:/program files (x86)/cypress/psoc creator/3.3/psoc creator/import/gnu/arm/4.9.3/bin/../lib/gcc/arm-none-eabi/4.9.3/armv7-m/crti.o
                0x000008c0                _fini
 .fini          0x000008c4        0x8 c:/program files (x86)/cypress/psoc creator/3.3/psoc creator/import/gnu/arm/4.9.3/bin/../lib/gcc/arm-none-eabi/4.9.3/armv7-m/crtn.o
                0x000008cc                . = ALIGN (0x4)
                0x000008cc                __fini_array_start = .
 *(.fini_array)
 .fini_array    0x000008cc        0x4 c:/program files (x86)/cypress/psoc creator/3.3/psoc creator/import/gnu/arm/4.9.3/bin/../lib/gcc/arm-none-eabi/4.9.3/armv7-m/crtbegin.o
 *(SORT(.fini_array.*))
                0x000008d0                __fini_array_end = .
                0x000008d0                . = ALIGN (0x4)
 *crtbegin.o(.ctors)
 *(EXCLUDE_FILE(*crtend.o) .ctors)
 *(SORT(.ctors.*))
 *crtend.o(.ctors)
                0x000008d0                . = ALIGN (0x4)
 *crtbegin.o(.dtors)
 *(EXCLUDE_FILE(*crtend.o) .dtors)
 *(SORT(.dtors.*))
 *crtend.o(.dtors)
                0x000008d0                . = ALIGN (0x4)
                0x000008d0                __cy_regions = .
                0x000008d0        0x4 LONG 0x8e0 __cy_region_init_ram
                0x000008d4        0x4 LONG 0x1fffc108 __cy_region_start_data
                0x000008d8        0x4 LONG 0x8 __cy_region_init_size_ram
                0x000008dc        0x4 LONG 0x38 __cy_region_zero_size_ram
                0x000008e0                __cy_regions_end = .
                0x000008e0                . = ALIGN (0x8)
                0x000008e0                _etext = .

.cy_checksum_exclude
                0x000008e0        0x0
 *(.cy_checksum_exclude)

.ramvectors     0x1fffc000      0x100
                0x1fffc000                __cy_region_start_ram = .
 *(.ramvectors)
 .ramvectors    0x1fffc000      0x100 .\CortexM3\ARM_GCC_493\Debug\Cm3Start.o
                0x1fffc000                CyRamVectors

.noinit         0x1fffc100        0x5
 *(.noinit)
 .noinit        0x1fffc100        0x4 .\CortexM3\ARM_GCC_493\Debug\Cm3Start.o
 .noinit        0x1fffc104        0x1 .\CortexM3\ARM_GCC_493\Debug\RPPSOC-FAT-Chain.a(CyLib.o)
                0x1fffc104                CyResetStatus

.data           0x1fffc108        0x8 load address 0x000008e0
                0x1fffc108                __cy_region_start_data = .
 *(.jcr)
 .jcr           0x1fffc108        0x0 c:/program files (x86)/cypress/psoc creator/3.3/psoc creator/import/gnu/arm/4.9.3/bin/../lib/gcc/arm-none-eabi/4.9.3/armv7-m/crtbegin.o
 .jcr           0x1fffc108        0x4 c:/program files (x86)/cypress/psoc creator/3.3/psoc creator/import/gnu/arm/4.9.3/bin/../lib/gcc/arm-none-eabi/4.9.3/armv7-m/crtend.o
 *(.got.plt)
 *(.got)
 *(.shdata)
 *(.data .data.* .gnu.linkonce.d.*)
                0x1fffc110                . = ALIGN (0x8)
 *fill*         0x1fffc10c        0x4 
 *(.ram)
                0x1fffc110                _edata = .

.igot.plt       0x1fffc110        0x0 load address 0x000008e8
 .igot.plt      0x00000000        0x0 c:/program files (x86)/cypress/psoc creator/3.3/psoc creator/import/gnu/arm/4.9.3/bin/../lib/gcc/arm-none-eabi/4.9.3/armv7-m/crtbegin.o

.bss            0x1fffc110       0x38 load address 0x000008e8
                0x1fffc110                PROVIDE (__bss_start__, .)
 *(.shbss)
 *(.bss .bss.* .gnu.linkonce.b.*)
 .bss           0x1fffc110       0x1c c:/program files (x86)/cypress/psoc creator/3.3/psoc creator/import/gnu/arm/4.9.3/bin/../lib/gcc/arm-none-eabi/4.9.3/armv7-m/crtbegin.o
 .bss           0x1fffc12c        0x1 .\CortexM3\ARM_GCC_493\Debug\RPPSOC-FAT-Chain.a(I2C_1.o)
                0x1fffc12c                I2C_1_initVar
 *(COMMON)
 COMMON         0x1fffc12d        0x1 .\CortexM3\ARM_GCC_493\Debug\RPPSOC-FAT-Chain.a(I2C_1.o)
                0x1fffc12d                I2C_1_state
 *fill*         0x1fffc12e        0x2 
 COMMON         0x1fffc130       0x11 .\CortexM3\ARM_GCC_493\Debug\RPPSOC-FAT-Chain.a(I2C_1_SLAVE.o)
                0x1fffc130                I2C_1_slRdBufIndex
                0x1fffc131                I2C_1_slStatus
                0x1fffc132                I2C_1_slWrBufSize
                0x1fffc134                I2C_1_slRdBufPtr
                0x1fffc138                I2C_1_slWrBufIndex
                0x1fffc13c                I2C_1_slWrBufPtr
                0x1fffc140                I2C_1_slRdBufSize
                0x1fffc148                . = ALIGN (0x8)
 *fill*         0x1fffc141        0x7 
 *(.ram.b)
                0x1fffc148                _end = .
                0x1fffc148                __end = .
                0x1fffc148                PROVIDE (end, .)
                0x1fffc148                PROVIDE (__bss_end__, .)
                0x000008e0                __cy_region_init_ram = LOADADDR (.data)
                0x00000008                __cy_region_init_size_ram = (_edata - ADDR (.data))
                0x00000038                __cy_region_zero_size_ram = (_end - _edata)

.heap           0x1fffc148       0x80 load address 0x000008e8
                0x1fffc148                . = _end
                0x1fffc1c8                . = (. + 0x80)
 *fill*         0x1fffc148       0x80 
                0x1fffc1c8                __cy_heap_limit = .

.stack          0x20003800      0x800
                0x20003800                __cy_stack_limit = .
                0x20004000                . = (. + 0x800)
 *fill*         0x20003800      0x800 
                0x00000001                ASSERT ((__cy_stack_limit >= __cy_heap_limit), region RAM overflowed with stack)
                0x00000000                cy_checksum_exclude_size = (CY_APPL_LOADABLE == 0x1)?SIZEOF (.cy_checksum_exclude):0x0
                0x00000001                ASSERT ((cy_checksum_exclude_size <= CY_CHECKSUM_EXCLUDE_SIZE), CY_BOOT: Section .cy_checksum_exclude size exceedes specified limit.)

.cyloadermeta
 *(.cyloadermeta)

.cyloadablemeta
 *(.cyloadablemeta)

.cyconfigecc    0x80000000      0x4cc
 *(.cyconfigecc)
 .cyconfigecc   0x80000000      0x4cc .\CortexM3\ARM_GCC_493\Debug\cymetadata.o
                0x80000000                cy_meta_configecc

.cycustnvl      0x90000000        0x4
 *(.cycustnvl)
 .cycustnvl     0x90000000        0x4 .\CortexM3\ARM_GCC_493\Debug\cymetadata.o
                0x90000000                cy_meta_custnvl

.cywolatch      0x90100000        0x4
 *(.cywolatch)
 .cywolatch     0x90100000        0x4 .\CortexM3\ARM_GCC_493\Debug\cymetadata.o
                0x90100000                cy_meta_wonvl

.cyeeprom       0x90200000        0x0
 *(.cyeeprom)
                0x00000001                ASSERT ((. <= ((0x90200000 + ee_offset) + ee_size)), .cyeeprom data will not fit in EEPROM)

.cyflashprotect
                0x90400000       0x80
 *(.cyflashprotect)
 .cyflashprotect
                0x90400000       0x80 .\CortexM3\ARM_GCC_493\Debug\cymetadata.o
                0x90400000                cy_meta_flashprotect

.cymeta         0x90500000        0xc
 *(.cymeta)
 .cymeta        0x90500000        0xc .\CortexM3\ARM_GCC_493\Debug\cymetadata.o
                0x90500000                cy_metadata

.rel.dyn        0x000008e8        0x0 load address 0x9050000c
 .rel.iplt      0x00000000        0x0 c:/program files (x86)/cypress/psoc creator/3.3/psoc creator/import/gnu/arm/4.9.3/bin/../lib/gcc/arm-none-eabi/4.9.3/armv7-m/crtbegin.o

.stab
 *(.stab)

.stabstr
 *(.stabstr)

.debug
 *(.debug)

.line
 *(.line)

.debug_srcinfo
 *(.debug_srcinfo)

.debug_sfnames
 *(.debug_sfnames)

.debug_aranges  0x00000000      0x640
 *(.debug_aranges)
 .debug_aranges
                0x00000000       0x20 .\CortexM3\ARM_GCC_493\Debug\main.o
 .debug_aranges
                0x00000020       0x18 .\CortexM3\ARM_GCC_493\Debug\cymetadata.o
 .debug_aranges
                0x00000038       0x48 .\CortexM3\ARM_GCC_493\Debug\Cm3Start.o
 .debug_aranges
                0x00000080       0x58 .\CortexM3\ARM_GCC_493\Debug\RPPSOC-FAT-Chain.a(cyfitter_cfg.o)
 .debug_aranges
                0x000000d8       0x20 .\CortexM3\ARM_GCC_493\Debug\RPPSOC-FAT-Chain.a(CyBootAsmGnu.o)
 .debug_aranges
                0x000000f8      0x298 .\CortexM3\ARM_GCC_493\Debug\RPPSOC-FAT-Chain.a(CyLib.o)
 .debug_aranges
                0x00000390       0x98 .\CortexM3\ARM_GCC_493\Debug\RPPSOC-FAT-Chain.a(cyPm.o)
 .debug_aranges
                0x00000428       0x38 .\CortexM3\ARM_GCC_493\Debug\RPPSOC-FAT-Chain.a(I2C_1.o)
 .debug_aranges
                0x00000460       0x20 .\CortexM3\ARM_GCC_493\Debug\RPPSOC-FAT-Chain.a(I2C_1_INT.o)
 .debug_aranges
                0x00000480       0x38 .\CortexM3\ARM_GCC_493\Debug\RPPSOC-FAT-Chain.a(I2C_1_PM.o)
 .debug_aranges
                0x000004b8       0x68 .\CortexM3\ARM_GCC_493\Debug\RPPSOC-FAT-Chain.a(I2C_1_SLAVE.o)
 .debug_aranges
                0x00000520       0x28 .\CortexM3\ARM_GCC_493\Debug\RPPSOC-FAT-Chain.a(Control_Reg_1.o)
 .debug_aranges
                0x00000548       0x80 .\CortexM3\ARM_GCC_493\Debug\RPPSOC-FAT-Chain.a(CyFlash.o)
 .debug_aranges
                0x000005c8       0x78 .\CortexM3\ARM_GCC_493\Debug\RPPSOC-FAT-Chain.a(CySpc.o)

.debug_pubnames
 *(.debug_pubnames)

.debug_info     0x00000000     0x401b
 *(.debug_info .gnu.linkonce.wi.*)
 .debug_info    0x00000000      0x1d5 .\CortexM3\ARM_GCC_493\Debug\main.o
 .debug_info    0x000001d5      0x13a .\CortexM3\ARM_GCC_493\Debug\cymetadata.o
 .debug_info    0x0000030f      0x3a3 .\CortexM3\ARM_GCC_493\Debug\Cm3Start.o
 .debug_info    0x000006b2      0x679 .\CortexM3\ARM_GCC_493\Debug\RPPSOC-FAT-Chain.a(cyfitter_cfg.o)
 .debug_info    0x00000d2b       0x94 .\CortexM3\ARM_GCC_493\Debug\RPPSOC-FAT-Chain.a(CyBootAsmGnu.o)
 .debug_info    0x00000dbf     0x136c .\CortexM3\ARM_GCC_493\Debug\RPPSOC-FAT-Chain.a(CyLib.o)
 .debug_info    0x0000212b      0xa55 .\CortexM3\ARM_GCC_493\Debug\RPPSOC-FAT-Chain.a(cyPm.o)
 .debug_info    0x00002b80      0x2fd .\CortexM3\ARM_GCC_493\Debug\RPPSOC-FAT-Chain.a(I2C_1.o)
 .debug_info    0x00002e7d      0x152 .\CortexM3\ARM_GCC_493\Debug\RPPSOC-FAT-Chain.a(I2C_1_INT.o)
 .debug_info    0x00002fcf      0x1fb .\CortexM3\ARM_GCC_493\Debug\RPPSOC-FAT-Chain.a(I2C_1_PM.o)
 .debug_info    0x000031ca      0x287 .\CortexM3\ARM_GCC_493\Debug\RPPSOC-FAT-Chain.a(I2C_1_SLAVE.o)
 .debug_info    0x00003451       0xd5 .\CortexM3\ARM_GCC_493\Debug\RPPSOC-FAT-Chain.a(Control_Reg_1.o)
 .debug_info    0x00003526      0x608 .\CortexM3\ARM_GCC_493\Debug\RPPSOC-FAT-Chain.a(CyFlash.o)
 .debug_info    0x00003b2e      0x4ed .\CortexM3\ARM_GCC_493\Debug\RPPSOC-FAT-Chain.a(CySpc.o)

.debug_abbrev   0x00000000     0x12ce
 *(.debug_abbrev)
 .debug_abbrev  0x00000000      0x120 .\CortexM3\ARM_GCC_493\Debug\main.o
 .debug_abbrev  0x00000120       0x66 .\CortexM3\ARM_GCC_493\Debug\cymetadata.o
 .debug_abbrev  0x00000186      0x20f .\CortexM3\ARM_GCC_493\Debug\Cm3Start.o
 .debug_abbrev  0x00000395      0x212 .\CortexM3\ARM_GCC_493\Debug\RPPSOC-FAT-Chain.a(cyfitter_cfg.o)
 .debug_abbrev  0x000005a7       0x14 .\CortexM3\ARM_GCC_493\Debug\RPPSOC-FAT-Chain.a(CyBootAsmGnu.o)
 .debug_abbrev  0x000005bb      0x296 .\CortexM3\ARM_GCC_493\Debug\RPPSOC-FAT-Chain.a(CyLib.o)
 .debug_abbrev  0x00000851      0x1fa .\CortexM3\ARM_GCC_493\Debug\RPPSOC-FAT-Chain.a(cyPm.o)
 .debug_abbrev  0x00000a4b      0x15c .\CortexM3\ARM_GCC_493\Debug\RPPSOC-FAT-Chain.a(I2C_1.o)
 .debug_abbrev  0x00000ba7       0xbd .\CortexM3\ARM_GCC_493\Debug\RPPSOC-FAT-Chain.a(I2C_1_INT.o)
 .debug_abbrev  0x00000c64      0x12b .\CortexM3\ARM_GCC_493\Debug\RPPSOC-FAT-Chain.a(I2C_1_PM.o)
 .debug_abbrev  0x00000d8f      0x105 .\CortexM3\ARM_GCC_493\Debug\RPPSOC-FAT-Chain.a(I2C_1_SLAVE.o)
 .debug_abbrev  0x00000e94       0x8e .\CortexM3\ARM_GCC_493\Debug\RPPSOC-FAT-Chain.a(Control_Reg_1.o)
 .debug_abbrev  0x00000f22      0x1de .\CortexM3\ARM_GCC_493\Debug\RPPSOC-FAT-Chain.a(CyFlash.o)
 .debug_abbrev  0x00001100      0x1ce .\CortexM3\ARM_GCC_493\Debug\RPPSOC-FAT-Chain.a(CySpc.o)

.debug_line     0x00000000     0x1a2a
 *(.debug_line)
 .debug_line    0x00000000      0x19a .\CortexM3\ARM_GCC_493\Debug\main.o
 .debug_line    0x0000019a       0x53 .\CortexM3\ARM_GCC_493\Debug\cymetadata.o
 .debug_line    0x000001ed      0x249 .\CortexM3\ARM_GCC_493\Debug\Cm3Start.o
 .debug_line    0x00000436      0x200 .\CortexM3\ARM_GCC_493\Debug\RPPSOC-FAT-Chain.a(cyfitter_cfg.o)
 .debug_line    0x00000636       0x68 .\CortexM3\ARM_GCC_493\Debug\RPPSOC-FAT-Chain.a(CyBootAsmGnu.o)
 .debug_line    0x0000069e      0x806 .\CortexM3\ARM_GCC_493\Debug\RPPSOC-FAT-Chain.a(CyLib.o)
 .debug_line    0x00000ea4      0x366 .\CortexM3\ARM_GCC_493\Debug\RPPSOC-FAT-Chain.a(cyPm.o)
 .debug_line    0x0000120a       0xe2 .\CortexM3\ARM_GCC_493\Debug\RPPSOC-FAT-Chain.a(I2C_1.o)
 .debug_line    0x000012ec       0xca .\CortexM3\ARM_GCC_493\Debug\RPPSOC-FAT-Chain.a(I2C_1_INT.o)
 .debug_line    0x000013b6       0xc1 .\CortexM3\ARM_GCC_493\Debug\RPPSOC-FAT-Chain.a(I2C_1_PM.o)
 .debug_line    0x00001477      0x112 .\CortexM3\ARM_GCC_493\Debug\RPPSOC-FAT-Chain.a(I2C_1_SLAVE.o)
 .debug_line    0x00001589       0x77 .\CortexM3\ARM_GCC_493\Debug\RPPSOC-FAT-Chain.a(Control_Reg_1.o)
 .debug_line    0x00001600      0x1ec .\CortexM3\ARM_GCC_493\Debug\RPPSOC-FAT-Chain.a(CyFlash.o)
 .debug_line    0x000017ec      0x23e .\CortexM3\ARM_GCC_493\Debug\RPPSOC-FAT-Chain.a(CySpc.o)

.debug_frame    0x00000000     0x1080
 *(.debug_frame)
 .debug_frame   0x00000000       0x2c .\CortexM3\ARM_GCC_493\Debug\main.o
 .debug_frame   0x0000002c       0xac .\CortexM3\ARM_GCC_493\Debug\Cm3Start.o
 .debug_frame   0x000000d8       0xe4 .\CortexM3\ARM_GCC_493\Debug\RPPSOC-FAT-Chain.a(cyfitter_cfg.o)
 .debug_frame   0x000001bc      0x728 .\CortexM3\ARM_GCC_493\Debug\RPPSOC-FAT-Chain.a(CyLib.o)
 .debug_frame   0x000008e4      0x1f8 .\CortexM3\ARM_GCC_493\Debug\RPPSOC-FAT-Chain.a(cyPm.o)
 .debug_frame   0x00000adc       0x94 .\CortexM3\ARM_GCC_493\Debug\RPPSOC-FAT-Chain.a(I2C_1.o)
 .debug_frame   0x00000b70       0x2c .\CortexM3\ARM_GCC_493\Debug\RPPSOC-FAT-Chain.a(I2C_1_INT.o)
 .debug_frame   0x00000b9c       0x74 .\CortexM3\ARM_GCC_493\Debug\RPPSOC-FAT-Chain.a(I2C_1_PM.o)
 .debug_frame   0x00000c10       0xb0 .\CortexM3\ARM_GCC_493\Debug\RPPSOC-FAT-Chain.a(I2C_1_SLAVE.o)
 .debug_frame   0x00000cc0       0x30 .\CortexM3\ARM_GCC_493\Debug\RPPSOC-FAT-Chain.a(Control_Reg_1.o)
 .debug_frame   0x00000cf0      0x174 .\CortexM3\ARM_GCC_493\Debug\RPPSOC-FAT-Chain.a(CyFlash.o)
 .debug_frame   0x00000e64      0x160 .\CortexM3\ARM_GCC_493\Debug\RPPSOC-FAT-Chain.a(CySpc.o)
 .debug_frame   0x00000fc4       0x20 c:/program files (x86)/cypress/psoc creator/3.3/psoc creator/import/gnu/arm/4.9.3/bin/../lib/gcc/arm-none-eabi/4.9.3/../../../../arm-none-eabi/lib/armv7-m\libg_nano.a(lib_a-errno.o)
 .debug_frame   0x00000fe4       0x28 c:/program files (x86)/cypress/psoc creator/3.3/psoc creator/import/gnu/arm/4.9.3/bin/../lib/gcc/arm-none-eabi/4.9.3/../../../../arm-none-eabi/lib/armv7-m\libg_nano.a(lib_a-exit.o)
 .debug_frame   0x0000100c       0x2c c:/program files (x86)/cypress/psoc creator/3.3/psoc creator/import/gnu/arm/4.9.3/bin/../lib/gcc/arm-none-eabi/4.9.3/../../../../arm-none-eabi/lib/armv7-m\libg_nano.a(lib_a-init.o)
 .debug_frame   0x00001038       0x28 c:/program files (x86)/cypress/psoc creator/3.3/psoc creator/import/gnu/arm/4.9.3/bin/../lib/gcc/arm-none-eabi/4.9.3/../../../../arm-none-eabi/lib/armv7-m\libg_nano.a(lib_a-memcpy.o)
 .debug_frame   0x00001060       0x20 c:/program files (x86)/cypress/psoc creator/3.3/psoc creator/import/gnu/arm/4.9.3/bin/../lib/gcc/arm-none-eabi/4.9.3/../../../../arm-none-eabi/lib/armv7-m\libg_nano.a(lib_a-memset.o)

.debug_str      0x00000000     0x162a
 *(.debug_str)
 .debug_str     0x00000000      0x21c .\CortexM3\ARM_GCC_493\Debug\main.o
                                0x25d (size before relaxing)
 .debug_str     0x0000021c       0x77 .\CortexM3\ARM_GCC_493\Debug\cymetadata.o
                                0x1ee (size before relaxing)
 .debug_str     0x00000293      0x165 .\CortexM3\ARM_GCC_493\Debug\Cm3Start.o
                                0x302 (size before relaxing)
 .debug_str     0x000003f8      0x192 .\CortexM3\ARM_GCC_493\Debug\RPPSOC-FAT-Chain.a(cyfitter_cfg.o)
                                0x33c (size before relaxing)
 .debug_str     0x0000058a      0x838 .\CortexM3\ARM_GCC_493\Debug\RPPSOC-FAT-Chain.a(CyLib.o)
                                0xa27 (size before relaxing)
 .debug_str     0x00000dc2      0x35b .\CortexM3\ARM_GCC_493\Debug\RPPSOC-FAT-Chain.a(cyPm.o)
                                0x71f (size before relaxing)
 .debug_str     0x0000111d      0x101 .\CortexM3\ARM_GCC_493\Debug\RPPSOC-FAT-Chain.a(I2C_1.o)
                                0x30e (size before relaxing)
 .debug_str     0x0000121e       0x81 .\CortexM3\ARM_GCC_493\Debug\RPPSOC-FAT-Chain.a(I2C_1_INT.o)
                                0x245 (size before relaxing)
 .debug_str     0x0000129f       0x62 .\CortexM3\ARM_GCC_493\Debug\RPPSOC-FAT-Chain.a(I2C_1_PM.o)
                                0x287 (size before relaxing)
 .debug_str     0x00001301       0x99 .\CortexM3\ARM_GCC_493\Debug\RPPSOC-FAT-Chain.a(I2C_1_SLAVE.o)
                                0x342 (size before relaxing)
 .debug_str     0x0000139a       0x44 .\CortexM3\ARM_GCC_493\Debug\RPPSOC-FAT-Chain.a(Control_Reg_1.o)
                                0x1cb (size before relaxing)
 .debug_str     0x000013de      0x19e .\CortexM3\ARM_GCC_493\Debug\RPPSOC-FAT-Chain.a(CyFlash.o)
                                0x399 (size before relaxing)
 .debug_str     0x0000157c       0xae .\CortexM3\ARM_GCC_493\Debug\RPPSOC-FAT-Chain.a(CySpc.o)
                                0x322 (size before relaxing)

.debug_loc      0x00000000     0x1ad8
 *(.debug_loc)
 .debug_loc     0x00000000       0x1f .\CortexM3\ARM_GCC_493\Debug\main.o
 .debug_loc     0x0000001f      0x144 .\CortexM3\ARM_GCC_493\Debug\Cm3Start.o
 .debug_loc     0x00000163      0x259 .\CortexM3\ARM_GCC_493\Debug\RPPSOC-FAT-Chain.a(cyfitter_cfg.o)
 .debug_loc     0x000003bc      0xa11 .\CortexM3\ARM_GCC_493\Debug\RPPSOC-FAT-Chain.a(CyLib.o)
 .debug_loc     0x00000dcd      0x1e4 .\CortexM3\ARM_GCC_493\Debug\RPPSOC-FAT-Chain.a(cyPm.o)
 .debug_loc     0x00000fb1       0x39 .\CortexM3\ARM_GCC_493\Debug\RPPSOC-FAT-Chain.a(I2C_1.o)
 .debug_loc     0x00000fea       0x68 .\CortexM3\ARM_GCC_493\Debug\RPPSOC-FAT-Chain.a(I2C_1_INT.o)
 .debug_loc     0x00001052       0x13 .\CortexM3\ARM_GCC_493\Debug\RPPSOC-FAT-Chain.a(I2C_1_PM.o)
 .debug_loc     0x00001065      0x126 .\CortexM3\ARM_GCC_493\Debug\RPPSOC-FAT-Chain.a(I2C_1_SLAVE.o)
 .debug_loc     0x0000118b      0x300 .\CortexM3\ARM_GCC_493\Debug\RPPSOC-FAT-Chain.a(CyFlash.o)
 .debug_loc     0x0000148b      0x64d .\CortexM3\ARM_GCC_493\Debug\RPPSOC-FAT-Chain.a(CySpc.o)

.debug_macinfo
 *(.debug_macinfo)

.debug_ranges   0x00000000      0x548
 *(.debug_ranges)
 .debug_ranges  0x00000000       0x10 .\CortexM3\ARM_GCC_493\Debug\main.o
 .debug_ranges  0x00000010       0x38 .\CortexM3\ARM_GCC_493\Debug\Cm3Start.o
 .debug_ranges  0x00000048       0x48 .\CortexM3\ARM_GCC_493\Debug\RPPSOC-FAT-Chain.a(cyfitter_cfg.o)
 .debug_ranges  0x00000090      0x288 .\CortexM3\ARM_GCC_493\Debug\RPPSOC-FAT-Chain.a(CyLib.o)
 .debug_ranges  0x00000318       0x88 .\CortexM3\ARM_GCC_493\Debug\RPPSOC-FAT-Chain.a(cyPm.o)
 .debug_ranges  0x000003a0       0x28 .\CortexM3\ARM_GCC_493\Debug\RPPSOC-FAT-Chain.a(I2C_1.o)
 .debug_ranges  0x000003c8       0x10 .\CortexM3\ARM_GCC_493\Debug\RPPSOC-FAT-Chain.a(I2C_1_INT.o)
 .debug_ranges  0x000003d8       0x28 .\CortexM3\ARM_GCC_493\Debug\RPPSOC-FAT-Chain.a(I2C_1_PM.o)
 .debug_ranges  0x00000400       0x58 .\CortexM3\ARM_GCC_493\Debug\RPPSOC-FAT-Chain.a(I2C_1_SLAVE.o)
 .debug_ranges  0x00000458       0x18 .\CortexM3\ARM_GCC_493\Debug\RPPSOC-FAT-Chain.a(Control_Reg_1.o)
 .debug_ranges  0x00000470       0x70 .\CortexM3\ARM_GCC_493\Debug\RPPSOC-FAT-Chain.a(CyFlash.o)
 .debug_ranges  0x000004e0       0x68 .\CortexM3\ARM_GCC_493\Debug\RPPSOC-FAT-Chain.a(CySpc.o)

.comment        0x00000000       0x70
 .comment       0x00000000       0x70 .\CortexM3\ARM_GCC_493\Debug\main.o
                                 0x71 (size before relaxing)
 .comment       0x00000000       0x71 .\CortexM3\ARM_GCC_493\Debug\cymetadata.o
 .comment       0x00000000       0x71 .\CortexM3\ARM_GCC_493\Debug\Cm3Start.o
 .comment       0x00000000       0x71 .\CortexM3\ARM_GCC_493\Debug\RPPSOC-FAT-Chain.a(cyfitter_cfg.o)
 .comment       0x00000000       0x71 .\CortexM3\ARM_GCC_493\Debug\RPPSOC-FAT-Chain.a(CyLib.o)
 .comment       0x00000000       0x71 .\CortexM3\ARM_GCC_493\Debug\RPPSOC-FAT-Chain.a(cyPm.o)
 .comment       0x00000000       0x71 .\CortexM3\ARM_GCC_493\Debug\RPPSOC-FAT-Chain.a(I2C_1.o)
 .comment       0x00000000       0x71 .\CortexM3\ARM_GCC_493\Debug\RPPSOC-FAT-Chain.a(I2C_1_INT.o)
 .comment       0x00000000       0x71 .\CortexM3\ARM_GCC_493\Debug\RPPSOC-FAT-Chain.a(I2C_1_PM.o)
 .comment       0x00000000       0x71 .\CortexM3\ARM_GCC_493\Debug\RPPSOC-FAT-Chain.a(I2C_1_SLAVE.o)
 .comment       0x00000000       0x71 .\CortexM3\ARM_GCC_493\Debug\RPPSOC-FAT-Chain.a(Control_Reg_1.o)
 .comment       0x00000000       0x71 .\CortexM3\ARM_GCC_493\Debug\RPPSOC-FAT-Chain.a(CyFlash.o)
 .comment       0x00000000       0x71 .\CortexM3\ARM_GCC_493\Debug\RPPSOC-FAT-Chain.a(CySpc.o)

.debug_weaknames
 *(.debug_weaknames)

.debug_funcnames
 *(.debug_funcnames)

.debug_typenames
 *(.debug_typenames)

.debug_varnames
 *(.debug_varnames)

.note.gnu.arm.ident
 *(.note.gnu.arm.ident)

.ARM.attributes
                0x00000000       0x29
 *(.ARM.attributes)
 .ARM.attributes
                0x00000000       0x1d c:/program files (x86)/cypress/psoc creator/3.3/psoc creator/import/gnu/arm/4.9.3/bin/../lib/gcc/arm-none-eabi/4.9.3/armv7-m/crti.o
 .ARM.attributes
                0x0000001d       0x2d c:/program files (x86)/cypress/psoc creator/3.3/psoc creator/import/gnu/arm/4.9.3/bin/../lib/gcc/arm-none-eabi/4.9.3/armv7-m/crtbegin.o
 .ARM.attributes
                0x0000004a       0x1b c:/program files (x86)/cypress/psoc creator/3.3/psoc creator/import/gnu/arm/4.9.3/bin/../lib/gcc/arm-none-eabi/4.9.3/../../../../arm-none-eabi/lib/armv7-m/crt0.o
 .ARM.attributes
                0x00000065       0x33 .\CortexM3\ARM_GCC_493\Debug\main.o
 .ARM.attributes
                0x00000098       0x33 .\CortexM3\ARM_GCC_493\Debug\cymetadata.o
 .ARM.attributes
                0x000000cb       0x33 .\CortexM3\ARM_GCC_493\Debug\Cm3Start.o
 .ARM.attributes
                0x000000fe       0x33 .\CortexM3\ARM_GCC_493\Debug\RPPSOC-FAT-Chain.a(cyfitter_cfg.o)
 .ARM.attributes
                0x00000131       0x21 .\CortexM3\ARM_GCC_493\Debug\RPPSOC-FAT-Chain.a(CyBootAsmGnu.o)
 .ARM.attributes
                0x00000152       0x33 .\CortexM3\ARM_GCC_493\Debug\RPPSOC-FAT-Chain.a(CyLib.o)
 .ARM.attributes
                0x00000185       0x33 .\CortexM3\ARM_GCC_493\Debug\RPPSOC-FAT-Chain.a(cyPm.o)
 .ARM.attributes
                0x000001b8       0x33 .\CortexM3\ARM_GCC_493\Debug\RPPSOC-FAT-Chain.a(I2C_1.o)
 .ARM.attributes
                0x000001eb       0x33 .\CortexM3\ARM_GCC_493\Debug\RPPSOC-FAT-Chain.a(I2C_1_INT.o)
 .ARM.attributes
                0x0000021e       0x33 .\CortexM3\ARM_GCC_493\Debug\RPPSOC-FAT-Chain.a(I2C_1_PM.o)
 .ARM.attributes
                0x00000251       0x33 .\CortexM3\ARM_GCC_493\Debug\RPPSOC-FAT-Chain.a(I2C_1_SLAVE.o)
 .ARM.attributes
                0x00000284       0x33 .\CortexM3\ARM_GCC_493\Debug\RPPSOC-FAT-Chain.a(Control_Reg_1.o)
 .ARM.attributes
                0x000002b7       0x33 .\CortexM3\ARM_GCC_493\Debug\RPPSOC-FAT-Chain.a(CyFlash.o)
 .ARM.attributes
                0x000002ea       0x33 .\CortexM3\ARM_GCC_493\Debug\RPPSOC-FAT-Chain.a(CySpc.o)
 .ARM.attributes
                0x0000031d       0x2d c:/program files (x86)/cypress/psoc creator/3.3/psoc creator/import/gnu/arm/4.9.3/bin/../lib/gcc/arm-none-eabi/4.9.3/../../../../arm-none-eabi/lib/armv7-m\libg_nano.a(lib_a-errno.o)
 .ARM.attributes
                0x0000034a       0x2d c:/program files (x86)/cypress/psoc creator/3.3/psoc creator/import/gnu/arm/4.9.3/bin/../lib/gcc/arm-none-eabi/4.9.3/../../../../arm-none-eabi/lib/armv7-m\libg_nano.a(lib_a-exit.o)
 .ARM.attributes
                0x00000377       0x2d c:/program files (x86)/cypress/psoc creator/3.3/psoc creator/import/gnu/arm/4.9.3/bin/../lib/gcc/arm-none-eabi/4.9.3/../../../../arm-none-eabi/lib/armv7-m\libg_nano.a(lib_a-impure.o)
 .ARM.attributes
                0x000003a4       0x2d c:/program files (x86)/cypress/psoc creator/3.3/psoc creator/import/gnu/arm/4.9.3/bin/../lib/gcc/arm-none-eabi/4.9.3/../../../../arm-none-eabi/lib/armv7-m\libg_nano.a(lib_a-init.o)
 .ARM.attributes
                0x000003d1       0x2d c:/program files (x86)/cypress/psoc creator/3.3/psoc creator/import/gnu/arm/4.9.3/bin/../lib/gcc/arm-none-eabi/4.9.3/../../../../arm-none-eabi/lib/armv7-m\libg_nano.a(lib_a-memcpy.o)
 .ARM.attributes
                0x000003fe       0x2d c:/program files (x86)/cypress/psoc creator/3.3/psoc creator/import/gnu/arm/4.9.3/bin/../lib/gcc/arm-none-eabi/4.9.3/../../../../arm-none-eabi/lib/armv7-m\libg_nano.a(lib_a-memset.o)
 .ARM.attributes
                0x0000042b       0x2d c:/program files (x86)/cypress/psoc creator/3.3/psoc creator/import/gnu/arm/4.9.3/bin/../lib/gcc/arm-none-eabi/4.9.3/armv7-m/crtend.o
 .ARM.attributes
                0x00000458       0x1d c:/program files (x86)/cypress/psoc creator/3.3/psoc creator/import/gnu/arm/4.9.3/bin/../lib/gcc/arm-none-eabi/4.9.3/armv7-m/crtn.o

/DISCARD/
 *(.note.GNU-stack)
OUTPUT(.\CortexM3\ARM_GCC_493\Debug\RPPSOC-FAT-Chain.elf elf32-littlearm)
